[21:55:11] [tdca-local-opt] report directory prepared: D:\brain\brain_code\02_SSVEP\artifacts\runs\local\tdca-local-opt\20260415\run_20260415_215511_tdca-local-opt
[21:55:11] [tdca-local-opt] compute backend prepared: requested=auto effective=cuda
[21:56:16] [tdca-local-opt] repeat=1/5 candidate=1/40 variant=tdca_like_legacy|win=2|delay=2|n_components=2
[21:56:25] [tdca-local-opt] repeat=1/5 candidate=2/40 variant=tdca_like_legacy|win=2|delay=3|n_components=2
[21:56:34] [tdca-local-opt] repeat=1/5 candidate=3/40 variant=tdca_like_legacy|win=3|delay=2|n_components=2
[21:56:40] [tdca-local-opt] repeat=1/5 candidate=4/40 variant=tdca_like_legacy|win=3|delay=3|n_components=2
[21:56:47] [tdca-local-opt] repeat=1/5 candidate=5/40 variant=tdca_paper_aligned|win=2|delay=2|n_components=2
[21:56:57] [tdca-local-opt] repeat=1/5 candidate=6/40 variant=tdca_paper_aligned|win=2|delay=3|n_components=2
[21:57:07] [tdca-local-opt] repeat=1/5 candidate=7/40 variant=tdca_paper_aligned|win=3|delay=2|n_components=2
[21:57:14] [tdca-local-opt] repeat=1/5 candidate=8/40 variant=tdca_paper_aligned|win=3|delay=3|n_components=2
[21:57:21] [tdca-local-opt] repeat=2/5 candidate=9/40 variant=tdca_like_legacy|win=2|delay=2|n_components=2
[21:57:30] [tdca-local-opt] repeat=2/5 candidate=10/40 variant=tdca_like_legacy|win=2|delay=3|n_components=2
[21:57:39] [tdca-local-opt] repeat=2/5 candidate=11/40 variant=tdca_like_legacy|win=3|delay=2|n_components=2
[21:57:46] [tdca-local-opt] repeat=2/5 candidate=12/40 variant=tdca_like_legacy|win=3|delay=3|n_components=2
[21:57:53] [tdca-local-opt] repeat=2/5 candidate=13/40 variant=tdca_paper_aligned|win=2|delay=2|n_components=2
[21:58:02] [tdca-local-opt] repeat=2/5 candidate=14/40 variant=tdca_paper_aligned|win=2|delay=3|n_components=2
[21:58:12] [tdca-local-opt] repeat=2/5 candidate=15/40 variant=tdca_paper_aligned|win=3|delay=2|n_components=2
[21:58:19] [tdca-local-opt] repeat=2/5 candidate=16/40 variant=tdca_paper_aligned|win=3|delay=3|n_components=2
[21:58:27] [tdca-local-opt] repeat=3/5 candidate=17/40 variant=tdca_like_legacy|win=2|delay=2|n_components=2
[21:58:36] [tdca-local-opt] repeat=3/5 candidate=18/40 variant=tdca_like_legacy|win=2|delay=3|n_components=2
[21:58:45] [tdca-local-opt] repeat=3/5 candidate=19/40 variant=tdca_like_legacy|win=3|delay=2|n_components=2
[21:58:52] [tdca-local-opt] repeat=3/5 candidate=20/40 variant=tdca_like_legacy|win=3|delay=3|n_components=2
[21:58:58] [tdca-local-opt] repeat=3/5 candidate=21/40 variant=tdca_paper_aligned|win=2|delay=2|n_components=2
[21:59:08] [tdca-local-opt] repeat=3/5 candidate=22/40 variant=tdca_paper_aligned|win=2|delay=3|n_components=2
[21:59:17] [tdca-local-opt] repeat=3/5 candidate=23/40 variant=tdca_paper_aligned|win=3|delay=2|n_components=2
[21:59:25] [tdca-local-opt] repeat=3/5 candidate=24/40 variant=tdca_paper_aligned|win=3|delay=3|n_components=2
[21:59:32] [tdca-local-opt] repeat=4/5 candidate=25/40 variant=tdca_like_legacy|win=2|delay=2|n_components=2
[21:59:41] [tdca-local-opt] repeat=4/5 candidate=26/40 variant=tdca_like_legacy|win=2|delay=3|n_components=2
[21:59:50] [tdca-local-opt] repeat=4/5 candidate=27/40 variant=tdca_like_legacy|win=3|delay=2|n_components=2
[21:59:57] [tdca-local-opt] repeat=4/5 candidate=28/40 variant=tdca_like_legacy|win=3|delay=3|n_components=2
[22:00:04] [tdca-local-opt] repeat=4/5 candidate=29/40 variant=tdca_paper_aligned|win=2|delay=2|n_components=2
[22:00:14] [tdca-local-opt] repeat=4/5 candidate=30/40 variant=tdca_paper_aligned|win=2|delay=3|n_components=2
[22:00:23] [tdca-local-opt] repeat=4/5 candidate=31/40 variant=tdca_paper_aligned|win=3|delay=2|n_components=2
[22:00:30] [tdca-local-opt] repeat=4/5 candidate=32/40 variant=tdca_paper_aligned|win=3|delay=3|n_components=2
[22:00:38] [tdca-local-opt] repeat=5/5 candidate=33/40 variant=tdca_like_legacy|win=2|delay=2|n_components=2
[22:00:47] [tdca-local-opt] repeat=5/5 candidate=34/40 variant=tdca_like_legacy|win=2|delay=3|n_components=2
[22:00:56] [tdca-local-opt] repeat=5/5 candidate=35/40 variant=tdca_like_legacy|win=3|delay=2|n_components=2
[22:01:04] [tdca-local-opt] repeat=5/5 candidate=36/40 variant=tdca_like_legacy|win=3|delay=3|n_components=2
[22:01:10] [tdca-local-opt] repeat=5/5 candidate=37/40 variant=tdca_paper_aligned|win=2|delay=2|n_components=2
[22:01:20] [tdca-local-opt] repeat=5/5 candidate=38/40 variant=tdca_paper_aligned|win=2|delay=3|n_components=2
[22:01:30] [tdca-local-opt] repeat=5/5 candidate=39/40 variant=tdca_paper_aligned|win=3|delay=2|n_components=2
[22:01:37] [tdca-local-opt] repeat=5/5 candidate=40/40 variant=tdca_paper_aligned|win=3|delay=3|n_components=2
[22:02:46] [tdca-local-opt] report saved: D:\brain\brain_code\02_SSVEP\artifacts\runs\local\tdca-local-opt\20260415\run_20260415_215511_tdca-local-opt\report.json
