[16:17:52] [tdca-local-opt] report directory prepared: D:\brain\brain_code\02_SSVEP\artifacts\runs\local\tdca-local-opt\20260415\run_20260415_161752_tdca-local-opt
[16:17:53] [tdca-local-opt] compute backend prepared: requested=cpu effective=cpu
[16:18:20] [tdca-local-opt] repeat=1/5 candidate=1/480 variant=tdca_like_legacy|win=2|delay=2|n_components=2
[16:18:23] [tdca-local-opt] repeat=1/5 candidate=2/480 variant=tdca_like_legacy|win=2|delay=2|n_components=3
[16:18:28] [tdca-local-opt] repeat=1/5 candidate=3/480 variant=tdca_like_legacy|win=2|delay=2|n_components=4
[16:18:33] [tdca-local-opt] repeat=1/5 candidate=4/480 variant=tdca_like_legacy|win=2|delay=3|n_components=2
[16:18:36] [tdca-local-opt] repeat=1/5 candidate=5/480 variant=tdca_like_legacy|win=2|delay=3|n_components=3
[16:18:41] [tdca-local-opt] repeat=1/5 candidate=6/480 variant=tdca_like_legacy|win=2|delay=3|n_components=4
[16:18:46] [tdca-local-opt] repeat=1/5 candidate=7/480 variant=tdca_like_legacy|win=2|delay=4|n_components=2
[16:18:49] [tdca-local-opt] repeat=1/5 candidate=8/480 variant=tdca_like_legacy|win=2|delay=4|n_components=3
[16:18:54] [tdca-local-opt] repeat=1/5 candidate=9/480 variant=tdca_like_legacy|win=2|delay=4|n_components=4
[16:18:59] [tdca-local-opt] repeat=1/5 candidate=10/480 variant=tdca_like_legacy|win=2|delay=5|n_components=2
[16:19:03] [tdca-local-opt] repeat=1/5 candidate=11/480 variant=tdca_like_legacy|win=2|delay=5|n_components=3
[16:19:07] [tdca-local-opt] repeat=1/5 candidate=12/480 variant=tdca_like_legacy|win=2|delay=5|n_components=4
[16:19:12] [tdca-local-opt] repeat=1/5 candidate=13/480 variant=tdca_like_legacy|win=2.5|delay=2|n_components=2
[16:19:16] [tdca-local-opt] repeat=1/5 candidate=14/480 variant=tdca_like_legacy|win=2.5|delay=2|n_components=3
[16:19:19] [tdca-local-opt] repeat=1/5 candidate=15/480 variant=tdca_like_legacy|win=2.5|delay=2|n_components=4
[16:19:24] [tdca-local-opt] repeat=1/5 candidate=16/480 variant=tdca_like_legacy|win=2.5|delay=3|n_components=2
[16:19:27] [tdca-local-opt] repeat=1/5 candidate=17/480 variant=tdca_like_legacy|win=2.5|delay=3|n_components=3
[16:19:31] [tdca-local-opt] repeat=1/5 candidate=18/480 variant=tdca_like_legacy|win=2.5|delay=3|n_components=4
[16:19:36] [tdca-local-opt] repeat=1/5 candidate=19/480 variant=tdca_like_legacy|win=2.5|delay=4|n_components=2
[16:19:39] [tdca-local-opt] repeat=1/5 candidate=20/480 variant=tdca_like_legacy|win=2.5|delay=4|n_components=3
[16:19:43] [tdca-local-opt] repeat=1/5 candidate=21/480 variant=tdca_like_legacy|win=2.5|delay=4|n_components=4
[16:19:48] [tdca-local-opt] repeat=1/5 candidate=22/480 variant=tdca_like_legacy|win=2.5|delay=5|n_components=2
[16:19:51] [tdca-local-opt] repeat=1/5 candidate=23/480 variant=tdca_like_legacy|win=2.5|delay=5|n_components=3
[16:19:56] [tdca-local-opt] repeat=1/5 candidate=24/480 variant=tdca_like_legacy|win=2.5|delay=5|n_components=4
[16:20:00] [tdca-local-opt] repeat=1/5 candidate=25/480 variant=tdca_like_legacy|win=3|delay=2|n_components=2
[16:20:03] [tdca-local-opt] repeat=1/5 candidate=26/480 variant=tdca_like_legacy|win=3|delay=2|n_components=3
[16:20:06] [tdca-local-opt] repeat=1/5 candidate=27/480 variant=tdca_like_legacy|win=3|delay=2|n_components=4
[16:20:10] [tdca-local-opt] repeat=1/5 candidate=28/480 variant=tdca_like_legacy|win=3|delay=3|n_components=2
[16:20:13] [tdca-local-opt] repeat=1/5 candidate=29/480 variant=tdca_like_legacy|win=3|delay=3|n_components=3
[16:20:17] [tdca-local-opt] repeat=1/5 candidate=30/480 variant=tdca_like_legacy|win=3|delay=3|n_components=4
[16:20:21] [tdca-local-opt] repeat=1/5 candidate=31/480 variant=tdca_like_legacy|win=3|delay=4|n_components=2
[16:20:23] [tdca-local-opt] repeat=1/5 candidate=32/480 variant=tdca_like_legacy|win=3|delay=4|n_components=3
[16:20:27] [tdca-local-opt] repeat=1/5 candidate=33/480 variant=tdca_like_legacy|win=3|delay=4|n_components=4
[16:20:31] [tdca-local-opt] repeat=1/5 candidate=34/480 variant=tdca_like_legacy|win=3|delay=5|n_components=2
[16:20:34] [tdca-local-opt] repeat=1/5 candidate=35/480 variant=tdca_like_legacy|win=3|delay=5|n_components=3
[16:20:38] [tdca-local-opt] repeat=1/5 candidate=36/480 variant=tdca_like_legacy|win=3|delay=5|n_components=4
[16:20:42] [tdca-local-opt] repeat=1/5 candidate=37/480 variant=tdca_like_legacy|win=3.5|delay=2|n_components=2
[16:20:44] [tdca-local-opt] repeat=1/5 candidate=38/480 variant=tdca_like_legacy|win=3.5|delay=2|n_components=3
[16:20:47] [tdca-local-opt] repeat=1/5 candidate=39/480 variant=tdca_like_legacy|win=3.5|delay=2|n_components=4
[16:20:50] [tdca-local-opt] repeat=1/5 candidate=40/480 variant=tdca_like_legacy|win=3.5|delay=3|n_components=2
[16:20:52] [tdca-local-opt] repeat=1/5 candidate=41/480 variant=tdca_like_legacy|win=3.5|delay=3|n_components=3
[16:20:55] [tdca-local-opt] repeat=1/5 candidate=42/480 variant=tdca_like_legacy|win=3.5|delay=3|n_components=4
[16:20:59] [tdca-local-opt] repeat=1/5 candidate=43/480 variant=tdca_like_legacy|win=3.5|delay=4|n_components=2
[16:21:01] [tdca-local-opt] repeat=1/5 candidate=44/480 variant=tdca_like_legacy|win=3.5|delay=4|n_components=3
[16:21:04] [tdca-local-opt] repeat=1/5 candidate=45/480 variant=tdca_like_legacy|win=3.5|delay=4|n_components=4
[16:21:07] [tdca-local-opt] repeat=1/5 candidate=46/480 variant=tdca_like_legacy|win=3.5|delay=5|n_components=2
[16:21:10] [tdca-local-opt] repeat=1/5 candidate=47/480 variant=tdca_like_legacy|win=3.5|delay=5|n_components=3
[16:21:13] [tdca-local-opt] repeat=1/5 candidate=48/480 variant=tdca_like_legacy|win=3.5|delay=5|n_components=4
[16:21:16] [tdca-local-opt] repeat=1/5 candidate=49/480 variant=tdca_paper_aligned|win=2|delay=2|n_components=2
[16:21:20] [tdca-local-opt] repeat=1/5 candidate=50/480 variant=tdca_paper_aligned|win=2|delay=2|n_components=3
[16:21:25] [tdca-local-opt] repeat=1/5 candidate=51/480 variant=tdca_paper_aligned|win=2|delay=2|n_components=4
[16:21:30] [tdca-local-opt] repeat=1/5 candidate=52/480 variant=tdca_paper_aligned|win=2|delay=3|n_components=2
[16:21:34] [tdca-local-opt] repeat=1/5 candidate=53/480 variant=tdca_paper_aligned|win=2|delay=3|n_components=3
[16:21:39] [tdca-local-opt] repeat=1/5 candidate=54/480 variant=tdca_paper_aligned|win=2|delay=3|n_components=4
[16:21:45] [tdca-local-opt] repeat=1/5 candidate=55/480 variant=tdca_paper_aligned|win=2|delay=4|n_components=2
[16:21:49] [tdca-local-opt] repeat=1/5 candidate=56/480 variant=tdca_paper_aligned|win=2|delay=4|n_components=3
[16:21:54] [tdca-local-opt] repeat=1/5 candidate=57/480 variant=tdca_paper_aligned|win=2|delay=4|n_components=4
[16:22:00] [tdca-local-opt] repeat=1/5 candidate=58/480 variant=tdca_paper_aligned|win=2|delay=5|n_components=2
[16:22:05] [tdca-local-opt] repeat=1/5 candidate=59/480 variant=tdca_paper_aligned|win=2|delay=5|n_components=3
[16:22:10] [tdca-local-opt] repeat=1/5 candidate=60/480 variant=tdca_paper_aligned|win=2|delay=5|n_components=4
[16:22:16] [tdca-local-opt] repeat=1/5 candidate=61/480 variant=tdca_paper_aligned|win=2.5|delay=2|n_components=2
[16:22:19] [tdca-local-opt] repeat=1/5 candidate=62/480 variant=tdca_paper_aligned|win=2.5|delay=2|n_components=3
[16:22:24] [tdca-local-opt] repeat=1/5 candidate=63/480 variant=tdca_paper_aligned|win=2.5|delay=2|n_components=4
[16:22:29] [tdca-local-opt] repeat=1/5 candidate=64/480 variant=tdca_paper_aligned|win=2.5|delay=3|n_components=2
[16:22:33] [tdca-local-opt] repeat=1/5 candidate=65/480 variant=tdca_paper_aligned|win=2.5|delay=3|n_components=3
[16:22:37] [tdca-local-opt] repeat=1/5 candidate=66/480 variant=tdca_paper_aligned|win=2.5|delay=3|n_components=4
[16:22:42] [tdca-local-opt] repeat=1/5 candidate=67/480 variant=tdca_paper_aligned|win=2.5|delay=4|n_components=2
[16:22:46] [tdca-local-opt] repeat=1/5 candidate=68/480 variant=tdca_paper_aligned|win=2.5|delay=4|n_components=3
[16:22:51] [tdca-local-opt] repeat=1/5 candidate=69/480 variant=tdca_paper_aligned|win=2.5|delay=4|n_components=4
[16:22:57] [tdca-local-opt] repeat=1/5 candidate=70/480 variant=tdca_paper_aligned|win=2.5|delay=5|n_components=2
[16:23:01] [tdca-local-opt] repeat=1/5 candidate=71/480 variant=tdca_paper_aligned|win=2.5|delay=5|n_components=3
[16:23:06] [tdca-local-opt] repeat=1/5 candidate=72/480 variant=tdca_paper_aligned|win=2.5|delay=5|n_components=4
[16:23:12] [tdca-local-opt] repeat=1/5 candidate=73/480 variant=tdca_paper_aligned|win=3|delay=2|n_components=2
[16:23:15] [tdca-local-opt] repeat=1/5 candidate=74/480 variant=tdca_paper_aligned|win=3|delay=2|n_components=3
[16:23:19] [tdca-local-opt] repeat=1/5 candidate=75/480 variant=tdca_paper_aligned|win=3|delay=2|n_components=4
[16:23:24] [tdca-local-opt] repeat=1/5 candidate=76/480 variant=tdca_paper_aligned|win=3|delay=3|n_components=2
[16:23:27] [tdca-local-opt] repeat=1/5 candidate=77/480 variant=tdca_paper_aligned|win=3|delay=3|n_components=3
[16:23:31] [tdca-local-opt] repeat=1/5 candidate=78/480 variant=tdca_paper_aligned|win=3|delay=3|n_components=4
[16:23:36] [tdca-local-opt] repeat=1/5 candidate=79/480 variant=tdca_paper_aligned|win=3|delay=4|n_components=2
[16:23:40] [tdca-local-opt] repeat=1/5 candidate=80/480 variant=tdca_paper_aligned|win=3|delay=4|n_components=3
[16:23:44] [tdca-local-opt] repeat=1/5 candidate=81/480 variant=tdca_paper_aligned|win=3|delay=4|n_components=4
[16:23:49] [tdca-local-opt] repeat=1/5 candidate=82/480 variant=tdca_paper_aligned|win=3|delay=5|n_components=2
[16:23:53] [tdca-local-opt] repeat=1/5 candidate=83/480 variant=tdca_paper_aligned|win=3|delay=5|n_components=3
[16:23:58] [tdca-local-opt] repeat=1/5 candidate=84/480 variant=tdca_paper_aligned|win=3|delay=5|n_components=4
[16:24:03] [tdca-local-opt] repeat=1/5 candidate=85/480 variant=tdca_paper_aligned|win=3.5|delay=2|n_components=2
[16:24:05] [tdca-local-opt] repeat=1/5 candidate=86/480 variant=tdca_paper_aligned|win=3.5|delay=2|n_components=3
[16:24:09] [tdca-local-opt] repeat=1/5 candidate=87/480 variant=tdca_paper_aligned|win=3.5|delay=2|n_components=4
[16:24:12] [tdca-local-opt] repeat=1/5 candidate=88/480 variant=tdca_paper_aligned|win=3.5|delay=3|n_components=2
[16:24:15] [tdca-local-opt] repeat=1/5 candidate=89/480 variant=tdca_paper_aligned|win=3.5|delay=3|n_components=3
[16:24:19] [tdca-local-opt] repeat=1/5 candidate=90/480 variant=tdca_paper_aligned|win=3.5|delay=3|n_components=4
[16:24:23] [tdca-local-opt] repeat=1/5 candidate=91/480 variant=tdca_paper_aligned|win=3.5|delay=4|n_components=2
[16:24:26] [tdca-local-opt] repeat=1/5 candidate=92/480 variant=tdca_paper_aligned|win=3.5|delay=4|n_components=3
[16:24:30] [tdca-local-opt] repeat=1/5 candidate=93/480 variant=tdca_paper_aligned|win=3.5|delay=4|n_components=4
[16:24:34] [tdca-local-opt] repeat=1/5 candidate=94/480 variant=tdca_paper_aligned|win=3.5|delay=5|n_components=2
[16:24:38] [tdca-local-opt] repeat=1/5 candidate=95/480 variant=tdca_paper_aligned|win=3.5|delay=5|n_components=3
[16:24:42] [tdca-local-opt] repeat=1/5 candidate=96/480 variant=tdca_paper_aligned|win=3.5|delay=5|n_components=4
[16:24:46] [tdca-local-opt] repeat=2/5 candidate=97/480 variant=tdca_like_legacy|win=2|delay=2|n_components=2
[16:24:50] [tdca-local-opt] repeat=2/5 candidate=98/480 variant=tdca_like_legacy|win=2|delay=2|n_components=3
[16:24:54] [tdca-local-opt] repeat=2/5 candidate=99/480 variant=tdca_like_legacy|win=2|delay=2|n_components=4
[16:25:00] [tdca-local-opt] repeat=2/5 candidate=100/480 variant=tdca_like_legacy|win=2|delay=3|n_components=2
[16:25:04] [tdca-local-opt] repeat=2/5 candidate=101/480 variant=tdca_like_legacy|win=2|delay=3|n_components=3
[16:25:09] [tdca-local-opt] repeat=2/5 candidate=102/480 variant=tdca_like_legacy|win=2|delay=3|n_components=4
[16:25:15] [tdca-local-opt] repeat=2/5 candidate=103/480 variant=tdca_like_legacy|win=2|delay=4|n_components=2
[16:25:19] [tdca-local-opt] repeat=2/5 candidate=104/480 variant=tdca_like_legacy|win=2|delay=4|n_components=3
[16:25:24] [tdca-local-opt] repeat=2/5 candidate=105/480 variant=tdca_like_legacy|win=2|delay=4|n_components=4
[16:25:31] [tdca-local-opt] repeat=2/5 candidate=106/480 variant=tdca_like_legacy|win=2|delay=5|n_components=2
[16:25:35] [tdca-local-opt] repeat=2/5 candidate=107/480 variant=tdca_like_legacy|win=2|delay=5|n_components=3
[16:25:40] [tdca-local-opt] repeat=2/5 candidate=108/480 variant=tdca_like_legacy|win=2|delay=5|n_components=4
[16:25:45] [tdca-local-opt] repeat=2/5 candidate=109/480 variant=tdca_like_legacy|win=2.5|delay=2|n_components=2
[16:25:49] [tdca-local-opt] repeat=2/5 candidate=110/480 variant=tdca_like_legacy|win=2.5|delay=2|n_components=3
[16:25:53] [tdca-local-opt] repeat=2/5 candidate=111/480 variant=tdca_like_legacy|win=2.5|delay=2|n_components=4
[16:25:58] [tdca-local-opt] repeat=2/5 candidate=112/480 variant=tdca_like_legacy|win=2.5|delay=3|n_components=2
[16:26:01] [tdca-local-opt] repeat=2/5 candidate=113/480 variant=tdca_like_legacy|win=2.5|delay=3|n_components=3
[16:26:06] [tdca-local-opt] repeat=2/5 candidate=114/480 variant=tdca_like_legacy|win=2.5|delay=3|n_components=4
[16:26:11] [tdca-local-opt] repeat=2/5 candidate=115/480 variant=tdca_like_legacy|win=2.5|delay=4|n_components=2
[16:26:14] [tdca-local-opt] repeat=2/5 candidate=116/480 variant=tdca_like_legacy|win=2.5|delay=4|n_components=3
[16:26:18] [tdca-local-opt] repeat=2/5 candidate=117/480 variant=tdca_like_legacy|win=2.5|delay=4|n_components=4
[16:26:23] [tdca-local-opt] repeat=2/5 candidate=118/480 variant=tdca_like_legacy|win=2.5|delay=5|n_components=2
[16:26:27] [tdca-local-opt] repeat=2/5 candidate=119/480 variant=tdca_like_legacy|win=2.5|delay=5|n_components=3
[16:26:32] [tdca-local-opt] repeat=2/5 candidate=120/480 variant=tdca_like_legacy|win=2.5|delay=5|n_components=4
[16:26:37] [tdca-local-opt] repeat=2/5 candidate=121/480 variant=tdca_like_legacy|win=3|delay=2|n_components=2
[16:26:40] [tdca-local-opt] repeat=2/5 candidate=122/480 variant=tdca_like_legacy|win=3|delay=2|n_components=3
[16:26:44] [tdca-local-opt] repeat=2/5 candidate=123/480 variant=tdca_like_legacy|win=3|delay=2|n_components=4
[16:26:48] [tdca-local-opt] repeat=2/5 candidate=124/480 variant=tdca_like_legacy|win=3|delay=3|n_components=2
[16:26:51] [tdca-local-opt] repeat=2/5 candidate=125/480 variant=tdca_like_legacy|win=3|delay=3|n_components=3
