[16:05:32] [tdca-local-opt] report directory prepared: D:\brain\brain_code\02_SSVEP\artifacts\runs\local\tdca-local-opt\20260415\run_20260415_160532_tdca-local-opt
[16:05:32] [tdca-local-opt] compute backend prepared: requested=cuda effective=cuda
[16:06:39] [tdca-local-opt] repeat=1/5 candidate=1/480 variant=tdca_like_legacy|win=1.5|delay=2|n_components=2
[16:06:50] [tdca-local-opt] repeat=1/5 candidate=2/480 variant=tdca_like_legacy|win=1.5|delay=2|n_components=3
[16:07:02] [tdca-local-opt] repeat=1/5 candidate=3/480 variant=tdca_like_legacy|win=1.5|delay=2|n_components=4
[16:07:14] [tdca-local-opt] repeat=1/5 candidate=4/480 variant=tdca_like_legacy|win=1.5|delay=3|n_components=2
[16:07:26] [tdca-local-opt] repeat=1/5 candidate=5/480 variant=tdca_like_legacy|win=1.5|delay=3|n_components=3
[16:07:38] [tdca-local-opt] repeat=1/5 candidate=6/480 variant=tdca_like_legacy|win=1.5|delay=3|n_components=4
[16:07:50] [tdca-local-opt] repeat=1/5 candidate=7/480 variant=tdca_like_legacy|win=1.5|delay=4|n_components=2
[16:08:01] [tdca-local-opt] repeat=1/5 candidate=8/480 variant=tdca_like_legacy|win=1.5|delay=4|n_components=3
[16:08:13] [tdca-local-opt] repeat=1/5 candidate=9/480 variant=tdca_like_legacy|win=1.5|delay=4|n_components=4
[16:08:25] [tdca-local-opt] repeat=1/5 candidate=10/480 variant=tdca_like_legacy|win=1.5|delay=5|n_components=2
[16:08:36] [tdca-local-opt] repeat=1/5 candidate=11/480 variant=tdca_like_legacy|win=1.5|delay=5|n_components=3
[16:08:48] [tdca-local-opt] repeat=1/5 candidate=12/480 variant=tdca_like_legacy|win=1.5|delay=5|n_components=4
[16:09:01] [tdca-local-opt] repeat=1/5 candidate=13/480 variant=tdca_like_legacy|win=2|delay=2|n_components=2
[16:09:11] [tdca-local-opt] repeat=1/5 candidate=14/480 variant=tdca_like_legacy|win=2|delay=2|n_components=3
[16:09:21] [tdca-local-opt] repeat=1/5 candidate=15/480 variant=tdca_like_legacy|win=2|delay=2|n_components=4
[16:09:32] [tdca-local-opt] repeat=1/5 candidate=16/480 variant=tdca_like_legacy|win=2|delay=3|n_components=2
[16:09:42] [tdca-local-opt] repeat=1/5 candidate=17/480 variant=tdca_like_legacy|win=2|delay=3|n_components=3
[16:09:52] [tdca-local-opt] repeat=1/5 candidate=18/480 variant=tdca_like_legacy|win=2|delay=3|n_components=4
[16:10:04] [tdca-local-opt] repeat=1/5 candidate=19/480 variant=tdca_like_legacy|win=2|delay=4|n_components=2
[16:10:13] [tdca-local-opt] repeat=1/5 candidate=20/480 variant=tdca_like_legacy|win=2|delay=4|n_components=3
[16:10:24] [tdca-local-opt] repeat=1/5 candidate=21/480 variant=tdca_like_legacy|win=2|delay=4|n_components=4
[16:10:36] [tdca-local-opt] repeat=1/5 candidate=22/480 variant=tdca_like_legacy|win=2|delay=5|n_components=2
[16:10:46] [tdca-local-opt] repeat=1/5 candidate=23/480 variant=tdca_like_legacy|win=2|delay=5|n_components=3
[16:10:57] [tdca-local-opt] repeat=1/5 candidate=24/480 variant=tdca_like_legacy|win=2|delay=5|n_components=4
[16:11:09] [tdca-local-opt] repeat=1/5 candidate=25/480 variant=tdca_like_legacy|win=2.5|delay=2|n_components=2
[16:11:17] [tdca-local-opt] repeat=1/5 candidate=26/480 variant=tdca_like_legacy|win=2.5|delay=2|n_components=3
[16:11:26] [tdca-local-opt] repeat=1/5 candidate=27/480 variant=tdca_like_legacy|win=2.5|delay=2|n_components=4
[16:11:36] [tdca-local-opt] repeat=1/5 candidate=28/480 variant=tdca_like_legacy|win=2.5|delay=3|n_components=2
[16:11:45] [tdca-local-opt] repeat=1/5 candidate=29/480 variant=tdca_like_legacy|win=2.5|delay=3|n_components=3
[16:11:54] [tdca-local-opt] repeat=1/5 candidate=30/480 variant=tdca_like_legacy|win=2.5|delay=3|n_components=4
[16:12:04] [tdca-local-opt] repeat=1/5 candidate=31/480 variant=tdca_like_legacy|win=2.5|delay=4|n_components=2
[16:12:13] [tdca-local-opt] repeat=1/5 candidate=32/480 variant=tdca_like_legacy|win=2.5|delay=4|n_components=3
[16:12:22] [tdca-local-opt] repeat=1/5 candidate=33/480 variant=tdca_like_legacy|win=2.5|delay=4|n_components=4
[16:12:32] [tdca-local-opt] repeat=1/5 candidate=34/480 variant=tdca_like_legacy|win=2.5|delay=5|n_components=2
[16:12:41] [tdca-local-opt] repeat=1/5 candidate=35/480 variant=tdca_like_legacy|win=2.5|delay=5|n_components=3
[16:12:51] [tdca-local-opt] repeat=1/5 candidate=36/480 variant=tdca_like_legacy|win=2.5|delay=5|n_components=4
[16:13:00] [tdca-local-opt] repeat=1/5 candidate=37/480 variant=tdca_like_legacy|win=3|delay=2|n_components=2
[16:13:07] [tdca-local-opt] repeat=1/5 candidate=38/480 variant=tdca_like_legacy|win=3|delay=2|n_components=3
[16:13:15] [tdca-local-opt] repeat=1/5 candidate=39/480 variant=tdca_like_legacy|win=3|delay=2|n_components=4
[16:13:23] [tdca-local-opt] repeat=1/5 candidate=40/480 variant=tdca_like_legacy|win=3|delay=3|n_components=2
[16:13:31] [tdca-local-opt] repeat=1/5 candidate=41/480 variant=tdca_like_legacy|win=3|delay=3|n_components=3
[16:13:38] [tdca-local-opt] repeat=1/5 candidate=42/480 variant=tdca_like_legacy|win=3|delay=3|n_components=4
[16:13:47] [tdca-local-opt] repeat=1/5 candidate=43/480 variant=tdca_like_legacy|win=3|delay=4|n_components=2
[16:13:54] [tdca-local-opt] repeat=1/5 candidate=44/480 variant=tdca_like_legacy|win=3|delay=4|n_components=3
[16:14:02] [tdca-local-opt] repeat=1/5 candidate=45/480 variant=tdca_like_legacy|win=3|delay=4|n_components=4
[16:14:10] [tdca-local-opt] repeat=1/5 candidate=46/480 variant=tdca_like_legacy|win=3|delay=5|n_components=2
[16:14:18] [tdca-local-opt] repeat=1/5 candidate=47/480 variant=tdca_like_legacy|win=3|delay=5|n_components=3
[16:14:26] [tdca-local-opt] repeat=1/5 candidate=48/480 variant=tdca_like_legacy|win=3|delay=5|n_components=4
[16:14:35] [tdca-local-opt] repeat=1/5 candidate=49/480 variant=tdca_paper_aligned|win=1.5|delay=2|n_components=2
[16:14:45] [tdca-local-opt] repeat=1/5 candidate=50/480 variant=tdca_paper_aligned|win=1.5|delay=2|n_components=3
[16:14:58] [tdca-local-opt] repeat=1/5 candidate=51/480 variant=tdca_paper_aligned|win=1.5|delay=2|n_components=4
[16:15:11] [tdca-local-opt] repeat=1/5 candidate=52/480 variant=tdca_paper_aligned|win=1.5|delay=3|n_components=2
[16:15:22] [tdca-local-opt] repeat=1/5 candidate=53/480 variant=tdca_paper_aligned|win=1.5|delay=3|n_components=3
[16:15:35] [tdca-local-opt] repeat=1/5 candidate=54/480 variant=tdca_paper_aligned|win=1.5|delay=3|n_components=4
[16:15:48] [tdca-local-opt] repeat=1/5 candidate=55/480 variant=tdca_paper_aligned|win=1.5|delay=4|n_components=2
[16:15:59] [tdca-local-opt] repeat=1/5 candidate=56/480 variant=tdca_paper_aligned|win=1.5|delay=4|n_components=3
[16:16:12] [tdca-local-opt] repeat=1/5 candidate=57/480 variant=tdca_paper_aligned|win=1.5|delay=4|n_components=4
