[23:30:22] [tdca-local-opt] report directory prepared: D:\brain\brain_code\02_SSVEP\artifacts\runs\tdca-local-opt\20260415\run_20260415_233022_tdca-local-opt
[23:30:22] [tdca-local-opt] compute backend prepared: requested=auto effective=cuda
[23:31:28] [tdca-local-opt] repeat=1/5 candidate=1/65 variant=tdca_like_legacy|win=2|delay=2|n_components=2
[23:31:38] [tdca-local-opt] repeat=1/5 candidate=2/65 variant=tdca_like_legacy|win=2|delay=3|n_components=2
[23:31:47] [tdca-local-opt] repeat=1/5 candidate=3/65 variant=tdca_like_legacy|win=2|delay=4|n_components=2
[23:31:57] [tdca-local-opt] repeat=1/5 candidate=4/65 variant=tdca_like_legacy|win=2.5|delay=2|n_components=2
[23:32:05] [tdca-local-opt] repeat=1/5 candidate=5/65 variant=tdca_like_legacy|win=2.5|delay=3|n_components=2
[23:32:14] [tdca-local-opt] repeat=1/5 candidate=6/65 variant=tdca_like_legacy|win=2.5|delay=4|n_components=2
[23:32:22] [tdca-local-opt] repeat=1/5 candidate=7/65 variant=tdca_like_legacy|win=3|delay=2|n_components=2
[23:32:29] [tdca-local-opt] repeat=1/5 candidate=8/65 variant=tdca_like_legacy|win=3|delay=3|n_components=2
[23:32:36] [tdca-local-opt] repeat=1/5 candidate=9/65 variant=tdca_like_legacy|win=3|delay=4|n_components=2
[23:32:43] [tdca-local-opt] repeat=1/5 candidate=10/65 variant=tdca_paper_aligned|win=3|delay=3|n_components=2
[23:32:51] [tdca-local-opt] repeat=1/5 candidate=11/65 variant=tdca_paper_aligned|win=3|delay=4|n_components=2
[23:33:00] [tdca-local-opt] repeat=1/5 candidate=12/65 variant=tdca_paper_aligned|win=3.5|delay=3|n_components=2
[23:33:06] [tdca-local-opt] repeat=1/5 candidate=13/65 variant=tdca_paper_aligned|win=3.5|delay=4|n_components=2
[23:33:13] [tdca-local-opt] repeat=2/5 candidate=14/65 variant=tdca_like_legacy|win=2|delay=2|n_components=2
[23:33:23] [tdca-local-opt] repeat=2/5 candidate=15/65 variant=tdca_like_legacy|win=2|delay=3|n_components=2
[23:33:32] [tdca-local-opt] repeat=2/5 candidate=16/65 variant=tdca_like_legacy|win=2|delay=4|n_components=2
[23:33:42] [tdca-local-opt] repeat=2/5 candidate=17/65 variant=tdca_like_legacy|win=2.5|delay=2|n_components=2
[23:33:49] [tdca-local-opt] repeat=2/5 candidate=18/65 variant=tdca_like_legacy|win=2.5|delay=3|n_components=2
[23:33:58] [tdca-local-opt] repeat=2/5 candidate=19/65 variant=tdca_like_legacy|win=2.5|delay=4|n_components=2
[23:34:06] [tdca-local-opt] repeat=2/5 candidate=20/65 variant=tdca_like_legacy|win=3|delay=2|n_components=2
[23:34:13] [tdca-local-opt] repeat=2/5 candidate=21/65 variant=tdca_like_legacy|win=3|delay=3|n_components=2
[23:34:20] [tdca-local-opt] repeat=2/5 candidate=22/65 variant=tdca_like_legacy|win=3|delay=4|n_components=2
[23:34:28] [tdca-local-opt] repeat=2/5 candidate=23/65 variant=tdca_paper_aligned|win=3|delay=3|n_components=2
[23:34:36] [tdca-local-opt] repeat=2/5 candidate=24/65 variant=tdca_paper_aligned|win=3|delay=4|n_components=2
[23:34:45] [tdca-local-opt] repeat=2/5 candidate=25/65 variant=tdca_paper_aligned|win=3.5|delay=3|n_components=2
[23:34:52] [tdca-local-opt] repeat=2/5 candidate=26/65 variant=tdca_paper_aligned|win=3.5|delay=4|n_components=2
[23:34:59] [tdca-local-opt] repeat=3/5 candidate=27/65 variant=tdca_like_legacy|win=2|delay=2|n_components=2
[23:35:08] [tdca-local-opt] repeat=3/5 candidate=28/65 variant=tdca_like_legacy|win=2|delay=3|n_components=2
[23:35:18] [tdca-local-opt] repeat=3/5 candidate=29/65 variant=tdca_like_legacy|win=2|delay=4|n_components=2
[23:35:28] [tdca-local-opt] repeat=3/5 candidate=30/65 variant=tdca_like_legacy|win=2.5|delay=2|n_components=2
[23:35:36] [tdca-local-opt] repeat=3/5 candidate=31/65 variant=tdca_like_legacy|win=2.5|delay=3|n_components=2
[23:35:44] [tdca-local-opt] repeat=3/5 candidate=32/65 variant=tdca_like_legacy|win=2.5|delay=4|n_components=2
[23:35:53] [tdca-local-opt] repeat=3/5 candidate=33/65 variant=tdca_like_legacy|win=3|delay=2|n_components=2
[23:36:00] [tdca-local-opt] repeat=3/5 candidate=34/65 variant=tdca_like_legacy|win=3|delay=3|n_components=2
[23:36:06] [tdca-local-opt] repeat=3/5 candidate=35/65 variant=tdca_like_legacy|win=3|delay=4|n_components=2
[23:36:12] [tdca-local-opt] repeat=3/5 candidate=36/65 variant=tdca_paper_aligned|win=3|delay=3|n_components=2
[23:36:21] [tdca-local-opt] repeat=3/5 candidate=37/65 variant=tdca_paper_aligned|win=3|delay=4|n_components=2
[23:36:31] [tdca-local-opt] repeat=3/5 candidate=38/65 variant=tdca_paper_aligned|win=3.5|delay=3|n_components=2
[23:36:38] [tdca-local-opt] repeat=3/5 candidate=39/65 variant=tdca_paper_aligned|win=3.5|delay=4|n_components=2
[23:36:45] [tdca-local-opt] repeat=4/5 candidate=40/65 variant=tdca_like_legacy|win=2|delay=2|n_components=2
[23:36:55] [tdca-local-opt] repeat=4/5 candidate=41/65 variant=tdca_like_legacy|win=2|delay=3|n_components=2
[23:37:05] [tdca-local-opt] repeat=4/5 candidate=42/65 variant=tdca_like_legacy|win=2|delay=4|n_components=2
[23:37:14] [tdca-local-opt] repeat=4/5 candidate=43/65 variant=tdca_like_legacy|win=2.5|delay=2|n_components=2
[23:37:23] [tdca-local-opt] repeat=4/5 candidate=44/65 variant=tdca_like_legacy|win=2.5|delay=3|n_components=2
[23:37:31] [tdca-local-opt] repeat=4/5 candidate=45/65 variant=tdca_like_legacy|win=2.5|delay=4|n_components=2
[23:37:40] [tdca-local-opt] repeat=4/5 candidate=46/65 variant=tdca_like_legacy|win=3|delay=2|n_components=2
[23:37:47] [tdca-local-opt] repeat=4/5 candidate=47/65 variant=tdca_like_legacy|win=3|delay=3|n_components=2
[23:37:54] [tdca-local-opt] repeat=4/5 candidate=48/65 variant=tdca_like_legacy|win=3|delay=4|n_components=2
[23:38:01] [tdca-local-opt] repeat=4/5 candidate=49/65 variant=tdca_paper_aligned|win=3|delay=3|n_components=2
[23:38:10] [tdca-local-opt] repeat=4/5 candidate=50/65 variant=tdca_paper_aligned|win=3|delay=4|n_components=2
[23:38:19] [tdca-local-opt] repeat=4/5 candidate=51/65 variant=tdca_paper_aligned|win=3.5|delay=3|n_components=2
[23:38:25] [tdca-local-opt] repeat=4/5 candidate=52/65 variant=tdca_paper_aligned|win=3.5|delay=4|n_components=2
[23:38:32] [tdca-local-opt] repeat=5/5 candidate=53/65 variant=tdca_like_legacy|win=2|delay=2|n_components=2
[23:38:42] [tdca-local-opt] repeat=5/5 candidate=54/65 variant=tdca_like_legacy|win=2|delay=3|n_components=2
[23:38:51] [tdca-local-opt] repeat=5/5 candidate=55/65 variant=tdca_like_legacy|win=2|delay=4|n_components=2
[23:39:01] [tdca-local-opt] repeat=5/5 candidate=56/65 variant=tdca_like_legacy|win=2.5|delay=2|n_components=2
[23:39:10] [tdca-local-opt] repeat=5/5 candidate=57/65 variant=tdca_like_legacy|win=2.5|delay=3|n_components=2
[23:39:18] [tdca-local-opt] repeat=5/5 candidate=58/65 variant=tdca_like_legacy|win=2.5|delay=4|n_components=2
[23:39:27] [tdca-local-opt] repeat=5/5 candidate=59/65 variant=tdca_like_legacy|win=3|delay=2|n_components=2
[23:39:34] [tdca-local-opt] repeat=5/5 candidate=60/65 variant=tdca_like_legacy|win=3|delay=3|n_components=2
[23:39:42] [tdca-local-opt] repeat=5/5 candidate=61/65 variant=tdca_like_legacy|win=3|delay=4|n_components=2
[23:39:49] [tdca-local-opt] repeat=5/5 candidate=62/65 variant=tdca_paper_aligned|win=3|delay=3|n_components=2
[23:39:59] [tdca-local-opt] repeat=5/5 candidate=63/65 variant=tdca_paper_aligned|win=3|delay=4|n_components=2
[23:40:08] [tdca-local-opt] repeat=5/5 candidate=64/65 variant=tdca_paper_aligned|win=3.5|delay=3|n_components=2
[23:40:16] [tdca-local-opt] repeat=5/5 candidate=65/65 variant=tdca_paper_aligned|win=3.5|delay=4|n_components=2
[23:42:52] [tdca-local-opt] report saved: D:\brain\brain_code\02_SSVEP\artifacts\runs\tdca-local-opt\20260415\run_20260415_233022_tdca-local-opt\report.json
[23:42:52] [tdca-local-opt] profile saved: D:\brain\brain_code\02_SSVEP\artifacts\runs\tdca-local-opt\20260415\run_20260415_233022_tdca-local-opt\default_profile.json
