[16:36:35] [tdca-local-opt] report directory prepared: D:\brain\brain_code\02_SSVEP\artifacts\runs\local\tdca-local-opt\20260415\run_20260415_163635_tdca-local-opt
[16:36:35] [tdca-local-opt] compute backend prepared: requested=cpu effective=cpu
[16:37:04] [tdca-local-opt] repeat=1/5 candidate=1/480 variant=tdca_like_legacy|win=2|delay=2|n_components=2
[16:37:09] [tdca-local-opt] repeat=1/5 candidate=2/480 variant=tdca_like_legacy|win=2|delay=2|n_components=3
[16:37:13] [tdca-local-opt] repeat=1/5 candidate=3/480 variant=tdca_like_legacy|win=2|delay=2|n_components=4
[16:37:19] [tdca-local-opt] repeat=1/5 candidate=4/480 variant=tdca_like_legacy|win=2|delay=3|n_components=2
[16:37:23] [tdca-local-opt] repeat=1/5 candidate=5/480 variant=tdca_like_legacy|win=2|delay=3|n_components=3
[16:37:28] [tdca-local-opt] repeat=1/5 candidate=6/480 variant=tdca_like_legacy|win=2|delay=3|n_components=4
[16:37:34] [tdca-local-opt] repeat=1/5 candidate=7/480 variant=tdca_like_legacy|win=2|delay=4|n_components=2
[16:37:37] [tdca-local-opt] repeat=1/5 candidate=8/480 variant=tdca_like_legacy|win=2|delay=4|n_components=3
[16:37:42] [tdca-local-opt] repeat=1/5 candidate=9/480 variant=tdca_like_legacy|win=2|delay=4|n_components=4
[16:37:47] [tdca-local-opt] repeat=1/5 candidate=10/480 variant=tdca_like_legacy|win=2|delay=5|n_components=2
[16:37:51] [tdca-local-opt] repeat=1/5 candidate=11/480 variant=tdca_like_legacy|win=2|delay=5|n_components=3
[16:37:56] [tdca-local-opt] repeat=1/5 candidate=12/480 variant=tdca_like_legacy|win=2|delay=5|n_components=4
[16:38:03] [tdca-local-opt] repeat=1/5 candidate=13/480 variant=tdca_like_legacy|win=2.5|delay=2|n_components=2
[16:38:07] [tdca-local-opt] repeat=1/5 candidate=14/480 variant=tdca_like_legacy|win=2.5|delay=2|n_components=3
[16:38:12] [tdca-local-opt] repeat=1/5 candidate=15/480 variant=tdca_like_legacy|win=2.5|delay=2|n_components=4
[16:38:16] [tdca-local-opt] repeat=1/5 candidate=16/480 variant=tdca_like_legacy|win=2.5|delay=3|n_components=2
[16:38:20] [tdca-local-opt] repeat=1/5 candidate=17/480 variant=tdca_like_legacy|win=2.5|delay=3|n_components=3
[16:38:24] [tdca-local-opt] repeat=1/5 candidate=18/480 variant=tdca_like_legacy|win=2.5|delay=3|n_components=4
[16:38:29] [tdca-local-opt] repeat=1/5 candidate=19/480 variant=tdca_like_legacy|win=2.5|delay=4|n_components=2
[16:38:32] [tdca-local-opt] repeat=1/5 candidate=20/480 variant=tdca_like_legacy|win=2.5|delay=4|n_components=3
[16:38:36] [tdca-local-opt] repeat=1/5 candidate=21/480 variant=tdca_like_legacy|win=2.5|delay=4|n_components=4
[16:38:41] [tdca-local-opt] repeat=1/5 candidate=22/480 variant=tdca_like_legacy|win=2.5|delay=5|n_components=2
[16:38:45] [tdca-local-opt] repeat=1/5 candidate=23/480 variant=tdca_like_legacy|win=2.5|delay=5|n_components=3
[16:38:50] [tdca-local-opt] repeat=1/5 candidate=24/480 variant=tdca_like_legacy|win=2.5|delay=5|n_components=4
[16:38:55] [tdca-local-opt] repeat=1/5 candidate=25/480 variant=tdca_like_legacy|win=3|delay=2|n_components=2
[16:38:58] [tdca-local-opt] repeat=1/5 candidate=26/480 variant=tdca_like_legacy|win=3|delay=2|n_components=3
[16:39:01] [tdca-local-opt] repeat=1/5 candidate=27/480 variant=tdca_like_legacy|win=3|delay=2|n_components=4
[16:39:05] [tdca-local-opt] repeat=1/5 candidate=28/480 variant=tdca_like_legacy|win=3|delay=3|n_components=2
[16:39:08] [tdca-local-opt] repeat=1/5 candidate=29/480 variant=tdca_like_legacy|win=3|delay=3|n_components=3
[16:39:11] [tdca-local-opt] repeat=1/5 candidate=30/480 variant=tdca_like_legacy|win=3|delay=3|n_components=4
[16:39:15] [tdca-local-opt] repeat=1/5 candidate=31/480 variant=tdca_like_legacy|win=3|delay=4|n_components=2
[16:39:18] [tdca-local-opt] repeat=1/5 candidate=32/480 variant=tdca_like_legacy|win=3|delay=4|n_components=3
[16:39:21] [tdca-local-opt] repeat=1/5 candidate=33/480 variant=tdca_like_legacy|win=3|delay=4|n_components=4
[16:39:25] [tdca-local-opt] repeat=1/5 candidate=34/480 variant=tdca_like_legacy|win=3|delay=5|n_components=2
[16:39:29] [tdca-local-opt] repeat=1/5 candidate=35/480 variant=tdca_like_legacy|win=3|delay=5|n_components=3
[16:39:33] [tdca-local-opt] repeat=1/5 candidate=36/480 variant=tdca_like_legacy|win=3|delay=5|n_components=4
[16:39:37] [tdca-local-opt] repeat=1/5 candidate=37/480 variant=tdca_like_legacy|win=3.5|delay=2|n_components=2
[16:39:40] [tdca-local-opt] repeat=1/5 candidate=38/480 variant=tdca_like_legacy|win=3.5|delay=2|n_components=3
[16:39:42] [tdca-local-opt] repeat=1/5 candidate=39/480 variant=tdca_like_legacy|win=3.5|delay=2|n_components=4
[16:39:46] [tdca-local-opt] repeat=1/5 candidate=40/480 variant=tdca_like_legacy|win=3.5|delay=3|n_components=2
[16:39:48] [tdca-local-opt] repeat=1/5 candidate=41/480 variant=tdca_like_legacy|win=3.5|delay=3|n_components=3
[16:39:51] [tdca-local-opt] repeat=1/5 candidate=42/480 variant=tdca_like_legacy|win=3.5|delay=3|n_components=4
[16:39:54] [tdca-local-opt] repeat=1/5 candidate=43/480 variant=tdca_like_legacy|win=3.5|delay=4|n_components=2
[16:39:57] [tdca-local-opt] repeat=1/5 candidate=44/480 variant=tdca_like_legacy|win=3.5|delay=4|n_components=3
[16:39:59] [tdca-local-opt] repeat=1/5 candidate=45/480 variant=tdca_like_legacy|win=3.5|delay=4|n_components=4
[16:40:02] [tdca-local-opt] repeat=1/5 candidate=46/480 variant=tdca_like_legacy|win=3.5|delay=5|n_components=2
[16:40:05] [tdca-local-opt] repeat=1/5 candidate=47/480 variant=tdca_like_legacy|win=3.5|delay=5|n_components=3
[16:40:08] [tdca-local-opt] repeat=1/5 candidate=48/480 variant=tdca_like_legacy|win=3.5|delay=5|n_components=4
[16:40:11] [tdca-local-opt] repeat=1/5 candidate=49/480 variant=tdca_paper_aligned|win=2|delay=2|n_components=2
[16:40:15] [tdca-local-opt] repeat=1/5 candidate=50/480 variant=tdca_paper_aligned|win=2|delay=2|n_components=3
[16:40:19] [tdca-local-opt] repeat=1/5 candidate=51/480 variant=tdca_paper_aligned|win=2|delay=2|n_components=4
[16:40:25] [tdca-local-opt] repeat=1/5 candidate=52/480 variant=tdca_paper_aligned|win=2|delay=3|n_components=2
[16:40:30] [tdca-local-opt] repeat=1/5 candidate=53/480 variant=tdca_paper_aligned|win=2|delay=3|n_components=3
[16:40:35] [tdca-local-opt] repeat=1/5 candidate=54/480 variant=tdca_paper_aligned|win=2|delay=3|n_components=4
[16:40:41] [tdca-local-opt] repeat=1/5 candidate=55/480 variant=tdca_paper_aligned|win=2|delay=4|n_components=2
[16:40:45] [tdca-local-opt] repeat=1/5 candidate=56/480 variant=tdca_paper_aligned|win=2|delay=4|n_components=3
[16:40:50] [tdca-local-opt] repeat=1/5 candidate=57/480 variant=tdca_paper_aligned|win=2|delay=4|n_components=4
[16:40:55] [tdca-local-opt] repeat=1/5 candidate=58/480 variant=tdca_paper_aligned|win=2|delay=5|n_components=2
[16:41:00] [tdca-local-opt] repeat=1/5 candidate=59/480 variant=tdca_paper_aligned|win=2|delay=5|n_components=3
[16:41:04] [tdca-local-opt] repeat=1/5 candidate=60/480 variant=tdca_paper_aligned|win=2|delay=5|n_components=4
[16:41:10] [tdca-local-opt] repeat=1/5 candidate=61/480 variant=tdca_paper_aligned|win=2.5|delay=2|n_components=2
[16:41:14] [tdca-local-opt] repeat=1/5 candidate=62/480 variant=tdca_paper_aligned|win=2.5|delay=2|n_components=3
[16:41:18] [tdca-local-opt] repeat=1/5 candidate=63/480 variant=tdca_paper_aligned|win=2.5|delay=2|n_components=4
[16:41:22] [tdca-local-opt] repeat=1/5 candidate=64/480 variant=tdca_paper_aligned|win=2.5|delay=3|n_components=2
[16:41:26] [tdca-local-opt] repeat=1/5 candidate=65/480 variant=tdca_paper_aligned|win=2.5|delay=3|n_components=3
[16:41:30] [tdca-local-opt] repeat=1/5 candidate=66/480 variant=tdca_paper_aligned|win=2.5|delay=3|n_components=4
[16:41:35] [tdca-local-opt] repeat=1/5 candidate=67/480 variant=tdca_paper_aligned|win=2.5|delay=4|n_components=2
[16:41:38] [tdca-local-opt] repeat=1/5 candidate=68/480 variant=tdca_paper_aligned|win=2.5|delay=4|n_components=3
[16:41:43] [tdca-local-opt] repeat=1/5 candidate=69/480 variant=tdca_paper_aligned|win=2.5|delay=4|n_components=4
[16:41:48] [tdca-local-opt] repeat=1/5 candidate=70/480 variant=tdca_paper_aligned|win=2.5|delay=5|n_components=2
[16:41:52] [tdca-local-opt] repeat=1/5 candidate=71/480 variant=tdca_paper_aligned|win=2.5|delay=5|n_components=3
[16:41:56] [tdca-local-opt] repeat=1/5 candidate=72/480 variant=tdca_paper_aligned|win=2.5|delay=5|n_components=4
[16:42:02] [tdca-local-opt] repeat=1/5 candidate=73/480 variant=tdca_paper_aligned|win=3|delay=2|n_components=2
[16:42:04] [tdca-local-opt] repeat=1/5 candidate=74/480 variant=tdca_paper_aligned|win=3|delay=2|n_components=3
[16:42:08] [tdca-local-opt] repeat=1/5 candidate=75/480 variant=tdca_paper_aligned|win=3|delay=2|n_components=4
[16:42:12] [tdca-local-opt] repeat=1/5 candidate=76/480 variant=tdca_paper_aligned|win=3|delay=3|n_components=2
[16:42:15] [tdca-local-opt] repeat=1/5 candidate=77/480 variant=tdca_paper_aligned|win=3|delay=3|n_components=3
[16:42:19] [tdca-local-opt] repeat=1/5 candidate=78/480 variant=tdca_paper_aligned|win=3|delay=3|n_components=4
[16:42:23] [tdca-local-opt] repeat=1/5 candidate=79/480 variant=tdca_paper_aligned|win=3|delay=4|n_components=2
[16:42:27] [tdca-local-opt] repeat=1/5 candidate=80/480 variant=tdca_paper_aligned|win=3|delay=4|n_components=3
[16:42:31] [tdca-local-opt] repeat=1/5 candidate=81/480 variant=tdca_paper_aligned|win=3|delay=4|n_components=4
[16:42:35] [tdca-local-opt] repeat=1/5 candidate=82/480 variant=tdca_paper_aligned|win=3|delay=5|n_components=2
[16:42:39] [tdca-local-opt] repeat=1/5 candidate=83/480 variant=tdca_paper_aligned|win=3|delay=5|n_components=3
[16:42:43] [tdca-local-opt] repeat=1/5 candidate=84/480 variant=tdca_paper_aligned|win=3|delay=5|n_components=4
[16:42:48] [tdca-local-opt] repeat=1/5 candidate=85/480 variant=tdca_paper_aligned|win=3.5|delay=2|n_components=2
[16:42:51] [tdca-local-opt] repeat=1/5 candidate=86/480 variant=tdca_paper_aligned|win=3.5|delay=2|n_components=3
[16:42:54] [tdca-local-opt] repeat=1/5 candidate=87/480 variant=tdca_paper_aligned|win=3.5|delay=2|n_components=4
[16:42:57] [tdca-local-opt] repeat=1/5 candidate=88/480 variant=tdca_paper_aligned|win=3.5|delay=3|n_components=2
[16:43:00] [tdca-local-opt] repeat=1/5 candidate=89/480 variant=tdca_paper_aligned|win=3.5|delay=3|n_components=3
[16:43:03] [tdca-local-opt] repeat=1/5 candidate=90/480 variant=tdca_paper_aligned|win=3.5|delay=3|n_components=4
[16:43:07] [tdca-local-opt] repeat=1/5 candidate=91/480 variant=tdca_paper_aligned|win=3.5|delay=4|n_components=2
[16:43:10] [tdca-local-opt] repeat=1/5 candidate=92/480 variant=tdca_paper_aligned|win=3.5|delay=4|n_components=3
[16:43:13] [tdca-local-opt] repeat=1/5 candidate=93/480 variant=tdca_paper_aligned|win=3.5|delay=4|n_components=4
[16:43:17] [tdca-local-opt] repeat=1/5 candidate=94/480 variant=tdca_paper_aligned|win=3.5|delay=5|n_components=2
[16:43:21] [tdca-local-opt] repeat=1/5 candidate=95/480 variant=tdca_paper_aligned|win=3.5|delay=5|n_components=3
[16:43:24] [tdca-local-opt] repeat=1/5 candidate=96/480 variant=tdca_paper_aligned|win=3.5|delay=5|n_components=4
[16:43:28] [tdca-local-opt] repeat=2/5 candidate=97/480 variant=tdca_like_legacy|win=2|delay=2|n_components=2
[16:43:32] [tdca-local-opt] repeat=2/5 candidate=98/480 variant=tdca_like_legacy|win=2|delay=2|n_components=3
[16:43:36] [tdca-local-opt] repeat=2/5 candidate=99/480 variant=tdca_like_legacy|win=2|delay=2|n_components=4
[16:43:41] [tdca-local-opt] repeat=2/5 candidate=100/480 variant=tdca_like_legacy|win=2|delay=3|n_components=2
[16:43:44] [tdca-local-opt] repeat=2/5 candidate=101/480 variant=tdca_like_legacy|win=2|delay=3|n_components=3
[16:43:48] [tdca-local-opt] repeat=2/5 candidate=102/480 variant=tdca_like_legacy|win=2|delay=3|n_components=4
[16:43:53] [tdca-local-opt] repeat=2/5 candidate=103/480 variant=tdca_like_legacy|win=2|delay=4|n_components=2
[16:43:57] [tdca-local-opt] repeat=2/5 candidate=104/480 variant=tdca_like_legacy|win=2|delay=4|n_components=3
[16:44:01] [tdca-local-opt] repeat=2/5 candidate=105/480 variant=tdca_like_legacy|win=2|delay=4|n_components=4
[16:44:06] [tdca-local-opt] repeat=2/5 candidate=106/480 variant=tdca_like_legacy|win=2|delay=5|n_components=2
[16:44:10] [tdca-local-opt] repeat=2/5 candidate=107/480 variant=tdca_like_legacy|win=2|delay=5|n_components=3
[16:44:14] [tdca-local-opt] repeat=2/5 candidate=108/480 variant=tdca_like_legacy|win=2|delay=5|n_components=4
[16:44:19] [tdca-local-opt] repeat=2/5 candidate=109/480 variant=tdca_like_legacy|win=2.5|delay=2|n_components=2
[16:44:22] [tdca-local-opt] repeat=2/5 candidate=110/480 variant=tdca_like_legacy|win=2.5|delay=2|n_components=3
[16:44:26] [tdca-local-opt] repeat=2/5 candidate=111/480 variant=tdca_like_legacy|win=2.5|delay=2|n_components=4
[16:44:31] [tdca-local-opt] repeat=2/5 candidate=112/480 variant=tdca_like_legacy|win=2.5|delay=3|n_components=2
[16:44:35] [tdca-local-opt] repeat=2/5 candidate=113/480 variant=tdca_like_legacy|win=2.5|delay=3|n_components=3
[16:44:39] [tdca-local-opt] repeat=2/5 candidate=114/480 variant=tdca_like_legacy|win=2.5|delay=3|n_components=4
[16:44:45] [tdca-local-opt] repeat=2/5 candidate=115/480 variant=tdca_like_legacy|win=2.5|delay=4|n_components=2
[16:44:48] [tdca-local-opt] repeat=2/5 candidate=116/480 variant=tdca_like_legacy|win=2.5|delay=4|n_components=3
[16:44:53] [tdca-local-opt] repeat=2/5 candidate=117/480 variant=tdca_like_legacy|win=2.5|delay=4|n_components=4
[16:44:59] [tdca-local-opt] repeat=2/5 candidate=118/480 variant=tdca_like_legacy|win=2.5|delay=5|n_components=2
[16:45:03] [tdca-local-opt] repeat=2/5 candidate=119/480 variant=tdca_like_legacy|win=2.5|delay=5|n_components=3
[16:45:08] [tdca-local-opt] repeat=2/5 candidate=120/480 variant=tdca_like_legacy|win=2.5|delay=5|n_components=4
[16:45:13] [tdca-local-opt] repeat=2/5 candidate=121/480 variant=tdca_like_legacy|win=3|delay=2|n_components=2
[16:45:16] [tdca-local-opt] repeat=2/5 candidate=122/480 variant=tdca_like_legacy|win=3|delay=2|n_components=3
[16:45:20] [tdca-local-opt] repeat=2/5 candidate=123/480 variant=tdca_like_legacy|win=3|delay=2|n_components=4
[16:45:25] [tdca-local-opt] repeat=2/5 candidate=124/480 variant=tdca_like_legacy|win=3|delay=3|n_components=2
[16:45:29] [tdca-local-opt] repeat=2/5 candidate=125/480 variant=tdca_like_legacy|win=3|delay=3|n_components=3
[16:45:33] [tdca-local-opt] repeat=2/5 candidate=126/480 variant=tdca_like_legacy|win=3|delay=3|n_components=4
[16:45:38] [tdca-local-opt] repeat=2/5 candidate=127/480 variant=tdca_like_legacy|win=3|delay=4|n_components=2
[16:45:42] [tdca-local-opt] repeat=2/5 candidate=128/480 variant=tdca_like_legacy|win=3|delay=4|n_components=3
[16:45:46] [tdca-local-opt] repeat=2/5 candidate=129/480 variant=tdca_like_legacy|win=3|delay=4|n_components=4
[16:45:50] [tdca-local-opt] repeat=2/5 candidate=130/480 variant=tdca_like_legacy|win=3|delay=5|n_components=2
[16:45:53] [tdca-local-opt] repeat=2/5 candidate=131/480 variant=tdca_like_legacy|win=3|delay=5|n_components=3
[16:45:57] [tdca-local-opt] repeat=2/5 candidate=132/480 variant=tdca_like_legacy|win=3|delay=5|n_components=4
[16:46:02] [tdca-local-opt] repeat=2/5 candidate=133/480 variant=tdca_like_legacy|win=3.5|delay=2|n_components=2
[16:46:05] [tdca-local-opt] repeat=2/5 candidate=134/480 variant=tdca_like_legacy|win=3.5|delay=2|n_components=3
[16:46:08] [tdca-local-opt] repeat=2/5 candidate=135/480 variant=tdca_like_legacy|win=3.5|delay=2|n_components=4
[16:46:11] [tdca-local-opt] repeat=2/5 candidate=136/480 variant=tdca_like_legacy|win=3.5|delay=3|n_components=2
[16:46:14] [tdca-local-opt] repeat=2/5 candidate=137/480 variant=tdca_like_legacy|win=3.5|delay=3|n_components=3
[16:46:18] [tdca-local-opt] repeat=2/5 candidate=138/480 variant=tdca_like_legacy|win=3.5|delay=3|n_components=4
[16:46:21] [tdca-local-opt] repeat=2/5 candidate=139/480 variant=tdca_like_legacy|win=3.5|delay=4|n_components=2
[16:46:24] [tdca-local-opt] repeat=2/5 candidate=140/480 variant=tdca_like_legacy|win=3.5|delay=4|n_components=3
[16:46:27] [tdca-local-opt] repeat=2/5 candidate=141/480 variant=tdca_like_legacy|win=3.5|delay=4|n_components=4
[16:46:31] [tdca-local-opt] repeat=2/5 candidate=142/480 variant=tdca_like_legacy|win=3.5|delay=5|n_components=2
[16:46:34] [tdca-local-opt] repeat=2/5 candidate=143/480 variant=tdca_like_legacy|win=3.5|delay=5|n_components=3
[16:46:37] [tdca-local-opt] repeat=2/5 candidate=144/480 variant=tdca_like_legacy|win=3.5|delay=5|n_components=4
[16:46:41] [tdca-local-opt] repeat=2/5 candidate=145/480 variant=tdca_paper_aligned|win=2|delay=2|n_components=2
[16:46:46] [tdca-local-opt] repeat=2/5 candidate=146/480 variant=tdca_paper_aligned|win=2|delay=2|n_components=3
[16:46:51] [tdca-local-opt] repeat=2/5 candidate=147/480 variant=tdca_paper_aligned|win=2|delay=2|n_components=4
[16:46:56] [tdca-local-opt] repeat=2/5 candidate=148/480 variant=tdca_paper_aligned|win=2|delay=3|n_components=2
[16:47:00] [tdca-local-opt] repeat=2/5 candidate=149/480 variant=tdca_paper_aligned|win=2|delay=3|n_components=3
[16:47:06] [tdca-local-opt] repeat=2/5 candidate=150/480 variant=tdca_paper_aligned|win=2|delay=3|n_components=4
[16:47:11] [tdca-local-opt] repeat=2/5 candidate=151/480 variant=tdca_paper_aligned|win=2|delay=4|n_components=2
[16:47:16] [tdca-local-opt] repeat=2/5 candidate=152/480 variant=tdca_paper_aligned|win=2|delay=4|n_components=3
[16:47:21] [tdca-local-opt] repeat=2/5 candidate=153/480 variant=tdca_paper_aligned|win=2|delay=4|n_components=4
[16:47:27] [tdca-local-opt] repeat=2/5 candidate=154/480 variant=tdca_paper_aligned|win=2|delay=5|n_components=2
[16:47:31] [tdca-local-opt] repeat=2/5 candidate=155/480 variant=tdca_paper_aligned|win=2|delay=5|n_components=3
[16:47:37] [tdca-local-opt] repeat=2/5 candidate=156/480 variant=tdca_paper_aligned|win=2|delay=5|n_components=4
[16:47:43] [tdca-local-opt] repeat=2/5 candidate=157/480 variant=tdca_paper_aligned|win=2.5|delay=2|n_components=2
[16:47:47] [tdca-local-opt] repeat=2/5 candidate=158/480 variant=tdca_paper_aligned|win=2.5|delay=2|n_components=3
[16:47:51] [tdca-local-opt] repeat=2/5 candidate=159/480 variant=tdca_paper_aligned|win=2.5|delay=2|n_components=4
[16:47:56] [tdca-local-opt] repeat=2/5 candidate=160/480 variant=tdca_paper_aligned|win=2.5|delay=3|n_components=2
[16:48:00] [tdca-local-opt] repeat=2/5 candidate=161/480 variant=tdca_paper_aligned|win=2.5|delay=3|n_components=3
[16:48:05] [tdca-local-opt] repeat=2/5 candidate=162/480 variant=tdca_paper_aligned|win=2.5|delay=3|n_components=4
[16:48:10] [tdca-local-opt] repeat=2/5 candidate=163/480 variant=tdca_paper_aligned|win=2.5|delay=4|n_components=2
[16:48:14] [tdca-local-opt] repeat=2/5 candidate=164/480 variant=tdca_paper_aligned|win=2.5|delay=4|n_components=3
[16:48:19] [tdca-local-opt] repeat=2/5 candidate=165/480 variant=tdca_paper_aligned|win=2.5|delay=4|n_components=4
[16:48:24] [tdca-local-opt] repeat=2/5 candidate=166/480 variant=tdca_paper_aligned|win=2.5|delay=5|n_components=2
[16:48:28] [tdca-local-opt] repeat=2/5 candidate=167/480 variant=tdca_paper_aligned|win=2.5|delay=5|n_components=3
[16:48:34] [tdca-local-opt] repeat=2/5 candidate=168/480 variant=tdca_paper_aligned|win=2.5|delay=5|n_components=4
[16:48:39] [tdca-local-opt] repeat=2/5 candidate=169/480 variant=tdca_paper_aligned|win=3|delay=2|n_components=2
[16:48:43] [tdca-local-opt] repeat=2/5 candidate=170/480 variant=tdca_paper_aligned|win=3|delay=2|n_components=3
[16:48:46] [tdca-local-opt] repeat=2/5 candidate=171/480 variant=tdca_paper_aligned|win=3|delay=2|n_components=4
[16:48:51] [tdca-local-opt] repeat=2/5 candidate=172/480 variant=tdca_paper_aligned|win=3|delay=3|n_components=2
[16:48:54] [tdca-local-opt] repeat=2/5 candidate=173/480 variant=tdca_paper_aligned|win=3|delay=3|n_components=3
[16:48:58] [tdca-local-opt] repeat=2/5 candidate=174/480 variant=tdca_paper_aligned|win=3|delay=3|n_components=4
[16:49:03] [tdca-local-opt] repeat=2/5 candidate=175/480 variant=tdca_paper_aligned|win=3|delay=4|n_components=2
[16:49:06] [tdca-local-opt] repeat=2/5 candidate=176/480 variant=tdca_paper_aligned|win=3|delay=4|n_components=3
[16:49:11] [tdca-local-opt] repeat=2/5 candidate=177/480 variant=tdca_paper_aligned|win=3|delay=4|n_components=4
[16:49:15] [tdca-local-opt] repeat=2/5 candidate=178/480 variant=tdca_paper_aligned|win=3|delay=5|n_components=2
[16:49:19] [tdca-local-opt] repeat=2/5 candidate=179/480 variant=tdca_paper_aligned|win=3|delay=5|n_components=3
[16:49:24] [tdca-local-opt] repeat=2/5 candidate=180/480 variant=tdca_paper_aligned|win=3|delay=5|n_components=4
[16:49:29] [tdca-local-opt] repeat=2/5 candidate=181/480 variant=tdca_paper_aligned|win=3.5|delay=2|n_components=2
[16:49:32] [tdca-local-opt] repeat=2/5 candidate=182/480 variant=tdca_paper_aligned|win=3.5|delay=2|n_components=3
[16:49:35] [tdca-local-opt] repeat=2/5 candidate=183/480 variant=tdca_paper_aligned|win=3.5|delay=2|n_components=4
[16:49:38] [tdca-local-opt] repeat=2/5 candidate=184/480 variant=tdca_paper_aligned|win=3.5|delay=3|n_components=2
[16:49:41] [tdca-local-opt] repeat=2/5 candidate=185/480 variant=tdca_paper_aligned|win=3.5|delay=3|n_components=3
[16:49:45] [tdca-local-opt] repeat=2/5 candidate=186/480 variant=tdca_paper_aligned|win=3.5|delay=3|n_components=4
[16:49:49] [tdca-local-opt] repeat=2/5 candidate=187/480 variant=tdca_paper_aligned|win=3.5|delay=4|n_components=2
[16:49:52] [tdca-local-opt] repeat=2/5 candidate=188/480 variant=tdca_paper_aligned|win=3.5|delay=4|n_components=3
[16:49:56] [tdca-local-opt] repeat=2/5 candidate=189/480 variant=tdca_paper_aligned|win=3.5|delay=4|n_components=4
[16:50:00] [tdca-local-opt] repeat=2/5 candidate=190/480 variant=tdca_paper_aligned|win=3.5|delay=5|n_components=2
[16:50:03] [tdca-local-opt] repeat=2/5 candidate=191/480 variant=tdca_paper_aligned|win=3.5|delay=5|n_components=3
[16:50:07] [tdca-local-opt] repeat=2/5 candidate=192/480 variant=tdca_paper_aligned|win=3.5|delay=5|n_components=4
[16:50:12] [tdca-local-opt] repeat=3/5 candidate=193/480 variant=tdca_like_legacy|win=2|delay=2|n_components=2
[16:50:15] [tdca-local-opt] repeat=3/5 candidate=194/480 variant=tdca_like_legacy|win=2|delay=2|n_components=3
[16:50:20] [tdca-local-opt] repeat=3/5 candidate=195/480 variant=tdca_like_legacy|win=2|delay=2|n_components=4
[16:50:24] [tdca-local-opt] repeat=3/5 candidate=196/480 variant=tdca_like_legacy|win=2|delay=3|n_components=2
[16:50:28] [tdca-local-opt] repeat=3/5 candidate=197/480 variant=tdca_like_legacy|win=2|delay=3|n_components=3
[16:50:32] [tdca-local-opt] repeat=3/5 candidate=198/480 variant=tdca_like_legacy|win=2|delay=3|n_components=4
[16:50:37] [tdca-local-opt] repeat=3/5 candidate=199/480 variant=tdca_like_legacy|win=2|delay=4|n_components=2
[16:50:41] [tdca-local-opt] repeat=3/5 candidate=200/480 variant=tdca_like_legacy|win=2|delay=4|n_components=3
[16:50:45] [tdca-local-opt] repeat=3/5 candidate=201/480 variant=tdca_like_legacy|win=2|delay=4|n_components=4
[16:50:50] [tdca-local-opt] repeat=3/5 candidate=202/480 variant=tdca_like_legacy|win=2|delay=5|n_components=2
[16:50:54] [tdca-local-opt] repeat=3/5 candidate=203/480 variant=tdca_like_legacy|win=2|delay=5|n_components=3
[16:50:59] [tdca-local-opt] repeat=3/5 candidate=204/480 variant=tdca_like_legacy|win=2|delay=5|n_components=4
[16:51:05] [tdca-local-opt] repeat=3/5 candidate=205/480 variant=tdca_like_legacy|win=2.5|delay=2|n_components=2
[16:51:08] [tdca-local-opt] repeat=3/5 candidate=206/480 variant=tdca_like_legacy|win=2.5|delay=2|n_components=3
[16:51:12] [tdca-local-opt] repeat=3/5 candidate=207/480 variant=tdca_like_legacy|win=2.5|delay=2|n_components=4
[16:51:17] [tdca-local-opt] repeat=3/5 candidate=208/480 variant=tdca_like_legacy|win=2.5|delay=3|n_components=2
[16:51:20] [tdca-local-opt] repeat=3/5 candidate=209/480 variant=tdca_like_legacy|win=2.5|delay=3|n_components=3
[16:51:26] [tdca-local-opt] repeat=3/5 candidate=210/480 variant=tdca_like_legacy|win=2.5|delay=3|n_components=4
[16:51:31] [tdca-local-opt] repeat=3/5 candidate=211/480 variant=tdca_like_legacy|win=2.5|delay=4|n_components=2
[16:51:35] [tdca-local-opt] repeat=3/5 candidate=212/480 variant=tdca_like_legacy|win=2.5|delay=4|n_components=3
[16:51:39] [tdca-local-opt] repeat=3/5 candidate=213/480 variant=tdca_like_legacy|win=2.5|delay=4|n_components=4
[16:51:45] [tdca-local-opt] repeat=3/5 candidate=214/480 variant=tdca_like_legacy|win=2.5|delay=5|n_components=2
[16:51:49] [tdca-local-opt] repeat=3/5 candidate=215/480 variant=tdca_like_legacy|win=2.5|delay=5|n_components=3
[16:51:53] [tdca-local-opt] repeat=3/5 candidate=216/480 variant=tdca_like_legacy|win=2.5|delay=5|n_components=4
[16:51:59] [tdca-local-opt] repeat=3/5 candidate=217/480 variant=tdca_like_legacy|win=3|delay=2|n_components=2
[16:52:02] [tdca-local-opt] repeat=3/5 candidate=218/480 variant=tdca_like_legacy|win=3|delay=2|n_components=3
[16:52:06] [tdca-local-opt] repeat=3/5 candidate=219/480 variant=tdca_like_legacy|win=3|delay=2|n_components=4
[16:52:10] [tdca-local-opt] repeat=3/5 candidate=220/480 variant=tdca_like_legacy|win=3|delay=3|n_components=2
[16:52:13] [tdca-local-opt] repeat=3/5 candidate=221/480 variant=tdca_like_legacy|win=3|delay=3|n_components=3
[16:52:17] [tdca-local-opt] repeat=3/5 candidate=222/480 variant=tdca_like_legacy|win=3|delay=3|n_components=4
[16:52:22] [tdca-local-opt] repeat=3/5 candidate=223/480 variant=tdca_like_legacy|win=3|delay=4|n_components=2
[16:52:25] [tdca-local-opt] repeat=3/5 candidate=224/480 variant=tdca_like_legacy|win=3|delay=4|n_components=3
[16:52:29] [tdca-local-opt] repeat=3/5 candidate=225/480 variant=tdca_like_legacy|win=3|delay=4|n_components=4
[16:52:33] [tdca-local-opt] repeat=3/5 candidate=226/480 variant=tdca_like_legacy|win=3|delay=5|n_components=2
[16:52:37] [tdca-local-opt] repeat=3/5 candidate=227/480 variant=tdca_like_legacy|win=3|delay=5|n_components=3
[16:52:41] [tdca-local-opt] repeat=3/5 candidate=228/480 variant=tdca_like_legacy|win=3|delay=5|n_components=4
[16:52:46] [tdca-local-opt] repeat=3/5 candidate=229/480 variant=tdca_like_legacy|win=3.5|delay=2|n_components=2
[16:52:48] [tdca-local-opt] repeat=3/5 candidate=230/480 variant=tdca_like_legacy|win=3.5|delay=2|n_components=3
[16:52:51] [tdca-local-opt] repeat=3/5 candidate=231/480 variant=tdca_like_legacy|win=3.5|delay=2|n_components=4
[16:52:55] [tdca-local-opt] repeat=3/5 candidate=232/480 variant=tdca_like_legacy|win=3.5|delay=3|n_components=2
[16:52:58] [tdca-local-opt] repeat=3/5 candidate=233/480 variant=tdca_like_legacy|win=3.5|delay=3|n_components=3
[16:53:01] [tdca-local-opt] repeat=3/5 candidate=234/480 variant=tdca_like_legacy|win=3.5|delay=3|n_components=4
[16:53:05] [tdca-local-opt] repeat=3/5 candidate=235/480 variant=tdca_like_legacy|win=3.5|delay=4|n_components=2
[16:53:07] [tdca-local-opt] repeat=3/5 candidate=236/480 variant=tdca_like_legacy|win=3.5|delay=4|n_components=3
[16:53:11] [tdca-local-opt] repeat=3/5 candidate=237/480 variant=tdca_like_legacy|win=3.5|delay=4|n_components=4
[16:53:15] [tdca-local-opt] repeat=3/5 candidate=238/480 variant=tdca_like_legacy|win=3.5|delay=5|n_components=2
[16:53:18] [tdca-local-opt] repeat=3/5 candidate=239/480 variant=tdca_like_legacy|win=3.5|delay=5|n_components=3
[16:53:21] [tdca-local-opt] repeat=3/5 candidate=240/480 variant=tdca_like_legacy|win=3.5|delay=5|n_components=4
[16:53:25] [tdca-local-opt] repeat=3/5 candidate=241/480 variant=tdca_paper_aligned|win=2|delay=2|n_components=2
[16:53:30] [tdca-local-opt] repeat=3/5 candidate=242/480 variant=tdca_paper_aligned|win=2|delay=2|n_components=3
[16:53:35] [tdca-local-opt] repeat=3/5 candidate=243/480 variant=tdca_paper_aligned|win=2|delay=2|n_components=4
[16:53:42] [tdca-local-opt] repeat=3/5 candidate=244/480 variant=tdca_paper_aligned|win=2|delay=3|n_components=2
[16:53:46] [tdca-local-opt] repeat=3/5 candidate=245/480 variant=tdca_paper_aligned|win=2|delay=3|n_components=3
[16:53:52] [tdca-local-opt] repeat=3/5 candidate=246/480 variant=tdca_paper_aligned|win=2|delay=3|n_components=4
[16:53:59] [tdca-local-opt] repeat=3/5 candidate=247/480 variant=tdca_paper_aligned|win=2|delay=4|n_components=2
[16:54:04] [tdca-local-opt] repeat=3/5 candidate=248/480 variant=tdca_paper_aligned|win=2|delay=4|n_components=3
[16:54:10] [tdca-local-opt] repeat=3/5 candidate=249/480 variant=tdca_paper_aligned|win=2|delay=4|n_components=4
[16:54:17] [tdca-local-opt] repeat=3/5 candidate=250/480 variant=tdca_paper_aligned|win=2|delay=5|n_components=2
[16:54:22] [tdca-local-opt] repeat=3/5 candidate=251/480 variant=tdca_paper_aligned|win=2|delay=5|n_components=3
[16:54:29] [tdca-local-opt] repeat=3/5 candidate=252/480 variant=tdca_paper_aligned|win=2|delay=5|n_components=4
[16:54:36] [tdca-local-opt] repeat=3/5 candidate=253/480 variant=tdca_paper_aligned|win=2.5|delay=2|n_components=2
[16:54:42] [tdca-local-opt] repeat=3/5 candidate=254/480 variant=tdca_paper_aligned|win=2.5|delay=2|n_components=3
[16:54:50] [tdca-local-opt] repeat=3/5 candidate=255/480 variant=tdca_paper_aligned|win=2.5|delay=2|n_components=4
[16:54:56] [tdca-local-opt] repeat=3/5 candidate=256/480 variant=tdca_paper_aligned|win=2.5|delay=3|n_components=2
[16:55:02] [tdca-local-opt] repeat=3/5 candidate=257/480 variant=tdca_paper_aligned|win=2.5|delay=3|n_components=3
[16:55:09] [tdca-local-opt] repeat=3/5 candidate=258/480 variant=tdca_paper_aligned|win=2.5|delay=3|n_components=4
[16:55:15] [tdca-local-opt] repeat=3/5 candidate=259/480 variant=tdca_paper_aligned|win=2.5|delay=4|n_components=2
[16:55:20] [tdca-local-opt] repeat=3/5 candidate=260/480 variant=tdca_paper_aligned|win=2.5|delay=4|n_components=3
[16:55:26] [tdca-local-opt] repeat=3/5 candidate=261/480 variant=tdca_paper_aligned|win=2.5|delay=4|n_components=4
[16:55:31] [tdca-local-opt] repeat=3/5 candidate=262/480 variant=tdca_paper_aligned|win=2.5|delay=5|n_components=2
[16:55:36] [tdca-local-opt] repeat=3/5 candidate=263/480 variant=tdca_paper_aligned|win=2.5|delay=5|n_components=3
[16:55:41] [tdca-local-opt] repeat=3/5 candidate=264/480 variant=tdca_paper_aligned|win=2.5|delay=5|n_components=4
[16:55:47] [tdca-local-opt] repeat=3/5 candidate=265/480 variant=tdca_paper_aligned|win=3|delay=2|n_components=2
[16:55:50] [tdca-local-opt] repeat=3/5 candidate=266/480 variant=tdca_paper_aligned|win=3|delay=2|n_components=3
[16:55:54] [tdca-local-opt] repeat=3/5 candidate=267/480 variant=tdca_paper_aligned|win=3|delay=2|n_components=4
[16:55:58] [tdca-local-opt] repeat=3/5 candidate=268/480 variant=tdca_paper_aligned|win=3|delay=3|n_components=2
[16:56:02] [tdca-local-opt] repeat=3/5 candidate=269/480 variant=tdca_paper_aligned|win=3|delay=3|n_components=3
[16:56:06] [tdca-local-opt] repeat=3/5 candidate=270/480 variant=tdca_paper_aligned|win=3|delay=3|n_components=4
[16:56:11] [tdca-local-opt] repeat=3/5 candidate=271/480 variant=tdca_paper_aligned|win=3|delay=4|n_components=2
[16:56:14] [tdca-local-opt] repeat=3/5 candidate=272/480 variant=tdca_paper_aligned|win=3|delay=4|n_components=3
[16:56:19] [tdca-local-opt] repeat=3/5 candidate=273/480 variant=tdca_paper_aligned|win=3|delay=4|n_components=4
[16:56:24] [tdca-local-opt] repeat=3/5 candidate=274/480 variant=tdca_paper_aligned|win=3|delay=5|n_components=2
[16:56:28] [tdca-local-opt] repeat=3/5 candidate=275/480 variant=tdca_paper_aligned|win=3|delay=5|n_components=3
[16:56:32] [tdca-local-opt] repeat=3/5 candidate=276/480 variant=tdca_paper_aligned|win=3|delay=5|n_components=4
[16:56:37] [tdca-local-opt] repeat=3/5 candidate=277/480 variant=tdca_paper_aligned|win=3.5|delay=2|n_components=2
[16:56:40] [tdca-local-opt] repeat=3/5 candidate=278/480 variant=tdca_paper_aligned|win=3.5|delay=2|n_components=3
[16:56:44] [tdca-local-opt] repeat=3/5 candidate=279/480 variant=tdca_paper_aligned|win=3.5|delay=2|n_components=4
[16:56:47] [tdca-local-opt] repeat=3/5 candidate=280/480 variant=tdca_paper_aligned|win=3.5|delay=3|n_components=2
[16:56:50] [tdca-local-opt] repeat=3/5 candidate=281/480 variant=tdca_paper_aligned|win=3.5|delay=3|n_components=3
[16:56:54] [tdca-local-opt] repeat=3/5 candidate=282/480 variant=tdca_paper_aligned|win=3.5|delay=3|n_components=4
[16:56:58] [tdca-local-opt] repeat=3/5 candidate=283/480 variant=tdca_paper_aligned|win=3.5|delay=4|n_components=2
[16:57:01] [tdca-local-opt] repeat=3/5 candidate=284/480 variant=tdca_paper_aligned|win=3.5|delay=4|n_components=3
[16:57:05] [tdca-local-opt] repeat=3/5 candidate=285/480 variant=tdca_paper_aligned|win=3.5|delay=4|n_components=4
[16:57:09] [tdca-local-opt] repeat=3/5 candidate=286/480 variant=tdca_paper_aligned|win=3.5|delay=5|n_components=2
[16:57:13] [tdca-local-opt] repeat=3/5 candidate=287/480 variant=tdca_paper_aligned|win=3.5|delay=5|n_components=3
[16:57:17] [tdca-local-opt] repeat=3/5 candidate=288/480 variant=tdca_paper_aligned|win=3.5|delay=5|n_components=4
[16:57:22] [tdca-local-opt] repeat=4/5 candidate=289/480 variant=tdca_like_legacy|win=2|delay=2|n_components=2
[16:57:25] [tdca-local-opt] repeat=4/5 candidate=290/480 variant=tdca_like_legacy|win=2|delay=2|n_components=3
[16:57:29] [tdca-local-opt] repeat=4/5 candidate=291/480 variant=tdca_like_legacy|win=2|delay=2|n_components=4
[16:57:34] [tdca-local-opt] repeat=4/5 candidate=292/480 variant=tdca_like_legacy|win=2|delay=3|n_components=2
[16:57:38] [tdca-local-opt] repeat=4/5 candidate=293/480 variant=tdca_like_legacy|win=2|delay=3|n_components=3
[16:57:42] [tdca-local-opt] repeat=4/5 candidate=294/480 variant=tdca_like_legacy|win=2|delay=3|n_components=4
[16:57:47] [tdca-local-opt] repeat=4/5 candidate=295/480 variant=tdca_like_legacy|win=2|delay=4|n_components=2
[16:57:51] [tdca-local-opt] repeat=4/5 candidate=296/480 variant=tdca_like_legacy|win=2|delay=4|n_components=3
[16:57:55] [tdca-local-opt] repeat=4/5 candidate=297/480 variant=tdca_like_legacy|win=2|delay=4|n_components=4
[16:58:01] [tdca-local-opt] repeat=4/5 candidate=298/480 variant=tdca_like_legacy|win=2|delay=5|n_components=2
[16:58:05] [tdca-local-opt] repeat=4/5 candidate=299/480 variant=tdca_like_legacy|win=2|delay=5|n_components=3
[16:58:10] [tdca-local-opt] repeat=4/5 candidate=300/480 variant=tdca_like_legacy|win=2|delay=5|n_components=4
[16:58:15] [tdca-local-opt] repeat=4/5 candidate=301/480 variant=tdca_like_legacy|win=2.5|delay=2|n_components=2
[16:58:18] [tdca-local-opt] repeat=4/5 candidate=302/480 variant=tdca_like_legacy|win=2.5|delay=2|n_components=3
[16:58:22] [tdca-local-opt] repeat=4/5 candidate=303/480 variant=tdca_like_legacy|win=2.5|delay=2|n_components=4
[16:58:27] [tdca-local-opt] repeat=4/5 candidate=304/480 variant=tdca_like_legacy|win=2.5|delay=3|n_components=2
[16:58:30] [tdca-local-opt] repeat=4/5 candidate=305/480 variant=tdca_like_legacy|win=2.5|delay=3|n_components=3
[16:58:34] [tdca-local-opt] repeat=4/5 candidate=306/480 variant=tdca_like_legacy|win=2.5|delay=3|n_components=4
[16:58:39] [tdca-local-opt] repeat=4/5 candidate=307/480 variant=tdca_like_legacy|win=2.5|delay=4|n_components=2
[16:58:43] [tdca-local-opt] repeat=4/5 candidate=308/480 variant=tdca_like_legacy|win=2.5|delay=4|n_components=3
[16:58:47] [tdca-local-opt] repeat=4/5 candidate=309/480 variant=tdca_like_legacy|win=2.5|delay=4|n_components=4
[16:58:53] [tdca-local-opt] repeat=4/5 candidate=310/480 variant=tdca_like_legacy|win=2.5|delay=5|n_components=2
[16:58:57] [tdca-local-opt] repeat=4/5 candidate=311/480 variant=tdca_like_legacy|win=2.5|delay=5|n_components=3
[16:59:01] [tdca-local-opt] repeat=4/5 candidate=312/480 variant=tdca_like_legacy|win=2.5|delay=5|n_components=4
[16:59:06] [tdca-local-opt] repeat=4/5 candidate=313/480 variant=tdca_like_legacy|win=3|delay=2|n_components=2
[16:59:09] [tdca-local-opt] repeat=4/5 candidate=314/480 variant=tdca_like_legacy|win=3|delay=2|n_components=3
[16:59:12] [tdca-local-opt] repeat=4/5 candidate=315/480 variant=tdca_like_legacy|win=3|delay=2|n_components=4
[16:59:16] [tdca-local-opt] repeat=4/5 candidate=316/480 variant=tdca_like_legacy|win=3|delay=3|n_components=2
[16:59:19] [tdca-local-opt] repeat=4/5 candidate=317/480 variant=tdca_like_legacy|win=3|delay=3|n_components=3
[16:59:23] [tdca-local-opt] repeat=4/5 candidate=318/480 variant=tdca_like_legacy|win=3|delay=3|n_components=4
[16:59:27] [tdca-local-opt] repeat=4/5 candidate=319/480 variant=tdca_like_legacy|win=3|delay=4|n_components=2
[16:59:30] [tdca-local-opt] repeat=4/5 candidate=320/480 variant=tdca_like_legacy|win=3|delay=4|n_components=3
[16:59:34] [tdca-local-opt] repeat=4/5 candidate=321/480 variant=tdca_like_legacy|win=3|delay=4|n_components=4
[16:59:38] [tdca-local-opt] repeat=4/5 candidate=322/480 variant=tdca_like_legacy|win=3|delay=5|n_components=2
[16:59:41] [tdca-local-opt] repeat=4/5 candidate=323/480 variant=tdca_like_legacy|win=3|delay=5|n_components=3
[16:59:45] [tdca-local-opt] repeat=4/5 candidate=324/480 variant=tdca_like_legacy|win=3|delay=5|n_components=4
[16:59:49] [tdca-local-opt] repeat=4/5 candidate=325/480 variant=tdca_like_legacy|win=3.5|delay=2|n_components=2
[16:59:52] [tdca-local-opt] repeat=4/5 candidate=326/480 variant=tdca_like_legacy|win=3.5|delay=2|n_components=3
[16:59:55] [tdca-local-opt] repeat=4/5 candidate=327/480 variant=tdca_like_legacy|win=3.5|delay=2|n_components=4
[16:59:58] [tdca-local-opt] repeat=4/5 candidate=328/480 variant=tdca_like_legacy|win=3.5|delay=3|n_components=2
[17:00:01] [tdca-local-opt] repeat=4/5 candidate=329/480 variant=tdca_like_legacy|win=3.5|delay=3|n_components=3
[17:00:04] [tdca-local-opt] repeat=4/5 candidate=330/480 variant=tdca_like_legacy|win=3.5|delay=3|n_components=4
[17:00:07] [tdca-local-opt] repeat=4/5 candidate=331/480 variant=tdca_like_legacy|win=3.5|delay=4|n_components=2
[17:00:10] [tdca-local-opt] repeat=4/5 candidate=332/480 variant=tdca_like_legacy|win=3.5|delay=4|n_components=3
[17:00:13] [tdca-local-opt] repeat=4/5 candidate=333/480 variant=tdca_like_legacy|win=3.5|delay=4|n_components=4
[17:00:17] [tdca-local-opt] repeat=4/5 candidate=334/480 variant=tdca_like_legacy|win=3.5|delay=5|n_components=2
[17:00:19] [tdca-local-opt] repeat=4/5 candidate=335/480 variant=tdca_like_legacy|win=3.5|delay=5|n_components=3
[17:00:23] [tdca-local-opt] repeat=4/5 candidate=336/480 variant=tdca_like_legacy|win=3.5|delay=5|n_components=4
[17:00:26] [tdca-local-opt] repeat=4/5 candidate=337/480 variant=tdca_paper_aligned|win=2|delay=2|n_components=2
[17:00:31] [tdca-local-opt] repeat=4/5 candidate=338/480 variant=tdca_paper_aligned|win=2|delay=2|n_components=3
[17:00:36] [tdca-local-opt] repeat=4/5 candidate=339/480 variant=tdca_paper_aligned|win=2|delay=2|n_components=4
[17:00:42] [tdca-local-opt] repeat=4/5 candidate=340/480 variant=tdca_paper_aligned|win=2|delay=3|n_components=2
[17:00:47] [tdca-local-opt] repeat=4/5 candidate=341/480 variant=tdca_paper_aligned|win=2|delay=3|n_components=3
[17:00:52] [tdca-local-opt] repeat=4/5 candidate=342/480 variant=tdca_paper_aligned|win=2|delay=3|n_components=4
[17:00:58] [tdca-local-opt] repeat=4/5 candidate=343/480 variant=tdca_paper_aligned|win=2|delay=4|n_components=2
[17:01:03] [tdca-local-opt] repeat=4/5 candidate=344/480 variant=tdca_paper_aligned|win=2|delay=4|n_components=3
[17:01:09] [tdca-local-opt] repeat=4/5 candidate=345/480 variant=tdca_paper_aligned|win=2|delay=4|n_components=4
[17:01:15] [tdca-local-opt] repeat=4/5 candidate=346/480 variant=tdca_paper_aligned|win=2|delay=5|n_components=2
[17:01:20] [tdca-local-opt] repeat=4/5 candidate=347/480 variant=tdca_paper_aligned|win=2|delay=5|n_components=3
[17:01:26] [tdca-local-opt] repeat=4/5 candidate=348/480 variant=tdca_paper_aligned|win=2|delay=5|n_components=4
[17:01:32] [tdca-local-opt] repeat=4/5 candidate=349/480 variant=tdca_paper_aligned|win=2.5|delay=2|n_components=2
[17:01:36] [tdca-local-opt] repeat=4/5 candidate=350/480 variant=tdca_paper_aligned|win=2.5|delay=2|n_components=3
[17:01:41] [tdca-local-opt] repeat=4/5 candidate=351/480 variant=tdca_paper_aligned|win=2.5|delay=2|n_components=4
[17:01:46] [tdca-local-opt] repeat=4/5 candidate=352/480 variant=tdca_paper_aligned|win=2.5|delay=3|n_components=2
[17:01:51] [tdca-local-opt] repeat=4/5 candidate=353/480 variant=tdca_paper_aligned|win=2.5|delay=3|n_components=3
[17:01:55] [tdca-local-opt] repeat=4/5 candidate=354/480 variant=tdca_paper_aligned|win=2.5|delay=3|n_components=4
[17:02:01] [tdca-local-opt] repeat=4/5 candidate=355/480 variant=tdca_paper_aligned|win=2.5|delay=4|n_components=2
[17:02:05] [tdca-local-opt] repeat=4/5 candidate=356/480 variant=tdca_paper_aligned|win=2.5|delay=4|n_components=3
[17:02:11] [tdca-local-opt] repeat=4/5 candidate=357/480 variant=tdca_paper_aligned|win=2.5|delay=4|n_components=4
[17:02:16] [tdca-local-opt] repeat=4/5 candidate=358/480 variant=tdca_paper_aligned|win=2.5|delay=5|n_components=2
[17:02:21] [tdca-local-opt] repeat=4/5 candidate=359/480 variant=tdca_paper_aligned|win=2.5|delay=5|n_components=3
[17:02:27] [tdca-local-opt] repeat=4/5 candidate=360/480 variant=tdca_paper_aligned|win=2.5|delay=5|n_components=4
[17:02:34] [tdca-local-opt] repeat=4/5 candidate=361/480 variant=tdca_paper_aligned|win=3|delay=2|n_components=2
[17:02:37] [tdca-local-opt] repeat=4/5 candidate=362/480 variant=tdca_paper_aligned|win=3|delay=2|n_components=3
[17:02:42] [tdca-local-opt] repeat=4/5 candidate=363/480 variant=tdca_paper_aligned|win=3|delay=2|n_components=4
[17:02:46] [tdca-local-opt] repeat=4/5 candidate=364/480 variant=tdca_paper_aligned|win=3|delay=3|n_components=2
[17:02:50] [tdca-local-opt] repeat=4/5 candidate=365/480 variant=tdca_paper_aligned|win=3|delay=3|n_components=3
[17:02:54] [tdca-local-opt] repeat=4/5 candidate=366/480 variant=tdca_paper_aligned|win=3|delay=3|n_components=4
[17:02:59] [tdca-local-opt] repeat=4/5 candidate=367/480 variant=tdca_paper_aligned|win=3|delay=4|n_components=2
[17:03:03] [tdca-local-opt] repeat=4/5 candidate=368/480 variant=tdca_paper_aligned|win=3|delay=4|n_components=3
[17:03:08] [tdca-local-opt] repeat=4/5 candidate=369/480 variant=tdca_paper_aligned|win=3|delay=4|n_components=4
[17:03:13] [tdca-local-opt] repeat=4/5 candidate=370/480 variant=tdca_paper_aligned|win=3|delay=5|n_components=2
[17:03:17] [tdca-local-opt] repeat=4/5 candidate=371/480 variant=tdca_paper_aligned|win=3|delay=5|n_components=3
[17:03:22] [tdca-local-opt] repeat=4/5 candidate=372/480 variant=tdca_paper_aligned|win=3|delay=5|n_components=4
[17:03:28] [tdca-local-opt] repeat=4/5 candidate=373/480 variant=tdca_paper_aligned|win=3.5|delay=2|n_components=2
[17:03:31] [tdca-local-opt] repeat=4/5 candidate=374/480 variant=tdca_paper_aligned|win=3.5|delay=2|n_components=3
[17:03:35] [tdca-local-opt] repeat=4/5 candidate=375/480 variant=tdca_paper_aligned|win=3.5|delay=2|n_components=4
[17:03:39] [tdca-local-opt] repeat=4/5 candidate=376/480 variant=tdca_paper_aligned|win=3.5|delay=3|n_components=2
[17:03:43] [tdca-local-opt] repeat=4/5 candidate=377/480 variant=tdca_paper_aligned|win=3.5|delay=3|n_components=3
[17:03:48] [tdca-local-opt] repeat=4/5 candidate=378/480 variant=tdca_paper_aligned|win=3.5|delay=3|n_components=4
[17:03:52] [tdca-local-opt] repeat=4/5 candidate=379/480 variant=tdca_paper_aligned|win=3.5|delay=4|n_components=2
[17:03:56] [tdca-local-opt] repeat=4/5 candidate=380/480 variant=tdca_paper_aligned|win=3.5|delay=4|n_components=3
[17:04:00] [tdca-local-opt] repeat=4/5 candidate=381/480 variant=tdca_paper_aligned|win=3.5|delay=4|n_components=4
[17:04:04] [tdca-local-opt] repeat=4/5 candidate=382/480 variant=tdca_paper_aligned|win=3.5|delay=5|n_components=2
[17:04:08] [tdca-local-opt] repeat=4/5 candidate=383/480 variant=tdca_paper_aligned|win=3.5|delay=5|n_components=3
[17:04:13] [tdca-local-opt] repeat=4/5 candidate=384/480 variant=tdca_paper_aligned|win=3.5|delay=5|n_components=4
[17:04:17] [tdca-local-opt] repeat=5/5 candidate=385/480 variant=tdca_like_legacy|win=2|delay=2|n_components=2
[17:04:21] [tdca-local-opt] repeat=5/5 candidate=386/480 variant=tdca_like_legacy|win=2|delay=2|n_components=3
[17:04:26] [tdca-local-opt] repeat=5/5 candidate=387/480 variant=tdca_like_legacy|win=2|delay=2|n_components=4
[17:04:31] [tdca-local-opt] repeat=5/5 candidate=388/480 variant=tdca_like_legacy|win=2|delay=3|n_components=2
[17:04:35] [tdca-local-opt] repeat=5/5 candidate=389/480 variant=tdca_like_legacy|win=2|delay=3|n_components=3
[17:04:39] [tdca-local-opt] repeat=5/5 candidate=390/480 variant=tdca_like_legacy|win=2|delay=3|n_components=4
[17:04:44] [tdca-local-opt] repeat=5/5 candidate=391/480 variant=tdca_like_legacy|win=2|delay=4|n_components=2
[17:04:48] [tdca-local-opt] repeat=5/5 candidate=392/480 variant=tdca_like_legacy|win=2|delay=4|n_components=3
[17:04:53] [tdca-local-opt] repeat=5/5 candidate=393/480 variant=tdca_like_legacy|win=2|delay=4|n_components=4
[17:04:58] [tdca-local-opt] repeat=5/5 candidate=394/480 variant=tdca_like_legacy|win=2|delay=5|n_components=2
[17:05:02] [tdca-local-opt] repeat=5/5 candidate=395/480 variant=tdca_like_legacy|win=2|delay=5|n_components=3
[17:05:07] [tdca-local-opt] repeat=5/5 candidate=396/480 variant=tdca_like_legacy|win=2|delay=5|n_components=4
[17:05:12] [tdca-local-opt] repeat=5/5 candidate=397/480 variant=tdca_like_legacy|win=2.5|delay=2|n_components=2
[17:05:15] [tdca-local-opt] repeat=5/5 candidate=398/480 variant=tdca_like_legacy|win=2.5|delay=2|n_components=3
[17:05:19] [tdca-local-opt] repeat=5/5 candidate=399/480 variant=tdca_like_legacy|win=2.5|delay=2|n_components=4
[17:05:24] [tdca-local-opt] repeat=5/5 candidate=400/480 variant=tdca_like_legacy|win=2.5|delay=3|n_components=2
[17:05:28] [tdca-local-opt] repeat=5/5 candidate=401/480 variant=tdca_like_legacy|win=2.5|delay=3|n_components=3
[17:05:32] [tdca-local-opt] repeat=5/5 candidate=402/480 variant=tdca_like_legacy|win=2.5|delay=3|n_components=4
[17:05:37] [tdca-local-opt] repeat=5/5 candidate=403/480 variant=tdca_like_legacy|win=2.5|delay=4|n_components=2
[17:05:40] [tdca-local-opt] repeat=5/5 candidate=404/480 variant=tdca_like_legacy|win=2.5|delay=4|n_components=3
[17:05:45] [tdca-local-opt] repeat=5/5 candidate=405/480 variant=tdca_like_legacy|win=2.5|delay=4|n_components=4
[17:05:50] [tdca-local-opt] repeat=5/5 candidate=406/480 variant=tdca_like_legacy|win=2.5|delay=5|n_components=2
[17:05:53] [tdca-local-opt] repeat=5/5 candidate=407/480 variant=tdca_like_legacy|win=2.5|delay=5|n_components=3
[17:05:58] [tdca-local-opt] repeat=5/5 candidate=408/480 variant=tdca_like_legacy|win=2.5|delay=5|n_components=4
[17:06:03] [tdca-local-opt] repeat=5/5 candidate=409/480 variant=tdca_like_legacy|win=3|delay=2|n_components=2
[17:06:06] [tdca-local-opt] repeat=5/5 candidate=410/480 variant=tdca_like_legacy|win=3|delay=2|n_components=3
[17:06:09] [tdca-local-opt] repeat=5/5 candidate=411/480 variant=tdca_like_legacy|win=3|delay=2|n_components=4
[17:06:14] [tdca-local-opt] repeat=5/5 candidate=412/480 variant=tdca_like_legacy|win=3|delay=3|n_components=2
[17:06:17] [tdca-local-opt] repeat=5/5 candidate=413/480 variant=tdca_like_legacy|win=3|delay=3|n_components=3
[17:06:21] [tdca-local-opt] repeat=5/5 candidate=414/480 variant=tdca_like_legacy|win=3|delay=3|n_components=4
[17:06:25] [tdca-local-opt] repeat=5/5 candidate=415/480 variant=tdca_like_legacy|win=3|delay=4|n_components=2
[17:06:28] [tdca-local-opt] repeat=5/5 candidate=416/480 variant=tdca_like_legacy|win=3|delay=4|n_components=3
[17:06:32] [tdca-local-opt] repeat=5/5 candidate=417/480 variant=tdca_like_legacy|win=3|delay=4|n_components=4
[17:06:36] [tdca-local-opt] repeat=5/5 candidate=418/480 variant=tdca_like_legacy|win=3|delay=5|n_components=2
[17:06:40] [tdca-local-opt] repeat=5/5 candidate=419/480 variant=tdca_like_legacy|win=3|delay=5|n_components=3
[17:06:44] [tdca-local-opt] repeat=5/5 candidate=420/480 variant=tdca_like_legacy|win=3|delay=5|n_components=4
[17:06:48] [tdca-local-opt] repeat=5/5 candidate=421/480 variant=tdca_like_legacy|win=3.5|delay=2|n_components=2
[17:06:51] [tdca-local-opt] repeat=5/5 candidate=422/480 variant=tdca_like_legacy|win=3.5|delay=2|n_components=3
[17:06:54] [tdca-local-opt] repeat=5/5 candidate=423/480 variant=tdca_like_legacy|win=3.5|delay=2|n_components=4
[17:06:57] [tdca-local-opt] repeat=5/5 candidate=424/480 variant=tdca_like_legacy|win=3.5|delay=3|n_components=2
[17:07:00] [tdca-local-opt] repeat=5/5 candidate=425/480 variant=tdca_like_legacy|win=3.5|delay=3|n_components=3
[17:07:03] [tdca-local-opt] repeat=5/5 candidate=426/480 variant=tdca_like_legacy|win=3.5|delay=3|n_components=4
[17:07:07] [tdca-local-opt] repeat=5/5 candidate=427/480 variant=tdca_like_legacy|win=3.5|delay=4|n_components=2
[17:07:10] [tdca-local-opt] repeat=5/5 candidate=428/480 variant=tdca_like_legacy|win=3.5|delay=4|n_components=3
[17:07:13] [tdca-local-opt] repeat=5/5 candidate=429/480 variant=tdca_like_legacy|win=3.5|delay=4|n_components=4
[17:07:17] [tdca-local-opt] repeat=5/5 candidate=430/480 variant=tdca_like_legacy|win=3.5|delay=5|n_components=2
[17:07:19] [tdca-local-opt] repeat=5/5 candidate=431/480 variant=tdca_like_legacy|win=3.5|delay=5|n_components=3
[17:07:23] [tdca-local-opt] repeat=5/5 candidate=432/480 variant=tdca_like_legacy|win=3.5|delay=5|n_components=4
[17:07:27] [tdca-local-opt] repeat=5/5 candidate=433/480 variant=tdca_paper_aligned|win=2|delay=2|n_components=2
[17:07:32] [tdca-local-opt] repeat=5/5 candidate=434/480 variant=tdca_paper_aligned|win=2|delay=2|n_components=3
[17:07:37] [tdca-local-opt] repeat=5/5 candidate=435/480 variant=tdca_paper_aligned|win=2|delay=2|n_components=4
[17:07:43] [tdca-local-opt] repeat=5/5 candidate=436/480 variant=tdca_paper_aligned|win=2|delay=3|n_components=2
[17:07:48] [tdca-local-opt] repeat=5/5 candidate=437/480 variant=tdca_paper_aligned|win=2|delay=3|n_components=3
[17:07:54] [tdca-local-opt] repeat=5/5 candidate=438/480 variant=tdca_paper_aligned|win=2|delay=3|n_components=4
[17:08:01] [tdca-local-opt] repeat=5/5 candidate=439/480 variant=tdca_paper_aligned|win=2|delay=4|n_components=2
[17:08:06] [tdca-local-opt] repeat=5/5 candidate=440/480 variant=tdca_paper_aligned|win=2|delay=4|n_components=3
[17:08:12] [tdca-local-opt] repeat=5/5 candidate=441/480 variant=tdca_paper_aligned|win=2|delay=4|n_components=4
[17:08:19] [tdca-local-opt] repeat=5/5 candidate=442/480 variant=tdca_paper_aligned|win=2|delay=5|n_components=2
[17:08:24] [tdca-local-opt] repeat=5/5 candidate=443/480 variant=tdca_paper_aligned|win=2|delay=5|n_components=3
[17:08:30] [tdca-local-opt] repeat=5/5 candidate=444/480 variant=tdca_paper_aligned|win=2|delay=5|n_components=4
[17:08:37] [tdca-local-opt] repeat=5/5 candidate=445/480 variant=tdca_paper_aligned|win=2.5|delay=2|n_components=2
[17:08:42] [tdca-local-opt] repeat=5/5 candidate=446/480 variant=tdca_paper_aligned|win=2.5|delay=2|n_components=3
[17:08:47] [tdca-local-opt] repeat=5/5 candidate=447/480 variant=tdca_paper_aligned|win=2.5|delay=2|n_components=4
[17:08:52] [tdca-local-opt] repeat=5/5 candidate=448/480 variant=tdca_paper_aligned|win=2.5|delay=3|n_components=2
[17:08:57] [tdca-local-opt] repeat=5/5 candidate=449/480 variant=tdca_paper_aligned|win=2.5|delay=3|n_components=3
[17:09:02] [tdca-local-opt] repeat=5/5 candidate=450/480 variant=tdca_paper_aligned|win=2.5|delay=3|n_components=4
[17:09:08] [tdca-local-opt] repeat=5/5 candidate=451/480 variant=tdca_paper_aligned|win=2.5|delay=4|n_components=2
[17:09:12] [tdca-local-opt] repeat=5/5 candidate=452/480 variant=tdca_paper_aligned|win=2.5|delay=4|n_components=3
[17:09:18] [tdca-local-opt] repeat=5/5 candidate=453/480 variant=tdca_paper_aligned|win=2.5|delay=4|n_components=4
[17:09:24] [tdca-local-opt] repeat=5/5 candidate=454/480 variant=tdca_paper_aligned|win=2.5|delay=5|n_components=2
[17:09:29] [tdca-local-opt] repeat=5/5 candidate=455/480 variant=tdca_paper_aligned|win=2.5|delay=5|n_components=3
[17:09:35] [tdca-local-opt] repeat=5/5 candidate=456/480 variant=tdca_paper_aligned|win=2.5|delay=5|n_components=4
[17:09:41] [tdca-local-opt] repeat=5/5 candidate=457/480 variant=tdca_paper_aligned|win=3|delay=2|n_components=2
[17:09:45] [tdca-local-opt] repeat=5/5 candidate=458/480 variant=tdca_paper_aligned|win=3|delay=2|n_components=3
[17:09:49] [tdca-local-opt] repeat=5/5 candidate=459/480 variant=tdca_paper_aligned|win=3|delay=2|n_components=4
[17:09:54] [tdca-local-opt] repeat=5/5 candidate=460/480 variant=tdca_paper_aligned|win=3|delay=3|n_components=2
[17:09:58] [tdca-local-opt] repeat=5/5 candidate=461/480 variant=tdca_paper_aligned|win=3|delay=3|n_components=3
[17:10:03] [tdca-local-opt] repeat=5/5 candidate=462/480 variant=tdca_paper_aligned|win=3|delay=3|n_components=4
[17:10:08] [tdca-local-opt] repeat=5/5 candidate=463/480 variant=tdca_paper_aligned|win=3|delay=4|n_components=2
[17:10:12] [tdca-local-opt] repeat=5/5 candidate=464/480 variant=tdca_paper_aligned|win=3|delay=4|n_components=3
[17:10:17] [tdca-local-opt] repeat=5/5 candidate=465/480 variant=tdca_paper_aligned|win=3|delay=4|n_components=4
[17:10:23] [tdca-local-opt] repeat=5/5 candidate=466/480 variant=tdca_paper_aligned|win=3|delay=5|n_components=2
[17:10:28] [tdca-local-opt] repeat=5/5 candidate=467/480 variant=tdca_paper_aligned|win=3|delay=5|n_components=3
[17:10:33] [tdca-local-opt] repeat=5/5 candidate=468/480 variant=tdca_paper_aligned|win=3|delay=5|n_components=4
[17:10:39] [tdca-local-opt] repeat=5/5 candidate=469/480 variant=tdca_paper_aligned|win=3.5|delay=2|n_components=2
[17:10:42] [tdca-local-opt] repeat=5/5 candidate=470/480 variant=tdca_paper_aligned|win=3.5|delay=2|n_components=3
[17:10:46] [tdca-local-opt] repeat=5/5 candidate=471/480 variant=tdca_paper_aligned|win=3.5|delay=2|n_components=4
[17:10:50] [tdca-local-opt] repeat=5/5 candidate=472/480 variant=tdca_paper_aligned|win=3.5|delay=3|n_components=2
[17:10:55] [tdca-local-opt] repeat=5/5 candidate=473/480 variant=tdca_paper_aligned|win=3.5|delay=3|n_components=3
[17:10:59] [tdca-local-opt] repeat=5/5 candidate=474/480 variant=tdca_paper_aligned|win=3.5|delay=3|n_components=4
[17:11:03] [tdca-local-opt] repeat=5/5 candidate=475/480 variant=tdca_paper_aligned|win=3.5|delay=4|n_components=2
[17:11:07] [tdca-local-opt] repeat=5/5 candidate=476/480 variant=tdca_paper_aligned|win=3.5|delay=4|n_components=3
[17:11:12] [tdca-local-opt] repeat=5/5 candidate=477/480 variant=tdca_paper_aligned|win=3.5|delay=4|n_components=4
[17:11:16] [tdca-local-opt] repeat=5/5 candidate=478/480 variant=tdca_paper_aligned|win=3.5|delay=5|n_components=2
[17:11:20] [tdca-local-opt] repeat=5/5 candidate=479/480 variant=tdca_paper_aligned|win=3.5|delay=5|n_components=3
[17:11:25] [tdca-local-opt] repeat=5/5 candidate=480/480 variant=tdca_paper_aligned|win=3.5|delay=5|n_components=4
[17:12:37] [tdca-local-opt] report saved: D:\brain\brain_code\02_SSVEP\artifacts\runs\local\tdca-local-opt\20260415\run_20260415_163635_tdca-local-opt\report.json
