[18:32:24] [fbcca-local-opt] report directory prepared: C:\Users\P1233\Desktop\brain\brain_code\02_SSVEP\artifacts\runs\local\fbcca-local-opt\20260430\run_20260430_183224_fbcca-local-opt
[18:32:24] [fbcca-local-opt] compute backend prepared: requested=auto effective=cuda
[18:32:43] [fbcca-local-opt] repeat=1/1 candidate=1/20 variant=fbcca_fixed_all8|win=2.5|confidence=global_correctness_logistic
[18:32:48] [fbcca-local-opt] repeat=1/1 candidate=2/20 variant=fbcca_fixed_all8|win=3|confidence=global_correctness_logistic
[18:32:53] [fbcca-local-opt] repeat=1/1 candidate=3/20 variant=fbcca_fixed_all8|win=2.5|confidence=bayesian_gap_gmm
[18:32:59] [fbcca-local-opt] repeat=1/1 candidate=4/20 variant=fbcca_fixed_all8|win=3|confidence=bayesian_gap_gmm
[18:33:04] [fbcca-local-opt] repeat=1/1 candidate=5/20 variant=fbcca_cw_all8|win=2.5|confidence=global_correctness_logistic
[18:33:12] FBCCA[fbcca_cw_all8]: frontend optimization start | channel_mode=fbcca_diag subband_mode=chen_fixed spatial_mode=none iters=2 folds=3
[18:33:12] FBCCA[fbcca_cw_all8]: iteration 1/2 channel 1/8
[18:33:26] FBCCA[fbcca_cw_all8]: iteration 1/2 channel 2/8
[18:33:40] FBCCA[fbcca_cw_all8]: iteration 1/2 channel 3/8
[18:33:54] FBCCA[fbcca_cw_all8]: iteration 1/2 channel 4/8
[18:34:09] FBCCA[fbcca_cw_all8]: iteration 1/2 channel 5/8
[18:34:23] FBCCA[fbcca_cw_all8]: iteration 1/2 channel 6/8
[18:34:37] FBCCA[fbcca_cw_all8]: iteration 1/2 channel 7/8
[18:34:51] FBCCA[fbcca_cw_all8]: iteration 1/2 channel 8/8
[18:35:05] FBCCA[fbcca_cw_all8]: iteration 1/2 done | channel_improved=1 subband_improved=0 basis_updated=0
[18:35:05] FBCCA[fbcca_cw_all8]: iteration 2/2 channel 1/8
[18:35:20] FBCCA[fbcca_cw_all8]: iteration 2/2 channel 2/8
[18:35:34] FBCCA[fbcca_cw_all8]: iteration 2/2 channel 3/8
[18:35:48] FBCCA[fbcca_cw_all8]: iteration 2/2 channel 4/8
[18:36:03] FBCCA[fbcca_cw_all8]: iteration 2/2 channel 5/8
[18:36:17] FBCCA[fbcca_cw_all8]: iteration 2/2 channel 6/8
[18:36:31] FBCCA[fbcca_cw_all8]: iteration 2/2 channel 7/8
[18:36:45] FBCCA[fbcca_cw_all8]: iteration 2/2 channel 8/8
[18:37:00] FBCCA[fbcca_cw_all8]: iteration 2/2 done | channel_improved=0 subband_improved=0 basis_updated=0
[18:37:05] [fbcca-local-opt] repeat=1/1 candidate=6/20 variant=fbcca_cw_all8|win=3|confidence=global_correctness_logistic
[18:37:12] FBCCA[fbcca_cw_all8]: frontend optimization start | channel_mode=fbcca_diag subband_mode=chen_fixed spatial_mode=none iters=2 folds=3
[18:37:12] FBCCA[fbcca_cw_all8]: iteration 1/2 channel 1/8
[18:37:26] FBCCA[fbcca_cw_all8]: iteration 1/2 channel 2/8
[18:37:39] FBCCA[fbcca_cw_all8]: iteration 1/2 channel 3/8
[18:37:53] FBCCA[fbcca_cw_all8]: iteration 1/2 channel 4/8
[18:38:06] FBCCA[fbcca_cw_all8]: iteration 1/2 channel 5/8
[18:38:19] FBCCA[fbcca_cw_all8]: iteration 1/2 channel 6/8
[18:38:33] FBCCA[fbcca_cw_all8]: iteration 1/2 channel 7/8
[18:38:46] FBCCA[fbcca_cw_all8]: iteration 1/2 channel 8/8
[18:38:59] FBCCA[fbcca_cw_all8]: iteration 1/2 done | channel_improved=1 subband_improved=0 basis_updated=0
[18:38:59] FBCCA[fbcca_cw_all8]: iteration 2/2 channel 1/8
[18:39:13] FBCCA[fbcca_cw_all8]: iteration 2/2 channel 2/8
[18:39:25] FBCCA[fbcca_cw_all8]: iteration 2/2 channel 3/8
[18:39:39] FBCCA[fbcca_cw_all8]: iteration 2/2 channel 4/8
[18:39:52] FBCCA[fbcca_cw_all8]: iteration 2/2 channel 5/8
[18:40:05] FBCCA[fbcca_cw_all8]: iteration 2/2 channel 6/8
[18:40:19] FBCCA[fbcca_cw_all8]: iteration 2/2 channel 7/8
[18:40:33] FBCCA[fbcca_cw_all8]: iteration 2/2 channel 8/8
[18:40:48] FBCCA[fbcca_cw_all8]: iteration 2/2 done | channel_improved=0 subband_improved=0 basis_updated=0
[18:40:53] [fbcca-local-opt] repeat=1/1 candidate=7/20 variant=fbcca_cw_all8|win=2.5|confidence=bayesian_gap_gmm
[18:40:59] [fbcca-local-opt] repeat=1/1 candidate=8/20 variant=fbcca_cw_all8|win=3|confidence=bayesian_gap_gmm
[18:41:05] [fbcca-local-opt] repeat=1/1 candidate=9/20 variant=fbcca_sw_all8|win=2.5|confidence=global_correctness_logistic
[18:41:08] FBCCA[fbcca_sw_all8]: frontend optimization start | channel_mode=none subband_mode=chen_ab_subject spatial_mode=none iters=2 folds=3
[18:41:08] FBCCA[fbcca_sw_all8]: iteration 1/2 subband grid search
[18:44:39] FBCCA[fbcca_sw_all8]: iteration 1/2 done | channel_improved=0 subband_improved=1 basis_updated=0
[18:44:39] FBCCA[fbcca_sw_all8]: iteration 2/2 subband grid search
[18:48:04] FBCCA[fbcca_sw_all8]: iteration 2/2 done | channel_improved=0 subband_improved=0 basis_updated=0
[18:48:09] [fbcca-local-opt] repeat=1/1 candidate=10/20 variant=fbcca_sw_all8|win=3|confidence=global_correctness_logistic
[18:48:12] FBCCA[fbcca_sw_all8]: frontend optimization start | channel_mode=none subband_mode=chen_ab_subject spatial_mode=none iters=2 folds=3
[18:48:12] FBCCA[fbcca_sw_all8]: iteration 1/2 subband grid search
