[10:11:45] [tdca-local-opt] report directory prepared: D:\brain\brain_code\02_SSVEP\artifacts\runs\local\tdca-local-opt\20260416\run_20260416_101145_tdca-local-opt
[10:11:45] [tdca-local-opt] compute backend prepared: requested=auto effective=cuda
[10:13:17] [tdca-local-opt] repeat=1/5 candidate=1/130 variant=tdca_like_legacy|win=2|delay=2|n_components=2|confidence=global_correctness_logistic
[10:13:30] [tdca-local-opt] repeat=1/5 candidate=2/130 variant=tdca_like_legacy|win=2|delay=3|n_components=2|confidence=global_correctness_logistic
[10:13:43] [tdca-local-opt] repeat=1/5 candidate=3/130 variant=tdca_like_legacy|win=2|delay=4|n_components=2|confidence=global_correctness_logistic
[10:13:56] [tdca-local-opt] repeat=1/5 candidate=4/130 variant=tdca_like_legacy|win=2.5|delay=2|n_components=2|confidence=global_correctness_logistic
[10:14:07] [tdca-local-opt] repeat=1/5 candidate=5/130 variant=tdca_like_legacy|win=2.5|delay=3|n_components=2|confidence=global_correctness_logistic
[10:14:18] [tdca-local-opt] repeat=1/5 candidate=6/130 variant=tdca_like_legacy|win=2.5|delay=4|n_components=2|confidence=global_correctness_logistic
[10:14:30] [tdca-local-opt] repeat=1/5 candidate=7/130 variant=tdca_like_legacy|win=3|delay=2|n_components=2|confidence=global_correctness_logistic
[10:14:39] [tdca-local-opt] repeat=1/5 candidate=8/130 variant=tdca_like_legacy|win=3|delay=3|n_components=2|confidence=global_correctness_logistic
[10:14:49] [tdca-local-opt] repeat=1/5 candidate=9/130 variant=tdca_like_legacy|win=3|delay=4|n_components=2|confidence=global_correctness_logistic
[10:14:59] [tdca-local-opt] repeat=1/5 candidate=10/130 variant=tdca_like_legacy|win=2|delay=2|n_components=2|confidence=bayesian_gap_gmm
[10:15:12] [tdca-local-opt] repeat=1/5 candidate=11/130 variant=tdca_like_legacy|win=2|delay=3|n_components=2|confidence=bayesian_gap_gmm
[10:15:25] [tdca-local-opt] repeat=1/5 candidate=12/130 variant=tdca_like_legacy|win=2|delay=4|n_components=2|confidence=bayesian_gap_gmm
[10:15:38] [tdca-local-opt] repeat=1/5 candidate=13/130 variant=tdca_like_legacy|win=2.5|delay=2|n_components=2|confidence=bayesian_gap_gmm
[10:15:49] [tdca-local-opt] repeat=1/5 candidate=14/130 variant=tdca_like_legacy|win=2.5|delay=3|n_components=2|confidence=bayesian_gap_gmm
[10:16:01] [tdca-local-opt] repeat=1/5 candidate=15/130 variant=tdca_like_legacy|win=2.5|delay=4|n_components=2|confidence=bayesian_gap_gmm
[10:16:12] [tdca-local-opt] repeat=1/5 candidate=16/130 variant=tdca_like_legacy|win=3|delay=2|n_components=2|confidence=bayesian_gap_gmm
[10:16:21] [tdca-local-opt] repeat=1/5 candidate=17/130 variant=tdca_like_legacy|win=3|delay=3|n_components=2|confidence=bayesian_gap_gmm
[10:16:31] [tdca-local-opt] repeat=1/5 candidate=18/130 variant=tdca_like_legacy|win=3|delay=4|n_components=2|confidence=bayesian_gap_gmm
[10:16:40] [tdca-local-opt] repeat=1/5 candidate=19/130 variant=tdca_paper_aligned|win=3|delay=3|n_components=2|confidence=global_correctness_logistic
[10:16:50] [tdca-local-opt] repeat=1/5 candidate=20/130 variant=tdca_paper_aligned|win=3|delay=4|n_components=2|confidence=global_correctness_logistic
[10:17:00] [tdca-local-opt] repeat=1/5 candidate=21/130 variant=tdca_paper_aligned|win=3.5|delay=3|n_components=2|confidence=global_correctness_logistic
[10:17:07] [tdca-local-opt] repeat=1/5 candidate=22/130 variant=tdca_paper_aligned|win=3.5|delay=4|n_components=2|confidence=global_correctness_logistic
[10:17:15] [tdca-local-opt] repeat=1/5 candidate=23/130 variant=tdca_paper_aligned|win=3|delay=3|n_components=2|confidence=bayesian_gap_gmm
[10:17:25] [tdca-local-opt] repeat=1/5 candidate=24/130 variant=tdca_paper_aligned|win=3|delay=4|n_components=2|confidence=bayesian_gap_gmm
[10:17:34] [tdca-local-opt] repeat=1/5 candidate=25/130 variant=tdca_paper_aligned|win=3.5|delay=3|n_components=2|confidence=bayesian_gap_gmm
[10:17:42] [tdca-local-opt] repeat=1/5 candidate=26/130 variant=tdca_paper_aligned|win=3.5|delay=4|n_components=2|confidence=bayesian_gap_gmm
[10:17:50] [tdca-local-opt] repeat=2/5 candidate=27/130 variant=tdca_like_legacy|win=2|delay=2|n_components=2|confidence=global_correctness_logistic
[10:18:03] [tdca-local-opt] repeat=2/5 candidate=28/130 variant=tdca_like_legacy|win=2|delay=3|n_components=2|confidence=global_correctness_logistic
[10:18:16] [tdca-local-opt] repeat=2/5 candidate=29/130 variant=tdca_like_legacy|win=2|delay=4|n_components=2|confidence=global_correctness_logistic
[10:18:29] [tdca-local-opt] repeat=2/5 candidate=30/130 variant=tdca_like_legacy|win=2.5|delay=2|n_components=2|confidence=global_correctness_logistic
[10:18:40] [tdca-local-opt] repeat=2/5 candidate=31/130 variant=tdca_like_legacy|win=2.5|delay=3|n_components=2|confidence=global_correctness_logistic
[10:18:51] [tdca-local-opt] repeat=2/5 candidate=32/130 variant=tdca_like_legacy|win=2.5|delay=4|n_components=2|confidence=global_correctness_logistic
[10:19:03] [tdca-local-opt] repeat=2/5 candidate=33/130 variant=tdca_like_legacy|win=3|delay=2|n_components=2|confidence=global_correctness_logistic
[10:19:12] [tdca-local-opt] repeat=2/5 candidate=34/130 variant=tdca_like_legacy|win=3|delay=3|n_components=2|confidence=global_correctness_logistic
[10:19:21] [tdca-local-opt] repeat=2/5 candidate=35/130 variant=tdca_like_legacy|win=3|delay=4|n_components=2|confidence=global_correctness_logistic
[10:19:31] [tdca-local-opt] repeat=2/5 candidate=36/130 variant=tdca_like_legacy|win=2|delay=2|n_components=2|confidence=bayesian_gap_gmm
[10:19:44] [tdca-local-opt] repeat=2/5 candidate=37/130 variant=tdca_like_legacy|win=2|delay=3|n_components=2|confidence=bayesian_gap_gmm
[10:19:57] [tdca-local-opt] repeat=2/5 candidate=38/130 variant=tdca_like_legacy|win=2|delay=4|n_components=2|confidence=bayesian_gap_gmm
[10:20:09] [tdca-local-opt] repeat=2/5 candidate=39/130 variant=tdca_like_legacy|win=2.5|delay=2|n_components=2|confidence=bayesian_gap_gmm
[10:20:20] [tdca-local-opt] repeat=2/5 candidate=40/130 variant=tdca_like_legacy|win=2.5|delay=3|n_components=2|confidence=bayesian_gap_gmm
[10:20:31] [tdca-local-opt] repeat=2/5 candidate=41/130 variant=tdca_like_legacy|win=2.5|delay=4|n_components=2|confidence=bayesian_gap_gmm
[10:20:43] [tdca-local-opt] repeat=2/5 candidate=42/130 variant=tdca_like_legacy|win=3|delay=2|n_components=2|confidence=bayesian_gap_gmm
[10:20:52] [tdca-local-opt] repeat=2/5 candidate=43/130 variant=tdca_like_legacy|win=3|delay=3|n_components=2|confidence=bayesian_gap_gmm
[10:21:02] [tdca-local-opt] repeat=2/5 candidate=44/130 variant=tdca_like_legacy|win=3|delay=4|n_components=2|confidence=bayesian_gap_gmm
[10:21:13] [tdca-local-opt] repeat=2/5 candidate=45/130 variant=tdca_paper_aligned|win=3|delay=3|n_components=2|confidence=global_correctness_logistic
[10:21:23] [tdca-local-opt] repeat=2/5 candidate=46/130 variant=tdca_paper_aligned|win=3|delay=4|n_components=2|confidence=global_correctness_logistic
[10:21:34] [tdca-local-opt] repeat=2/5 candidate=47/130 variant=tdca_paper_aligned|win=3.5|delay=3|n_components=2|confidence=global_correctness_logistic
[10:21:43] [tdca-local-opt] repeat=2/5 candidate=48/130 variant=tdca_paper_aligned|win=3.5|delay=4|n_components=2|confidence=global_correctness_logistic
[10:21:52] [tdca-local-opt] repeat=2/5 candidate=49/130 variant=tdca_paper_aligned|win=3|delay=3|n_components=2|confidence=bayesian_gap_gmm
[10:22:02] [tdca-local-opt] repeat=2/5 candidate=50/130 variant=tdca_paper_aligned|win=3|delay=4|n_components=2|confidence=bayesian_gap_gmm
[10:22:13] [tdca-local-opt] repeat=2/5 candidate=51/130 variant=tdca_paper_aligned|win=3.5|delay=3|n_components=2|confidence=bayesian_gap_gmm
[10:22:21] [tdca-local-opt] repeat=2/5 candidate=52/130 variant=tdca_paper_aligned|win=3.5|delay=4|n_components=2|confidence=bayesian_gap_gmm
[10:22:30] [tdca-local-opt] repeat=3/5 candidate=53/130 variant=tdca_like_legacy|win=2|delay=2|n_components=2|confidence=global_correctness_logistic
[10:22:44] [tdca-local-opt] repeat=3/5 candidate=54/130 variant=tdca_like_legacy|win=2|delay=3|n_components=2|confidence=global_correctness_logistic
[10:22:57] [tdca-local-opt] repeat=3/5 candidate=55/130 variant=tdca_like_legacy|win=2|delay=4|n_components=2|confidence=global_correctness_logistic
[10:23:12] [tdca-local-opt] repeat=3/5 candidate=56/130 variant=tdca_like_legacy|win=2.5|delay=2|n_components=2|confidence=global_correctness_logistic
[10:23:24] [tdca-local-opt] repeat=3/5 candidate=57/130 variant=tdca_like_legacy|win=2.5|delay=3|n_components=2|confidence=global_correctness_logistic
[10:23:36] [tdca-local-opt] repeat=3/5 candidate=58/130 variant=tdca_like_legacy|win=2.5|delay=4|n_components=2|confidence=global_correctness_logistic
[10:23:48] [tdca-local-opt] repeat=3/5 candidate=59/130 variant=tdca_like_legacy|win=3|delay=2|n_components=2|confidence=global_correctness_logistic
[10:23:59] [tdca-local-opt] repeat=3/5 candidate=60/130 variant=tdca_like_legacy|win=3|delay=3|n_components=2|confidence=global_correctness_logistic
[10:24:10] [tdca-local-opt] repeat=3/5 candidate=61/130 variant=tdca_like_legacy|win=3|delay=4|n_components=2|confidence=global_correctness_logistic
[10:24:20] [tdca-local-opt] repeat=3/5 candidate=62/130 variant=tdca_like_legacy|win=2|delay=2|n_components=2|confidence=bayesian_gap_gmm
[10:24:34] [tdca-local-opt] repeat=3/5 candidate=63/130 variant=tdca_like_legacy|win=2|delay=3|n_components=2|confidence=bayesian_gap_gmm
[10:24:48] [tdca-local-opt] repeat=3/5 candidate=64/130 variant=tdca_like_legacy|win=2|delay=4|n_components=2|confidence=bayesian_gap_gmm
[10:25:02] [tdca-local-opt] repeat=3/5 candidate=65/130 variant=tdca_like_legacy|win=2.5|delay=2|n_components=2|confidence=bayesian_gap_gmm
[10:25:14] [tdca-local-opt] repeat=3/5 candidate=66/130 variant=tdca_like_legacy|win=2.5|delay=3|n_components=2|confidence=bayesian_gap_gmm
[10:25:26] [tdca-local-opt] repeat=3/5 candidate=67/130 variant=tdca_like_legacy|win=2.5|delay=4|n_components=2|confidence=bayesian_gap_gmm
[10:25:38] [tdca-local-opt] repeat=3/5 candidate=68/130 variant=tdca_like_legacy|win=3|delay=2|n_components=2|confidence=bayesian_gap_gmm
[10:25:48] [tdca-local-opt] repeat=3/5 candidate=69/130 variant=tdca_like_legacy|win=3|delay=3|n_components=2|confidence=bayesian_gap_gmm
[10:25:59] [tdca-local-opt] repeat=3/5 candidate=70/130 variant=tdca_like_legacy|win=3|delay=4|n_components=2|confidence=bayesian_gap_gmm
[10:26:09] [tdca-local-opt] repeat=3/5 candidate=71/130 variant=tdca_paper_aligned|win=3|delay=3|n_components=2|confidence=global_correctness_logistic
[10:26:20] [tdca-local-opt] repeat=3/5 candidate=72/130 variant=tdca_paper_aligned|win=3|delay=4|n_components=2|confidence=global_correctness_logistic
[10:26:31] [tdca-local-opt] repeat=3/5 candidate=73/130 variant=tdca_paper_aligned|win=3.5|delay=3|n_components=2|confidence=global_correctness_logistic
[10:26:39] [tdca-local-opt] repeat=3/5 candidate=74/130 variant=tdca_paper_aligned|win=3.5|delay=4|n_components=2|confidence=global_correctness_logistic
[10:26:48] [tdca-local-opt] repeat=3/5 candidate=75/130 variant=tdca_paper_aligned|win=3|delay=3|n_components=2|confidence=bayesian_gap_gmm
[10:26:58] [tdca-local-opt] repeat=3/5 candidate=76/130 variant=tdca_paper_aligned|win=3|delay=4|n_components=2|confidence=bayesian_gap_gmm
[10:27:09] [tdca-local-opt] repeat=3/5 candidate=77/130 variant=tdca_paper_aligned|win=3.5|delay=3|n_components=2|confidence=bayesian_gap_gmm
[10:27:18] [tdca-local-opt] repeat=3/5 candidate=78/130 variant=tdca_paper_aligned|win=3.5|delay=4|n_components=2|confidence=bayesian_gap_gmm
[10:27:26] [tdca-local-opt] repeat=4/5 candidate=79/130 variant=tdca_like_legacy|win=2|delay=2|n_components=2|confidence=global_correctness_logistic
[10:27:40] [tdca-local-opt] repeat=4/5 candidate=80/130 variant=tdca_like_legacy|win=2|delay=3|n_components=2|confidence=global_correctness_logistic
[10:27:55] [tdca-local-opt] repeat=4/5 candidate=81/130 variant=tdca_like_legacy|win=2|delay=4|n_components=2|confidence=global_correctness_logistic
[10:28:09] [tdca-local-opt] repeat=4/5 candidate=82/130 variant=tdca_like_legacy|win=2.5|delay=2|n_components=2|confidence=global_correctness_logistic
[10:28:22] [tdca-local-opt] repeat=4/5 candidate=83/130 variant=tdca_like_legacy|win=2.5|delay=3|n_components=2|confidence=global_correctness_logistic
[10:28:34] [tdca-local-opt] repeat=4/5 candidate=84/130 variant=tdca_like_legacy|win=2.5|delay=4|n_components=2|confidence=global_correctness_logistic
[10:28:46] [tdca-local-opt] repeat=4/5 candidate=85/130 variant=tdca_like_legacy|win=3|delay=2|n_components=2|confidence=global_correctness_logistic
[10:28:57] [tdca-local-opt] repeat=4/5 candidate=86/130 variant=tdca_like_legacy|win=3|delay=3|n_components=2|confidence=global_correctness_logistic
[10:29:07] [tdca-local-opt] repeat=4/5 candidate=87/130 variant=tdca_like_legacy|win=3|delay=4|n_components=2|confidence=global_correctness_logistic
[10:29:18] [tdca-local-opt] repeat=4/5 candidate=88/130 variant=tdca_like_legacy|win=2|delay=2|n_components=2|confidence=bayesian_gap_gmm
[10:29:32] [tdca-local-opt] repeat=4/5 candidate=89/130 variant=tdca_like_legacy|win=2|delay=3|n_components=2|confidence=bayesian_gap_gmm
[10:29:46] [tdca-local-opt] repeat=4/5 candidate=90/130 variant=tdca_like_legacy|win=2|delay=4|n_components=2|confidence=bayesian_gap_gmm
[10:30:00] [tdca-local-opt] repeat=4/5 candidate=91/130 variant=tdca_like_legacy|win=2.5|delay=2|n_components=2|confidence=bayesian_gap_gmm
[10:30:12] [tdca-local-opt] repeat=4/5 candidate=92/130 variant=tdca_like_legacy|win=2.5|delay=3|n_components=2|confidence=bayesian_gap_gmm
[10:30:24] [tdca-local-opt] repeat=4/5 candidate=93/130 variant=tdca_like_legacy|win=2.5|delay=4|n_components=2|confidence=bayesian_gap_gmm
[10:30:37] [tdca-local-opt] repeat=4/5 candidate=94/130 variant=tdca_like_legacy|win=3|delay=2|n_components=2|confidence=bayesian_gap_gmm
[10:30:48] [tdca-local-opt] repeat=4/5 candidate=95/130 variant=tdca_like_legacy|win=3|delay=3|n_components=2|confidence=bayesian_gap_gmm
[10:30:58] [tdca-local-opt] repeat=4/5 candidate=96/130 variant=tdca_like_legacy|win=3|delay=4|n_components=2|confidence=bayesian_gap_gmm
[10:31:08] [tdca-local-opt] repeat=4/5 candidate=97/130 variant=tdca_paper_aligned|win=3|delay=3|n_components=2|confidence=global_correctness_logistic
[10:31:19] [tdca-local-opt] repeat=4/5 candidate=98/130 variant=tdca_paper_aligned|win=3|delay=4|n_components=2|confidence=global_correctness_logistic
[10:31:31] [tdca-local-opt] repeat=4/5 candidate=99/130 variant=tdca_paper_aligned|win=3.5|delay=3|n_components=2|confidence=global_correctness_logistic
[10:31:39] [tdca-local-opt] repeat=4/5 candidate=100/130 variant=tdca_paper_aligned|win=3.5|delay=4|n_components=2|confidence=global_correctness_logistic
[10:31:48] [tdca-local-opt] repeat=4/5 candidate=101/130 variant=tdca_paper_aligned|win=3|delay=3|n_components=2|confidence=bayesian_gap_gmm
[10:31:58] [tdca-local-opt] repeat=4/5 candidate=102/130 variant=tdca_paper_aligned|win=3|delay=4|n_components=2|confidence=bayesian_gap_gmm
[10:32:10] [tdca-local-opt] repeat=4/5 candidate=103/130 variant=tdca_paper_aligned|win=3.5|delay=3|n_components=2|confidence=bayesian_gap_gmm
[10:32:18] [tdca-local-opt] repeat=4/5 candidate=104/130 variant=tdca_paper_aligned|win=3.5|delay=4|n_components=2|confidence=bayesian_gap_gmm
[10:32:27] [tdca-local-opt] repeat=5/5 candidate=105/130 variant=tdca_like_legacy|win=2|delay=2|n_components=2|confidence=global_correctness_logistic
[10:32:41] [tdca-local-opt] repeat=5/5 candidate=106/130 variant=tdca_like_legacy|win=2|delay=3|n_components=2|confidence=global_correctness_logistic
[10:32:56] [tdca-local-opt] repeat=5/5 candidate=107/130 variant=tdca_like_legacy|win=2|delay=4|n_components=2|confidence=global_correctness_logistic
[10:33:11] [tdca-local-opt] repeat=5/5 candidate=108/130 variant=tdca_like_legacy|win=2.5|delay=2|n_components=2|confidence=global_correctness_logistic
[10:33:24] [tdca-local-opt] repeat=5/5 candidate=109/130 variant=tdca_like_legacy|win=2.5|delay=3|n_components=2|confidence=global_correctness_logistic
[10:33:36] [tdca-local-opt] repeat=5/5 candidate=110/130 variant=tdca_like_legacy|win=2.5|delay=4|n_components=2|confidence=global_correctness_logistic
[10:33:48] [tdca-local-opt] repeat=5/5 candidate=111/130 variant=tdca_like_legacy|win=3|delay=2|n_components=2|confidence=global_correctness_logistic
[10:33:59] [tdca-local-opt] repeat=5/5 candidate=112/130 variant=tdca_like_legacy|win=3|delay=3|n_components=2|confidence=global_correctness_logistic
[10:34:10] [tdca-local-opt] repeat=5/5 candidate=113/130 variant=tdca_like_legacy|win=3|delay=4|n_components=2|confidence=global_correctness_logistic
[10:34:20] [tdca-local-opt] repeat=5/5 candidate=114/130 variant=tdca_like_legacy|win=2|delay=2|n_components=2|confidence=bayesian_gap_gmm
[10:34:35] [tdca-local-opt] repeat=5/5 candidate=115/130 variant=tdca_like_legacy|win=2|delay=3|n_components=2|confidence=bayesian_gap_gmm
[10:34:49] [tdca-local-opt] repeat=5/5 candidate=116/130 variant=tdca_like_legacy|win=2|delay=4|n_components=2|confidence=bayesian_gap_gmm
[10:35:04] [tdca-local-opt] repeat=5/5 candidate=117/130 variant=tdca_like_legacy|win=2.5|delay=2|n_components=2|confidence=bayesian_gap_gmm
[10:35:16] [tdca-local-opt] repeat=5/5 candidate=118/130 variant=tdca_like_legacy|win=2.5|delay=3|n_components=2|confidence=bayesian_gap_gmm
[10:35:28] [tdca-local-opt] repeat=5/5 candidate=119/130 variant=tdca_like_legacy|win=2.5|delay=4|n_components=2|confidence=bayesian_gap_gmm
[10:35:40] [tdca-local-opt] repeat=5/5 candidate=120/130 variant=tdca_like_legacy|win=3|delay=2|n_components=2|confidence=bayesian_gap_gmm
[10:35:51] [tdca-local-opt] repeat=5/5 candidate=121/130 variant=tdca_like_legacy|win=3|delay=3|n_components=2|confidence=bayesian_gap_gmm
[10:36:01] [tdca-local-opt] repeat=5/5 candidate=122/130 variant=tdca_like_legacy|win=3|delay=4|n_components=2|confidence=bayesian_gap_gmm
[10:36:11] [tdca-local-opt] repeat=5/5 candidate=123/130 variant=tdca_paper_aligned|win=3|delay=3|n_components=2|confidence=global_correctness_logistic
[10:36:22] [tdca-local-opt] repeat=5/5 candidate=124/130 variant=tdca_paper_aligned|win=3|delay=4|n_components=2|confidence=global_correctness_logistic
[10:36:33] [tdca-local-opt] repeat=5/5 candidate=125/130 variant=tdca_paper_aligned|win=3.5|delay=3|n_components=2|confidence=global_correctness_logistic
[10:36:42] [tdca-local-opt] repeat=5/5 candidate=126/130 variant=tdca_paper_aligned|win=3.5|delay=4|n_components=2|confidence=global_correctness_logistic
[10:36:51] [tdca-local-opt] repeat=5/5 candidate=127/130 variant=tdca_paper_aligned|win=3|delay=3|n_components=2|confidence=bayesian_gap_gmm
[10:37:02] [tdca-local-opt] repeat=5/5 candidate=128/130 variant=tdca_paper_aligned|win=3|delay=4|n_components=2|confidence=bayesian_gap_gmm
[10:37:13] [tdca-local-opt] repeat=5/5 candidate=129/130 variant=tdca_paper_aligned|win=3.5|delay=3|n_components=2|confidence=bayesian_gap_gmm
[10:37:22] [tdca-local-opt] repeat=5/5 candidate=130/130 variant=tdca_paper_aligned|win=3.5|delay=4|n_components=2|confidence=bayesian_gap_gmm
[11:07:46] [tdca-local-opt] report saved: D:\brain\brain_code\02_SSVEP\artifacts\runs\local\tdca-local-opt\20260416\run_20260416_101145_tdca-local-opt\report.json
[11:07:46] [tdca-local-opt] profile saved: D:\brain\brain_code\02_SSVEP\artifacts\runs\local\tdca-local-opt\20260416\run_20260416_101145_tdca-local-opt\default_profile.json
