[15:28:30] [tdca-local-opt] report directory prepared: D:\brain\brain_code\02_SSVEP\artifacts\runs\local\tdca-local-opt\20260415\run_20260415_152830_tdca-local-opt
[15:28:30] [tdca-local-opt] compute backend prepared: requested=auto effective=cpu
[15:29:01] [tdca-local-opt] repeat=1/5 candidate=1/480 variant=tdca_like_legacy|win=2|delay=2|n_components=2
[15:29:05] [tdca-local-opt] repeat=1/5 candidate=2/480 variant=tdca_like_legacy|win=2|delay=2|n_components=3
[15:29:10] [tdca-local-opt] repeat=1/5 candidate=3/480 variant=tdca_like_legacy|win=2|delay=2|n_components=4
[15:29:16] [tdca-local-opt] repeat=1/5 candidate=4/480 variant=tdca_like_legacy|win=2|delay=3|n_components=2
[15:29:20] [tdca-local-opt] repeat=1/5 candidate=5/480 variant=tdca_like_legacy|win=2|delay=3|n_components=3
[15:29:25] [tdca-local-opt] repeat=1/5 candidate=6/480 variant=tdca_like_legacy|win=2|delay=3|n_components=4
[15:29:31] [tdca-local-opt] repeat=1/5 candidate=7/480 variant=tdca_like_legacy|win=2|delay=4|n_components=2
[15:29:35] [tdca-local-opt] repeat=1/5 candidate=8/480 variant=tdca_like_legacy|win=2|delay=4|n_components=3
[15:29:40] [tdca-local-opt] repeat=1/5 candidate=9/480 variant=tdca_like_legacy|win=2|delay=4|n_components=4
[15:29:46] [tdca-local-opt] repeat=1/5 candidate=10/480 variant=tdca_like_legacy|win=2|delay=5|n_components=2
[15:29:50] [tdca-local-opt] repeat=1/5 candidate=11/480 variant=tdca_like_legacy|win=2|delay=5|n_components=3
[15:29:55] [tdca-local-opt] repeat=1/5 candidate=12/480 variant=tdca_like_legacy|win=2|delay=5|n_components=4
[15:30:02] [tdca-local-opt] repeat=1/5 candidate=13/480 variant=tdca_like_legacy|win=2.5|delay=2|n_components=2
[15:30:05] [tdca-local-opt] repeat=1/5 candidate=14/480 variant=tdca_like_legacy|win=2.5|delay=2|n_components=3
[15:30:10] [tdca-local-opt] repeat=1/5 candidate=15/480 variant=tdca_like_legacy|win=2.5|delay=2|n_components=4
[15:30:15] [tdca-local-opt] repeat=1/5 candidate=16/480 variant=tdca_like_legacy|win=2.5|delay=3|n_components=2
[15:30:19] [tdca-local-opt] repeat=1/5 candidate=17/480 variant=tdca_like_legacy|win=2.5|delay=3|n_components=3
[15:30:23] [tdca-local-opt] repeat=1/5 candidate=18/480 variant=tdca_like_legacy|win=2.5|delay=3|n_components=4
[15:30:28] [tdca-local-opt] repeat=1/5 candidate=19/480 variant=tdca_like_legacy|win=2.5|delay=4|n_components=2
[15:30:32] [tdca-local-opt] repeat=1/5 candidate=20/480 variant=tdca_like_legacy|win=2.5|delay=4|n_components=3
[15:30:36] [tdca-local-opt] repeat=1/5 candidate=21/480 variant=tdca_like_legacy|win=2.5|delay=4|n_components=4
[15:30:42] [tdca-local-opt] repeat=1/5 candidate=22/480 variant=tdca_like_legacy|win=2.5|delay=5|n_components=2
[15:30:45] [tdca-local-opt] repeat=1/5 candidate=23/480 variant=tdca_like_legacy|win=2.5|delay=5|n_components=3
[15:30:50] [tdca-local-opt] repeat=1/5 candidate=24/480 variant=tdca_like_legacy|win=2.5|delay=5|n_components=4
[15:30:55] [tdca-local-opt] repeat=1/5 candidate=25/480 variant=tdca_like_legacy|win=3|delay=2|n_components=2
[15:30:58] [tdca-local-opt] repeat=1/5 candidate=26/480 variant=tdca_like_legacy|win=3|delay=2|n_components=3
[15:31:02] [tdca-local-opt] repeat=1/5 candidate=27/480 variant=tdca_like_legacy|win=3|delay=2|n_components=4
[15:31:06] [tdca-local-opt] repeat=1/5 candidate=28/480 variant=tdca_like_legacy|win=3|delay=3|n_components=2
[15:31:09] [tdca-local-opt] repeat=1/5 candidate=29/480 variant=tdca_like_legacy|win=3|delay=3|n_components=3
[15:31:13] [tdca-local-opt] repeat=1/5 candidate=30/480 variant=tdca_like_legacy|win=3|delay=3|n_components=4
[15:31:18] [tdca-local-opt] repeat=1/5 candidate=31/480 variant=tdca_like_legacy|win=3|delay=4|n_components=2
[15:31:21] [tdca-local-opt] repeat=1/5 candidate=32/480 variant=tdca_like_legacy|win=3|delay=4|n_components=3
[15:31:25] [tdca-local-opt] repeat=1/5 candidate=33/480 variant=tdca_like_legacy|win=3|delay=4|n_components=4
[15:31:29] [tdca-local-opt] repeat=1/5 candidate=34/480 variant=tdca_like_legacy|win=3|delay=5|n_components=2
[15:31:32] [tdca-local-opt] repeat=1/5 candidate=35/480 variant=tdca_like_legacy|win=3|delay=5|n_components=3
[15:31:36] [tdca-local-opt] repeat=1/5 candidate=36/480 variant=tdca_like_legacy|win=3|delay=5|n_components=4
[15:31:41] [tdca-local-opt] repeat=1/5 candidate=37/480 variant=tdca_like_legacy|win=3.5|delay=2|n_components=2
[15:31:43] [tdca-local-opt] repeat=1/5 candidate=38/480 variant=tdca_like_legacy|win=3.5|delay=2|n_components=3
[15:31:46] [tdca-local-opt] repeat=1/5 candidate=39/480 variant=tdca_like_legacy|win=3.5|delay=2|n_components=4
[15:31:50] [tdca-local-opt] repeat=1/5 candidate=40/480 variant=tdca_like_legacy|win=3.5|delay=3|n_components=2
[15:31:53] [tdca-local-opt] repeat=1/5 candidate=41/480 variant=tdca_like_legacy|win=3.5|delay=3|n_components=3
[15:31:56] [tdca-local-opt] repeat=1/5 candidate=42/480 variant=tdca_like_legacy|win=3.5|delay=3|n_components=4
[15:31:59] [tdca-local-opt] repeat=1/5 candidate=43/480 variant=tdca_like_legacy|win=3.5|delay=4|n_components=2
[15:32:02] [tdca-local-opt] repeat=1/5 candidate=44/480 variant=tdca_like_legacy|win=3.5|delay=4|n_components=3
[15:32:05] [tdca-local-opt] repeat=1/5 candidate=45/480 variant=tdca_like_legacy|win=3.5|delay=4|n_components=4
[15:32:09] [tdca-local-opt] repeat=1/5 candidate=46/480 variant=tdca_like_legacy|win=3.5|delay=5|n_components=2
[15:32:12] [tdca-local-opt] repeat=1/5 candidate=47/480 variant=tdca_like_legacy|win=3.5|delay=5|n_components=3
[15:32:15] [tdca-local-opt] repeat=1/5 candidate=48/480 variant=tdca_like_legacy|win=3.5|delay=5|n_components=4
[15:32:19] [tdca-local-opt] repeat=1/5 candidate=49/480 variant=tdca_paper_aligned|win=2|delay=2|n_components=2
[15:32:23] [tdca-local-opt] repeat=1/5 candidate=50/480 variant=tdca_paper_aligned|win=2|delay=2|n_components=3
[15:32:28] [tdca-local-opt] repeat=1/5 candidate=51/480 variant=tdca_paper_aligned|win=2|delay=2|n_components=4
[15:32:34] [tdca-local-opt] repeat=1/5 candidate=52/480 variant=tdca_paper_aligned|win=2|delay=3|n_components=2
[15:32:39] [tdca-local-opt] repeat=1/5 candidate=53/480 variant=tdca_paper_aligned|win=2|delay=3|n_components=3
[15:32:44] [tdca-local-opt] repeat=1/5 candidate=54/480 variant=tdca_paper_aligned|win=2|delay=3|n_components=4
[15:32:50] [tdca-local-opt] repeat=1/5 candidate=55/480 variant=tdca_paper_aligned|win=2|delay=4|n_components=2
[15:32:55] [tdca-local-opt] repeat=1/5 candidate=56/480 variant=tdca_paper_aligned|win=2|delay=4|n_components=3
[15:33:01] [tdca-local-opt] repeat=1/5 candidate=57/480 variant=tdca_paper_aligned|win=2|delay=4|n_components=4
[15:33:07] [tdca-local-opt] repeat=1/5 candidate=58/480 variant=tdca_paper_aligned|win=2|delay=5|n_components=2
[15:33:12] [tdca-local-opt] repeat=1/5 candidate=59/480 variant=tdca_paper_aligned|win=2|delay=5|n_components=3
[15:33:18] [tdca-local-opt] repeat=1/5 candidate=60/480 variant=tdca_paper_aligned|win=2|delay=5|n_components=4
[15:33:25] [tdca-local-opt] repeat=1/5 candidate=61/480 variant=tdca_paper_aligned|win=2.5|delay=2|n_components=2
[15:33:29] [tdca-local-opt] repeat=1/5 candidate=62/480 variant=tdca_paper_aligned|win=2.5|delay=2|n_components=3
[15:33:34] [tdca-local-opt] repeat=1/5 candidate=63/480 variant=tdca_paper_aligned|win=2.5|delay=2|n_components=4
[15:33:39] [tdca-local-opt] repeat=1/5 candidate=64/480 variant=tdca_paper_aligned|win=2.5|delay=3|n_components=2
[15:33:43] [tdca-local-opt] repeat=1/5 candidate=65/480 variant=tdca_paper_aligned|win=2.5|delay=3|n_components=3
[15:33:48] [tdca-local-opt] repeat=1/5 candidate=66/480 variant=tdca_paper_aligned|win=2.5|delay=3|n_components=4
[15:33:54] [tdca-local-opt] repeat=1/5 candidate=67/480 variant=tdca_paper_aligned|win=2.5|delay=4|n_components=2
[15:33:58] [tdca-local-opt] repeat=1/5 candidate=68/480 variant=tdca_paper_aligned|win=2.5|delay=4|n_components=3
[15:34:04] [tdca-local-opt] repeat=1/5 candidate=69/480 variant=tdca_paper_aligned|win=2.5|delay=4|n_components=4
[15:34:10] [tdca-local-opt] repeat=1/5 candidate=70/480 variant=tdca_paper_aligned|win=2.5|delay=5|n_components=2
[15:34:14] [tdca-local-opt] repeat=1/5 candidate=71/480 variant=tdca_paper_aligned|win=2.5|delay=5|n_components=3
[15:34:20] [tdca-local-opt] repeat=1/5 candidate=72/480 variant=tdca_paper_aligned|win=2.5|delay=5|n_components=4
[15:34:26] [tdca-local-opt] repeat=1/5 candidate=73/480 variant=tdca_paper_aligned|win=3|delay=2|n_components=2
[15:34:30] [tdca-local-opt] repeat=1/5 candidate=74/480 variant=tdca_paper_aligned|win=3|delay=2|n_components=3
[15:34:34] [tdca-local-opt] repeat=1/5 candidate=75/480 variant=tdca_paper_aligned|win=3|delay=2|n_components=4
[15:34:39] [tdca-local-opt] repeat=1/5 candidate=76/480 variant=tdca_paper_aligned|win=3|delay=3|n_components=2
[15:34:42] [tdca-local-opt] repeat=1/5 candidate=77/480 variant=tdca_paper_aligned|win=3|delay=3|n_components=3
[15:34:47] [tdca-local-opt] repeat=1/5 candidate=78/480 variant=tdca_paper_aligned|win=3|delay=3|n_components=4
[15:34:52] [tdca-local-opt] repeat=1/5 candidate=79/480 variant=tdca_paper_aligned|win=3|delay=4|n_components=2
[15:34:56] [tdca-local-opt] repeat=1/5 candidate=80/480 variant=tdca_paper_aligned|win=3|delay=4|n_components=3
[15:35:01] [tdca-local-opt] repeat=1/5 candidate=81/480 variant=tdca_paper_aligned|win=3|delay=4|n_components=4
[15:35:06] [tdca-local-opt] repeat=1/5 candidate=82/480 variant=tdca_paper_aligned|win=3|delay=5|n_components=2
[15:35:10] [tdca-local-opt] repeat=1/5 candidate=83/480 variant=tdca_paper_aligned|win=3|delay=5|n_components=3
[15:35:15] [tdca-local-opt] repeat=1/5 candidate=84/480 variant=tdca_paper_aligned|win=3|delay=5|n_components=4
[15:35:21] [tdca-local-opt] repeat=1/5 candidate=85/480 variant=tdca_paper_aligned|win=3.5|delay=2|n_components=2
[15:35:24] [tdca-local-opt] repeat=1/5 candidate=86/480 variant=tdca_paper_aligned|win=3.5|delay=2|n_components=3
[15:35:28] [tdca-local-opt] repeat=1/5 candidate=87/480 variant=tdca_paper_aligned|win=3.5|delay=2|n_components=4
[15:35:32] [tdca-local-opt] repeat=1/5 candidate=88/480 variant=tdca_paper_aligned|win=3.5|delay=3|n_components=2
[15:35:35] [tdca-local-opt] repeat=1/5 candidate=89/480 variant=tdca_paper_aligned|win=3.5|delay=3|n_components=3
[15:35:39] [tdca-local-opt] repeat=1/5 candidate=90/480 variant=tdca_paper_aligned|win=3.5|delay=3|n_components=4
[15:35:44] [tdca-local-opt] repeat=1/5 candidate=91/480 variant=tdca_paper_aligned|win=3.5|delay=4|n_components=2
[15:35:47] [tdca-local-opt] repeat=1/5 candidate=92/480 variant=tdca_paper_aligned|win=3.5|delay=4|n_components=3
[15:35:51] [tdca-local-opt] repeat=1/5 candidate=93/480 variant=tdca_paper_aligned|win=3.5|delay=4|n_components=4
[15:35:56] [tdca-local-opt] repeat=1/5 candidate=94/480 variant=tdca_paper_aligned|win=3.5|delay=5|n_components=2
[15:36:00] [tdca-local-opt] repeat=1/5 candidate=95/480 variant=tdca_paper_aligned|win=3.5|delay=5|n_components=3
[15:36:04] [tdca-local-opt] repeat=1/5 candidate=96/480 variant=tdca_paper_aligned|win=3.5|delay=5|n_components=4
[15:36:10] [tdca-local-opt] repeat=2/5 candidate=97/480 variant=tdca_like_legacy|win=2|delay=2|n_components=2
[15:36:13] [tdca-local-opt] repeat=2/5 candidate=98/480 variant=tdca_like_legacy|win=2|delay=2|n_components=3
[15:36:18] [tdca-local-opt] repeat=2/5 candidate=99/480 variant=tdca_like_legacy|win=2|delay=2|n_components=4
[15:36:24] [tdca-local-opt] repeat=2/5 candidate=100/480 variant=tdca_like_legacy|win=2|delay=3|n_components=2
[15:36:28] [tdca-local-opt] repeat=2/5 candidate=101/480 variant=tdca_like_legacy|win=2|delay=3|n_components=3
[15:36:33] [tdca-local-opt] repeat=2/5 candidate=102/480 variant=tdca_like_legacy|win=2|delay=3|n_components=4
[15:36:39] [tdca-local-opt] repeat=2/5 candidate=103/480 variant=tdca_like_legacy|win=2|delay=4|n_components=2
[15:36:43] [tdca-local-opt] repeat=2/5 candidate=104/480 variant=tdca_like_legacy|win=2|delay=4|n_components=3
[15:36:48] [tdca-local-opt] repeat=2/5 candidate=105/480 variant=tdca_like_legacy|win=2|delay=4|n_components=4
[15:36:54] [tdca-local-opt] repeat=2/5 candidate=106/480 variant=tdca_like_legacy|win=2|delay=5|n_components=2
[15:36:58] [tdca-local-opt] repeat=2/5 candidate=107/480 variant=tdca_like_legacy|win=2|delay=5|n_components=3
[15:37:03] [tdca-local-opt] repeat=2/5 candidate=108/480 variant=tdca_like_legacy|win=2|delay=5|n_components=4
[15:37:09] [tdca-local-opt] repeat=2/5 candidate=109/480 variant=tdca_like_legacy|win=2.5|delay=2|n_components=2
[15:37:12] [tdca-local-opt] repeat=2/5 candidate=110/480 variant=tdca_like_legacy|win=2.5|delay=2|n_components=3
[15:37:17] [tdca-local-opt] repeat=2/5 candidate=111/480 variant=tdca_like_legacy|win=2.5|delay=2|n_components=4
[15:37:22] [tdca-local-opt] repeat=2/5 candidate=112/480 variant=tdca_like_legacy|win=2.5|delay=3|n_components=2
[15:37:26] [tdca-local-opt] repeat=2/5 candidate=113/480 variant=tdca_like_legacy|win=2.5|delay=3|n_components=3
[15:37:30] [tdca-local-opt] repeat=2/5 candidate=114/480 variant=tdca_like_legacy|win=2.5|delay=3|n_components=4
[15:37:35] [tdca-local-opt] repeat=2/5 candidate=115/480 variant=tdca_like_legacy|win=2.5|delay=4|n_components=2
[15:37:39] [tdca-local-opt] repeat=2/5 candidate=116/480 variant=tdca_like_legacy|win=2.5|delay=4|n_components=3
[15:37:43] [tdca-local-opt] repeat=2/5 candidate=117/480 variant=tdca_like_legacy|win=2.5|delay=4|n_components=4
[15:37:49] [tdca-local-opt] repeat=2/5 candidate=118/480 variant=tdca_like_legacy|win=2.5|delay=5|n_components=2
[15:37:53] [tdca-local-opt] repeat=2/5 candidate=119/480 variant=tdca_like_legacy|win=2.5|delay=5|n_components=3
[15:37:58] [tdca-local-opt] repeat=2/5 candidate=120/480 variant=tdca_like_legacy|win=2.5|delay=5|n_components=4
[15:38:04] [tdca-local-opt] repeat=2/5 candidate=121/480 variant=tdca_like_legacy|win=3|delay=2|n_components=2
[15:38:07] [tdca-local-opt] repeat=2/5 candidate=122/480 variant=tdca_like_legacy|win=3|delay=2|n_components=3
[15:38:11] [tdca-local-opt] repeat=2/5 candidate=123/480 variant=tdca_like_legacy|win=3|delay=2|n_components=4
[15:38:15] [tdca-local-opt] repeat=2/5 candidate=124/480 variant=tdca_like_legacy|win=3|delay=3|n_components=2
[15:38:18] [tdca-local-opt] repeat=2/5 candidate=125/480 variant=tdca_like_legacy|win=3|delay=3|n_components=3
[15:38:22] [tdca-local-opt] repeat=2/5 candidate=126/480 variant=tdca_like_legacy|win=3|delay=3|n_components=4
[15:38:27] [tdca-local-opt] repeat=2/5 candidate=127/480 variant=tdca_like_legacy|win=3|delay=4|n_components=2
[15:38:30] [tdca-local-opt] repeat=2/5 candidate=128/480 variant=tdca_like_legacy|win=3|delay=4|n_components=3
[15:38:34] [tdca-local-opt] repeat=2/5 candidate=129/480 variant=tdca_like_legacy|win=3|delay=4|n_components=4
[15:38:39] [tdca-local-opt] repeat=2/5 candidate=130/480 variant=tdca_like_legacy|win=3|delay=5|n_components=2
[15:38:42] [tdca-local-opt] repeat=2/5 candidate=131/480 variant=tdca_like_legacy|win=3|delay=5|n_components=3
[15:38:46] [tdca-local-opt] repeat=2/5 candidate=132/480 variant=tdca_like_legacy|win=3|delay=5|n_components=4
[15:38:51] [tdca-local-opt] repeat=2/5 candidate=133/480 variant=tdca_like_legacy|win=3.5|delay=2|n_components=2
[15:38:54] [tdca-local-opt] repeat=2/5 candidate=134/480 variant=tdca_like_legacy|win=3.5|delay=2|n_components=3
[15:38:57] [tdca-local-opt] repeat=2/5 candidate=135/480 variant=tdca_like_legacy|win=3.5|delay=2|n_components=4
[15:39:01] [tdca-local-opt] repeat=2/5 candidate=136/480 variant=tdca_like_legacy|win=3.5|delay=3|n_components=2
[15:39:03] [tdca-local-opt] repeat=2/5 candidate=137/480 variant=tdca_like_legacy|win=3.5|delay=3|n_components=3
[15:39:06] [tdca-local-opt] repeat=2/5 candidate=138/480 variant=tdca_like_legacy|win=3.5|delay=3|n_components=4
[15:39:10] [tdca-local-opt] repeat=2/5 candidate=139/480 variant=tdca_like_legacy|win=3.5|delay=4|n_components=2
[15:39:13] [tdca-local-opt] repeat=2/5 candidate=140/480 variant=tdca_like_legacy|win=3.5|delay=4|n_components=3
[15:39:16] [tdca-local-opt] repeat=2/5 candidate=141/480 variant=tdca_like_legacy|win=3.5|delay=4|n_components=4
[15:39:20] [tdca-local-opt] repeat=2/5 candidate=142/480 variant=tdca_like_legacy|win=3.5|delay=5|n_components=2
[15:39:23] [tdca-local-opt] repeat=2/5 candidate=143/480 variant=tdca_like_legacy|win=3.5|delay=5|n_components=3
[15:39:26] [tdca-local-opt] repeat=2/5 candidate=144/480 variant=tdca_like_legacy|win=3.5|delay=5|n_components=4
[15:39:30] [tdca-local-opt] repeat=2/5 candidate=145/480 variant=tdca_paper_aligned|win=2|delay=2|n_components=2
[15:39:35] [tdca-local-opt] repeat=2/5 candidate=146/480 variant=tdca_paper_aligned|win=2|delay=2|n_components=3
[15:39:40] [tdca-local-opt] repeat=2/5 candidate=147/480 variant=tdca_paper_aligned|win=2|delay=2|n_components=4
[15:39:46] [tdca-local-opt] repeat=2/5 candidate=148/480 variant=tdca_paper_aligned|win=2|delay=3|n_components=2
[15:39:51] [tdca-local-opt] repeat=2/5 candidate=149/480 variant=tdca_paper_aligned|win=2|delay=3|n_components=3
[15:39:57] [tdca-local-opt] repeat=2/5 candidate=150/480 variant=tdca_paper_aligned|win=2|delay=3|n_components=4
[15:40:03] [tdca-local-opt] repeat=2/5 candidate=151/480 variant=tdca_paper_aligned|win=2|delay=4|n_components=2
[15:40:08] [tdca-local-opt] repeat=2/5 candidate=152/480 variant=tdca_paper_aligned|win=2|delay=4|n_components=3
[15:40:14] [tdca-local-opt] repeat=2/5 candidate=153/480 variant=tdca_paper_aligned|win=2|delay=4|n_components=4
[15:40:20] [tdca-local-opt] repeat=2/5 candidate=154/480 variant=tdca_paper_aligned|win=2|delay=5|n_components=2
[15:40:26] [tdca-local-opt] repeat=2/5 candidate=155/480 variant=tdca_paper_aligned|win=2|delay=5|n_components=3
[15:40:31] [tdca-local-opt] repeat=2/5 candidate=156/480 variant=tdca_paper_aligned|win=2|delay=5|n_components=4
[15:40:38] [tdca-local-opt] repeat=2/5 candidate=157/480 variant=tdca_paper_aligned|win=2.5|delay=2|n_components=2
[15:40:43] [tdca-local-opt] repeat=2/5 candidate=158/480 variant=tdca_paper_aligned|win=2.5|delay=2|n_components=3
[15:40:47] [tdca-local-opt] repeat=2/5 candidate=159/480 variant=tdca_paper_aligned|win=2.5|delay=2|n_components=4
[15:40:53] [tdca-local-opt] repeat=2/5 candidate=160/480 variant=tdca_paper_aligned|win=2.5|delay=3|n_components=2
[15:40:57] [tdca-local-opt] repeat=2/5 candidate=161/480 variant=tdca_paper_aligned|win=2.5|delay=3|n_components=3
[15:41:02] [tdca-local-opt] repeat=2/5 candidate=162/480 variant=tdca_paper_aligned|win=2.5|delay=3|n_components=4
[15:41:08] [tdca-local-opt] repeat=2/5 candidate=163/480 variant=tdca_paper_aligned|win=2.5|delay=4|n_components=2
[15:41:12] [tdca-local-opt] repeat=2/5 candidate=164/480 variant=tdca_paper_aligned|win=2.5|delay=4|n_components=3
[15:41:18] [tdca-local-opt] repeat=2/5 candidate=165/480 variant=tdca_paper_aligned|win=2.5|delay=4|n_components=4
[15:41:24] [tdca-local-opt] repeat=2/5 candidate=166/480 variant=tdca_paper_aligned|win=2.5|delay=5|n_components=2
[15:41:29] [tdca-local-opt] repeat=2/5 candidate=167/480 variant=tdca_paper_aligned|win=2.5|delay=5|n_components=3
[15:41:34] [tdca-local-opt] repeat=2/5 candidate=168/480 variant=tdca_paper_aligned|win=2.5|delay=5|n_components=4
[15:41:40] [tdca-local-opt] repeat=2/5 candidate=169/480 variant=tdca_paper_aligned|win=3|delay=2|n_components=2
[15:41:44] [tdca-local-opt] repeat=2/5 candidate=170/480 variant=tdca_paper_aligned|win=3|delay=2|n_components=3
[15:41:48] [tdca-local-opt] repeat=2/5 candidate=171/480 variant=tdca_paper_aligned|win=3|delay=2|n_components=4
[15:41:53] [tdca-local-opt] repeat=2/5 candidate=172/480 variant=tdca_paper_aligned|win=3|delay=3|n_components=2
[15:41:57] [tdca-local-opt] repeat=2/5 candidate=173/480 variant=tdca_paper_aligned|win=3|delay=3|n_components=3
[15:42:02] [tdca-local-opt] repeat=2/5 candidate=174/480 variant=tdca_paper_aligned|win=3|delay=3|n_components=4
[15:42:07] [tdca-local-opt] repeat=2/5 candidate=175/480 variant=tdca_paper_aligned|win=3|delay=4|n_components=2
[15:42:12] [tdca-local-opt] repeat=2/5 candidate=176/480 variant=tdca_paper_aligned|win=3|delay=4|n_components=3
[15:42:16] [tdca-local-opt] repeat=2/5 candidate=177/480 variant=tdca_paper_aligned|win=3|delay=4|n_components=4
[15:42:22] [tdca-local-opt] repeat=2/5 candidate=178/480 variant=tdca_paper_aligned|win=3|delay=5|n_components=2
[15:42:26] [tdca-local-opt] repeat=2/5 candidate=179/480 variant=tdca_paper_aligned|win=3|delay=5|n_components=3
[15:42:32] [tdca-local-opt] repeat=2/5 candidate=180/480 variant=tdca_paper_aligned|win=3|delay=5|n_components=4
[15:42:38] [tdca-local-opt] repeat=2/5 candidate=181/480 variant=tdca_paper_aligned|win=3.5|delay=2|n_components=2
[15:42:41] [tdca-local-opt] repeat=2/5 candidate=182/480 variant=tdca_paper_aligned|win=3.5|delay=2|n_components=3
[15:42:44] [tdca-local-opt] repeat=2/5 candidate=183/480 variant=tdca_paper_aligned|win=3.5|delay=2|n_components=4
[15:42:49] [tdca-local-opt] repeat=2/5 candidate=184/480 variant=tdca_paper_aligned|win=3.5|delay=3|n_components=2
[15:42:52] [tdca-local-opt] repeat=2/5 candidate=185/480 variant=tdca_paper_aligned|win=3.5|delay=3|n_components=3
[15:42:56] [tdca-local-opt] repeat=2/5 candidate=186/480 variant=tdca_paper_aligned|win=3.5|delay=3|n_components=4
[15:43:01] [tdca-local-opt] repeat=2/5 candidate=187/480 variant=tdca_paper_aligned|win=3.5|delay=4|n_components=2
[15:43:05] [tdca-local-opt] repeat=2/5 candidate=188/480 variant=tdca_paper_aligned|win=3.5|delay=4|n_components=3
[15:43:09] [tdca-local-opt] repeat=2/5 candidate=189/480 variant=tdca_paper_aligned|win=3.5|delay=4|n_components=4
[15:43:14] [tdca-local-opt] repeat=2/5 candidate=190/480 variant=tdca_paper_aligned|win=3.5|delay=5|n_components=2
[15:43:17] [tdca-local-opt] repeat=2/5 candidate=191/480 variant=tdca_paper_aligned|win=3.5|delay=5|n_components=3
[15:43:22] [tdca-local-opt] repeat=2/5 candidate=192/480 variant=tdca_paper_aligned|win=3.5|delay=5|n_components=4
[15:43:27] [tdca-local-opt] repeat=3/5 candidate=193/480 variant=tdca_like_legacy|win=2|delay=2|n_components=2
[15:43:30] [tdca-local-opt] repeat=3/5 candidate=194/480 variant=tdca_like_legacy|win=2|delay=2|n_components=3
[15:43:35] [tdca-local-opt] repeat=3/5 candidate=195/480 variant=tdca_like_legacy|win=2|delay=2|n_components=4
[15:43:41] [tdca-local-opt] repeat=3/5 candidate=196/480 variant=tdca_like_legacy|win=2|delay=3|n_components=2
[15:43:45] [tdca-local-opt] repeat=3/5 candidate=197/480 variant=tdca_like_legacy|win=2|delay=3|n_components=3
[15:43:50] [tdca-local-opt] repeat=3/5 candidate=198/480 variant=tdca_like_legacy|win=2|delay=3|n_components=4
[15:43:55] [tdca-local-opt] repeat=3/5 candidate=199/480 variant=tdca_like_legacy|win=2|delay=4|n_components=2
[15:43:59] [tdca-local-opt] repeat=3/5 candidate=200/480 variant=tdca_like_legacy|win=2|delay=4|n_components=3
[15:44:04] [tdca-local-opt] repeat=3/5 candidate=201/480 variant=tdca_like_legacy|win=2|delay=4|n_components=4
[15:44:10] [tdca-local-opt] repeat=3/5 candidate=202/480 variant=tdca_like_legacy|win=2|delay=5|n_components=2
[15:44:14] [tdca-local-opt] repeat=3/5 candidate=203/480 variant=tdca_like_legacy|win=2|delay=5|n_components=3
[15:44:19] [tdca-local-opt] repeat=3/5 candidate=204/480 variant=tdca_like_legacy|win=2|delay=5|n_components=4
[15:44:25] [tdca-local-opt] repeat=3/5 candidate=205/480 variant=tdca_like_legacy|win=2.5|delay=2|n_components=2
[15:44:29] [tdca-local-opt] repeat=3/5 candidate=206/480 variant=tdca_like_legacy|win=2.5|delay=2|n_components=3
[15:44:33] [tdca-local-opt] repeat=3/5 candidate=207/480 variant=tdca_like_legacy|win=2.5|delay=2|n_components=4
[15:44:38] [tdca-local-opt] repeat=3/5 candidate=208/480 variant=tdca_like_legacy|win=2.5|delay=3|n_components=2
[15:44:42] [tdca-local-opt] repeat=3/5 candidate=209/480 variant=tdca_like_legacy|win=2.5|delay=3|n_components=3
[15:44:47] [tdca-local-opt] repeat=3/5 candidate=210/480 variant=tdca_like_legacy|win=2.5|delay=3|n_components=4
[15:44:52] [tdca-local-opt] repeat=3/5 candidate=211/480 variant=tdca_like_legacy|win=2.5|delay=4|n_components=2
[15:44:56] [tdca-local-opt] repeat=3/5 candidate=212/480 variant=tdca_like_legacy|win=2.5|delay=4|n_components=3
[15:45:00] [tdca-local-opt] repeat=3/5 candidate=213/480 variant=tdca_like_legacy|win=2.5|delay=4|n_components=4
[15:45:05] [tdca-local-opt] repeat=3/5 candidate=214/480 variant=tdca_like_legacy|win=2.5|delay=5|n_components=2
[15:45:09] [tdca-local-opt] repeat=3/5 candidate=215/480 variant=tdca_like_legacy|win=2.5|delay=5|n_components=3
[15:45:14] [tdca-local-opt] repeat=3/5 candidate=216/480 variant=tdca_like_legacy|win=2.5|delay=5|n_components=4
[15:45:19] [tdca-local-opt] repeat=3/5 candidate=217/480 variant=tdca_like_legacy|win=3|delay=2|n_components=2
[15:45:22] [tdca-local-opt] repeat=3/5 candidate=218/480 variant=tdca_like_legacy|win=3|delay=2|n_components=3
[15:45:26] [tdca-local-opt] repeat=3/5 candidate=219/480 variant=tdca_like_legacy|win=3|delay=2|n_components=4
[15:45:30] [tdca-local-opt] repeat=3/5 candidate=220/480 variant=tdca_like_legacy|win=3|delay=3|n_components=2
[15:45:33] [tdca-local-opt] repeat=3/5 candidate=221/480 variant=tdca_like_legacy|win=3|delay=3|n_components=3
[15:45:37] [tdca-local-opt] repeat=3/5 candidate=222/480 variant=tdca_like_legacy|win=3|delay=3|n_components=4
[15:45:42] [tdca-local-opt] repeat=3/5 candidate=223/480 variant=tdca_like_legacy|win=3|delay=4|n_components=2
[15:45:45] [tdca-local-opt] repeat=3/5 candidate=224/480 variant=tdca_like_legacy|win=3|delay=4|n_components=3
[15:45:49] [tdca-local-opt] repeat=3/5 candidate=225/480 variant=tdca_like_legacy|win=3|delay=4|n_components=4
[15:45:53] [tdca-local-opt] repeat=3/5 candidate=226/480 variant=tdca_like_legacy|win=3|delay=5|n_components=2
[15:45:57] [tdca-local-opt] repeat=3/5 candidate=227/480 variant=tdca_like_legacy|win=3|delay=5|n_components=3
[15:46:01] [tdca-local-opt] repeat=3/5 candidate=228/480 variant=tdca_like_legacy|win=3|delay=5|n_components=4
[15:46:06] [tdca-local-opt] repeat=3/5 candidate=229/480 variant=tdca_like_legacy|win=3.5|delay=2|n_components=2
[15:46:08] [tdca-local-opt] repeat=3/5 candidate=230/480 variant=tdca_like_legacy|win=3.5|delay=2|n_components=3
[15:46:11] [tdca-local-opt] repeat=3/5 candidate=231/480 variant=tdca_like_legacy|win=3.5|delay=2|n_components=4
[15:46:15] [tdca-local-opt] repeat=3/5 candidate=232/480 variant=tdca_like_legacy|win=3.5|delay=3|n_components=2
[15:46:18] [tdca-local-opt] repeat=3/5 candidate=233/480 variant=tdca_like_legacy|win=3.5|delay=3|n_components=3
[15:46:21] [tdca-local-opt] repeat=3/5 candidate=234/480 variant=tdca_like_legacy|win=3.5|delay=3|n_components=4
[15:46:25] [tdca-local-opt] repeat=3/5 candidate=235/480 variant=tdca_like_legacy|win=3.5|delay=4|n_components=2
[15:46:28] [tdca-local-opt] repeat=3/5 candidate=236/480 variant=tdca_like_legacy|win=3.5|delay=4|n_components=3
[15:46:31] [tdca-local-opt] repeat=3/5 candidate=237/480 variant=tdca_like_legacy|win=3.5|delay=4|n_components=4
[15:46:35] [tdca-local-opt] repeat=3/5 candidate=238/480 variant=tdca_like_legacy|win=3.5|delay=5|n_components=2
[15:46:38] [tdca-local-opt] repeat=3/5 candidate=239/480 variant=tdca_like_legacy|win=3.5|delay=5|n_components=3
[15:46:41] [tdca-local-opt] repeat=3/5 candidate=240/480 variant=tdca_like_legacy|win=3.5|delay=5|n_components=4
[15:46:46] [tdca-local-opt] repeat=3/5 candidate=241/480 variant=tdca_paper_aligned|win=2|delay=2|n_components=2
[15:46:50] [tdca-local-opt] repeat=3/5 candidate=242/480 variant=tdca_paper_aligned|win=2|delay=2|n_components=3
[15:46:56] [tdca-local-opt] repeat=3/5 candidate=243/480 variant=tdca_paper_aligned|win=2|delay=2|n_components=4
[15:47:02] [tdca-local-opt] repeat=3/5 candidate=244/480 variant=tdca_paper_aligned|win=2|delay=3|n_components=2
[15:47:07] [tdca-local-opt] repeat=3/5 candidate=245/480 variant=tdca_paper_aligned|win=2|delay=3|n_components=3
[15:47:13] [tdca-local-opt] repeat=3/5 candidate=246/480 variant=tdca_paper_aligned|win=2|delay=3|n_components=4
[15:47:20] [tdca-local-opt] repeat=3/5 candidate=247/480 variant=tdca_paper_aligned|win=2|delay=4|n_components=2
[15:47:25] [tdca-local-opt] repeat=3/5 candidate=248/480 variant=tdca_paper_aligned|win=2|delay=4|n_components=3
[15:47:31] [tdca-local-opt] repeat=3/5 candidate=249/480 variant=tdca_paper_aligned|win=2|delay=4|n_components=4
[15:47:40] [tdca-local-opt] repeat=3/5 candidate=250/480 variant=tdca_paper_aligned|win=2|delay=5|n_components=2
[15:47:45] [tdca-local-opt] repeat=3/5 candidate=251/480 variant=tdca_paper_aligned|win=2|delay=5|n_components=3
[15:47:52] [tdca-local-opt] repeat=3/5 candidate=252/480 variant=tdca_paper_aligned|win=2|delay=5|n_components=4
[15:48:00] [tdca-local-opt] repeat=3/5 candidate=253/480 variant=tdca_paper_aligned|win=2.5|delay=2|n_components=2
[15:48:04] [tdca-local-opt] repeat=3/5 candidate=254/480 variant=tdca_paper_aligned|win=2.5|delay=2|n_components=3
[15:48:09] [tdca-local-opt] repeat=3/5 candidate=255/480 variant=tdca_paper_aligned|win=2.5|delay=2|n_components=4
[15:48:15] [tdca-local-opt] repeat=3/5 candidate=256/480 variant=tdca_paper_aligned|win=2.5|delay=3|n_components=2
[15:48:19] [tdca-local-opt] repeat=3/5 candidate=257/480 variant=tdca_paper_aligned|win=2.5|delay=3|n_components=3
[15:48:24] [tdca-local-opt] repeat=3/5 candidate=258/480 variant=tdca_paper_aligned|win=2.5|delay=3|n_components=4
[15:48:30] [tdca-local-opt] repeat=3/5 candidate=259/480 variant=tdca_paper_aligned|win=2.5|delay=4|n_components=2
[15:48:35] [tdca-local-opt] repeat=3/5 candidate=260/480 variant=tdca_paper_aligned|win=2.5|delay=4|n_components=3
[15:48:40] [tdca-local-opt] repeat=3/5 candidate=261/480 variant=tdca_paper_aligned|win=2.5|delay=4|n_components=4
[15:48:47] [tdca-local-opt] repeat=3/5 candidate=262/480 variant=tdca_paper_aligned|win=2.5|delay=5|n_components=2
[15:48:52] [tdca-local-opt] repeat=3/5 candidate=263/480 variant=tdca_paper_aligned|win=2.5|delay=5|n_components=3
[15:48:57] [tdca-local-opt] repeat=3/5 candidate=264/480 variant=tdca_paper_aligned|win=2.5|delay=5|n_components=4
[15:49:04] [tdca-local-opt] repeat=3/5 candidate=265/480 variant=tdca_paper_aligned|win=3|delay=2|n_components=2
[15:49:08] [tdca-local-opt] repeat=3/5 candidate=266/480 variant=tdca_paper_aligned|win=3|delay=2|n_components=3
[15:49:12] [tdca-local-opt] repeat=3/5 candidate=267/480 variant=tdca_paper_aligned|win=3|delay=2|n_components=4
[15:49:17] [tdca-local-opt] repeat=3/5 candidate=268/480 variant=tdca_paper_aligned|win=3|delay=3|n_components=2
[15:49:21] [tdca-local-opt] repeat=3/5 candidate=269/480 variant=tdca_paper_aligned|win=3|delay=3|n_components=3
[15:49:26] [tdca-local-opt] repeat=3/5 candidate=270/480 variant=tdca_paper_aligned|win=3|delay=3|n_components=4
[15:49:33] [tdca-local-opt] repeat=3/5 candidate=271/480 variant=tdca_paper_aligned|win=3|delay=4|n_components=2
[15:49:37] [tdca-local-opt] repeat=3/5 candidate=272/480 variant=tdca_paper_aligned|win=3|delay=4|n_components=3
[15:49:42] [tdca-local-opt] repeat=3/5 candidate=273/480 variant=tdca_paper_aligned|win=3|delay=4|n_components=4
[15:49:48] [tdca-local-opt] repeat=3/5 candidate=274/480 variant=tdca_paper_aligned|win=3|delay=5|n_components=2
[15:49:53] [tdca-local-opt] repeat=3/5 candidate=275/480 variant=tdca_paper_aligned|win=3|delay=5|n_components=3
[15:49:58] [tdca-local-opt] repeat=3/5 candidate=276/480 variant=tdca_paper_aligned|win=3|delay=5|n_components=4
[15:50:04] [tdca-local-opt] repeat=3/5 candidate=277/480 variant=tdca_paper_aligned|win=3.5|delay=2|n_components=2
[15:50:07] [tdca-local-opt] repeat=3/5 candidate=278/480 variant=tdca_paper_aligned|win=3.5|delay=2|n_components=3
[15:50:11] [tdca-local-opt] repeat=3/5 candidate=279/480 variant=tdca_paper_aligned|win=3.5|delay=2|n_components=4
[15:50:15] [tdca-local-opt] repeat=3/5 candidate=280/480 variant=tdca_paper_aligned|win=3.5|delay=3|n_components=2
[15:50:19] [tdca-local-opt] repeat=3/5 candidate=281/480 variant=tdca_paper_aligned|win=3.5|delay=3|n_components=3
[15:50:23] [tdca-local-opt] repeat=3/5 candidate=282/480 variant=tdca_paper_aligned|win=3.5|delay=3|n_components=4
[15:50:27] [tdca-local-opt] repeat=3/5 candidate=283/480 variant=tdca_paper_aligned|win=3.5|delay=4|n_components=2
[15:50:31] [tdca-local-opt] repeat=3/5 candidate=284/480 variant=tdca_paper_aligned|win=3.5|delay=4|n_components=3
[15:50:35] [tdca-local-opt] repeat=3/5 candidate=285/480 variant=tdca_paper_aligned|win=3.5|delay=4|n_components=4
[15:50:39] [tdca-local-opt] repeat=3/5 candidate=286/480 variant=tdca_paper_aligned|win=3.5|delay=5|n_components=2
[15:50:43] [tdca-local-opt] repeat=3/5 candidate=287/480 variant=tdca_paper_aligned|win=3.5|delay=5|n_components=3
[15:50:48] [tdca-local-opt] repeat=3/5 candidate=288/480 variant=tdca_paper_aligned|win=3.5|delay=5|n_components=4
[15:50:53] [tdca-local-opt] repeat=4/5 candidate=289/480 variant=tdca_like_legacy|win=2|delay=2|n_components=2
[15:50:57] [tdca-local-opt] repeat=4/5 candidate=290/480 variant=tdca_like_legacy|win=2|delay=2|n_components=3
[15:51:02] [tdca-local-opt] repeat=4/5 candidate=291/480 variant=tdca_like_legacy|win=2|delay=2|n_components=4
[15:51:08] [tdca-local-opt] repeat=4/5 candidate=292/480 variant=tdca_like_legacy|win=2|delay=3|n_components=2
[15:51:12] [tdca-local-opt] repeat=4/5 candidate=293/480 variant=tdca_like_legacy|win=2|delay=3|n_components=3
[15:51:17] [tdca-local-opt] repeat=4/5 candidate=294/480 variant=tdca_like_legacy|win=2|delay=3|n_components=4
[15:51:22] [tdca-local-opt] repeat=4/5 candidate=295/480 variant=tdca_like_legacy|win=2|delay=4|n_components=2
[15:51:27] [tdca-local-opt] repeat=4/5 candidate=296/480 variant=tdca_like_legacy|win=2|delay=4|n_components=3
[15:51:32] [tdca-local-opt] repeat=4/5 candidate=297/480 variant=tdca_like_legacy|win=2|delay=4|n_components=4
[15:51:38] [tdca-local-opt] repeat=4/5 candidate=298/480 variant=tdca_like_legacy|win=2|delay=5|n_components=2
[15:51:42] [tdca-local-opt] repeat=4/5 candidate=299/480 variant=tdca_like_legacy|win=2|delay=5|n_components=3
[15:51:47] [tdca-local-opt] repeat=4/5 candidate=300/480 variant=tdca_like_legacy|win=2|delay=5|n_components=4
[15:51:53] [tdca-local-opt] repeat=4/5 candidate=301/480 variant=tdca_like_legacy|win=2.5|delay=2|n_components=2
[15:51:57] [tdca-local-opt] repeat=4/5 candidate=302/480 variant=tdca_like_legacy|win=2.5|delay=2|n_components=3
[15:52:01] [tdca-local-opt] repeat=4/5 candidate=303/480 variant=tdca_like_legacy|win=2.5|delay=2|n_components=4
[15:52:07] [tdca-local-opt] repeat=4/5 candidate=304/480 variant=tdca_like_legacy|win=2.5|delay=3|n_components=2
[15:52:10] [tdca-local-opt] repeat=4/5 candidate=305/480 variant=tdca_like_legacy|win=2.5|delay=3|n_components=3
[15:52:15] [tdca-local-opt] repeat=4/5 candidate=306/480 variant=tdca_like_legacy|win=2.5|delay=3|n_components=4
[15:52:20] [tdca-local-opt] repeat=4/5 candidate=307/480 variant=tdca_like_legacy|win=2.5|delay=4|n_components=2
[15:52:24] [tdca-local-opt] repeat=4/5 candidate=308/480 variant=tdca_like_legacy|win=2.5|delay=4|n_components=3
[15:52:29] [tdca-local-opt] repeat=4/5 candidate=309/480 variant=tdca_like_legacy|win=2.5|delay=4|n_components=4
[15:52:34] [tdca-local-opt] repeat=4/5 candidate=310/480 variant=tdca_like_legacy|win=2.5|delay=5|n_components=2
[15:52:38] [tdca-local-opt] repeat=4/5 candidate=311/480 variant=tdca_like_legacy|win=2.5|delay=5|n_components=3
[15:52:43] [tdca-local-opt] repeat=4/5 candidate=312/480 variant=tdca_like_legacy|win=2.5|delay=5|n_components=4
[15:52:49] [tdca-local-opt] repeat=4/5 candidate=313/480 variant=tdca_like_legacy|win=3|delay=2|n_components=2
[15:52:52] [tdca-local-opt] repeat=4/5 candidate=314/480 variant=tdca_like_legacy|win=3|delay=2|n_components=3
[15:52:56] [tdca-local-opt] repeat=4/5 candidate=315/480 variant=tdca_like_legacy|win=3|delay=2|n_components=4
[15:53:01] [tdca-local-opt] repeat=4/5 candidate=316/480 variant=tdca_like_legacy|win=3|delay=3|n_components=2
[15:53:04] [tdca-local-opt] repeat=4/5 candidate=317/480 variant=tdca_like_legacy|win=3|delay=3|n_components=3
[15:53:08] [tdca-local-opt] repeat=4/5 candidate=318/480 variant=tdca_like_legacy|win=3|delay=3|n_components=4
[15:53:13] [tdca-local-opt] repeat=4/5 candidate=319/480 variant=tdca_like_legacy|win=3|delay=4|n_components=2
[15:53:16] [tdca-local-opt] repeat=4/5 candidate=320/480 variant=tdca_like_legacy|win=3|delay=4|n_components=3
[15:53:20] [tdca-local-opt] repeat=4/5 candidate=321/480 variant=tdca_like_legacy|win=3|delay=4|n_components=4
[15:53:25] [tdca-local-opt] repeat=4/5 candidate=322/480 variant=tdca_like_legacy|win=3|delay=5|n_components=2
[15:53:29] [tdca-local-opt] repeat=4/5 candidate=323/480 variant=tdca_like_legacy|win=3|delay=5|n_components=3
[15:53:33] [tdca-local-opt] repeat=4/5 candidate=324/480 variant=tdca_like_legacy|win=3|delay=5|n_components=4
[15:53:38] [tdca-local-opt] repeat=4/5 candidate=325/480 variant=tdca_like_legacy|win=3.5|delay=2|n_components=2
[15:53:41] [tdca-local-opt] repeat=4/5 candidate=326/480 variant=tdca_like_legacy|win=3.5|delay=2|n_components=3
[15:53:44] [tdca-local-opt] repeat=4/5 candidate=327/480 variant=tdca_like_legacy|win=3.5|delay=2|n_components=4
[15:53:48] [tdca-local-opt] repeat=4/5 candidate=328/480 variant=tdca_like_legacy|win=3.5|delay=3|n_components=2
[15:53:51] [tdca-local-opt] repeat=4/5 candidate=329/480 variant=tdca_like_legacy|win=3.5|delay=3|n_components=3
[15:53:54] [tdca-local-opt] repeat=4/5 candidate=330/480 variant=tdca_like_legacy|win=3.5|delay=3|n_components=4
[15:53:58] [tdca-local-opt] repeat=4/5 candidate=331/480 variant=tdca_like_legacy|win=3.5|delay=4|n_components=2
[15:54:01] [tdca-local-opt] repeat=4/5 candidate=332/480 variant=tdca_like_legacy|win=3.5|delay=4|n_components=3
[15:54:05] [tdca-local-opt] repeat=4/5 candidate=333/480 variant=tdca_like_legacy|win=3.5|delay=4|n_components=4
[15:54:09] [tdca-local-opt] repeat=4/5 candidate=334/480 variant=tdca_like_legacy|win=3.5|delay=5|n_components=2
[15:54:12] [tdca-local-opt] repeat=4/5 candidate=335/480 variant=tdca_like_legacy|win=3.5|delay=5|n_components=3
[15:54:15] [tdca-local-opt] repeat=4/5 candidate=336/480 variant=tdca_like_legacy|win=3.5|delay=5|n_components=4
[15:54:20] [tdca-local-opt] repeat=4/5 candidate=337/480 variant=tdca_paper_aligned|win=2|delay=2|n_components=2
[15:54:25] [tdca-local-opt] repeat=4/5 candidate=338/480 variant=tdca_paper_aligned|win=2|delay=2|n_components=3
[15:54:30] [tdca-local-opt] repeat=4/5 candidate=339/480 variant=tdca_paper_aligned|win=2|delay=2|n_components=4
[15:54:37] [tdca-local-opt] repeat=4/5 candidate=340/480 variant=tdca_paper_aligned|win=2|delay=3|n_components=2
[15:54:43] [tdca-local-opt] repeat=4/5 candidate=341/480 variant=tdca_paper_aligned|win=2|delay=3|n_components=3
[15:54:49] [tdca-local-opt] repeat=4/5 candidate=342/480 variant=tdca_paper_aligned|win=2|delay=3|n_components=4
[15:54:56] [tdca-local-opt] repeat=4/5 candidate=343/480 variant=tdca_paper_aligned|win=2|delay=4|n_components=2
[15:55:01] [tdca-local-opt] repeat=4/5 candidate=344/480 variant=tdca_paper_aligned|win=2|delay=4|n_components=3
[15:55:08] [tdca-local-opt] repeat=4/5 candidate=345/480 variant=tdca_paper_aligned|win=2|delay=4|n_components=4
[15:55:15] [tdca-local-opt] repeat=4/5 candidate=346/480 variant=tdca_paper_aligned|win=2|delay=5|n_components=2
[15:55:20] [tdca-local-opt] repeat=4/5 candidate=347/480 variant=tdca_paper_aligned|win=2|delay=5|n_components=3
[15:55:27] [tdca-local-opt] repeat=4/5 candidate=348/480 variant=tdca_paper_aligned|win=2|delay=5|n_components=4
[15:55:35] [tdca-local-opt] repeat=4/5 candidate=349/480 variant=tdca_paper_aligned|win=2.5|delay=2|n_components=2
[15:55:40] [tdca-local-opt] repeat=4/5 candidate=350/480 variant=tdca_paper_aligned|win=2.5|delay=2|n_components=3
[15:55:45] [tdca-local-opt] repeat=4/5 candidate=351/480 variant=tdca_paper_aligned|win=2.5|delay=2|n_components=4
[15:55:51] [tdca-local-opt] repeat=4/5 candidate=352/480 variant=tdca_paper_aligned|win=2.5|delay=3|n_components=2
[15:55:55] [tdca-local-opt] repeat=4/5 candidate=353/480 variant=tdca_paper_aligned|win=2.5|delay=3|n_components=3
[15:56:01] [tdca-local-opt] repeat=4/5 candidate=354/480 variant=tdca_paper_aligned|win=2.5|delay=3|n_components=4
[15:56:07] [tdca-local-opt] repeat=4/5 candidate=355/480 variant=tdca_paper_aligned|win=2.5|delay=4|n_components=2
[15:56:12] [tdca-local-opt] repeat=4/5 candidate=356/480 variant=tdca_paper_aligned|win=2.5|delay=4|n_components=3
[15:56:18] [tdca-local-opt] repeat=4/5 candidate=357/480 variant=tdca_paper_aligned|win=2.5|delay=4|n_components=4
[15:56:24] [tdca-local-opt] repeat=4/5 candidate=358/480 variant=tdca_paper_aligned|win=2.5|delay=5|n_components=2
[15:56:30] [tdca-local-opt] repeat=4/5 candidate=359/480 variant=tdca_paper_aligned|win=2.5|delay=5|n_components=3
[15:56:35] [tdca-local-opt] repeat=4/5 candidate=360/480 variant=tdca_paper_aligned|win=2.5|delay=5|n_components=4
[15:56:42] [tdca-local-opt] repeat=4/5 candidate=361/480 variant=tdca_paper_aligned|win=3|delay=2|n_components=2
[15:56:46] [tdca-local-opt] repeat=4/5 candidate=362/480 variant=tdca_paper_aligned|win=3|delay=2|n_components=3
[15:56:51] [tdca-local-opt] repeat=4/5 candidate=363/480 variant=tdca_paper_aligned|win=3|delay=2|n_components=4
[15:56:56] [tdca-local-opt] repeat=4/5 candidate=364/480 variant=tdca_paper_aligned|win=3|delay=3|n_components=2
[15:57:00] [tdca-local-opt] repeat=4/5 candidate=365/480 variant=tdca_paper_aligned|win=3|delay=3|n_components=3
[15:57:05] [tdca-local-opt] repeat=4/5 candidate=366/480 variant=tdca_paper_aligned|win=3|delay=3|n_components=4
[15:57:10] [tdca-local-opt] repeat=4/5 candidate=367/480 variant=tdca_paper_aligned|win=3|delay=4|n_components=2
[15:57:15] [tdca-local-opt] repeat=4/5 candidate=368/480 variant=tdca_paper_aligned|win=3|delay=4|n_components=3
[15:57:20] [tdca-local-opt] repeat=4/5 candidate=369/480 variant=tdca_paper_aligned|win=3|delay=4|n_components=4
[15:57:26] [tdca-local-opt] repeat=4/5 candidate=370/480 variant=tdca_paper_aligned|win=3|delay=5|n_components=2
[15:57:30] [tdca-local-opt] repeat=4/5 candidate=371/480 variant=tdca_paper_aligned|win=3|delay=5|n_components=3
[15:57:36] [tdca-local-opt] repeat=4/5 candidate=372/480 variant=tdca_paper_aligned|win=3|delay=5|n_components=4
[15:57:42] [tdca-local-opt] repeat=4/5 candidate=373/480 variant=tdca_paper_aligned|win=3.5|delay=2|n_components=2
[15:57:45] [tdca-local-opt] repeat=4/5 candidate=374/480 variant=tdca_paper_aligned|win=3.5|delay=2|n_components=3
[15:57:49] [tdca-local-opt] repeat=4/5 candidate=375/480 variant=tdca_paper_aligned|win=3.5|delay=2|n_components=4
[15:57:54] [tdca-local-opt] repeat=4/5 candidate=376/480 variant=tdca_paper_aligned|win=3.5|delay=3|n_components=2
[15:57:57] [tdca-local-opt] repeat=4/5 candidate=377/480 variant=tdca_paper_aligned|win=3.5|delay=3|n_components=3
[15:58:01] [tdca-local-opt] repeat=4/5 candidate=378/480 variant=tdca_paper_aligned|win=3.5|delay=3|n_components=4
[15:58:06] [tdca-local-opt] repeat=4/5 candidate=379/480 variant=tdca_paper_aligned|win=3.5|delay=4|n_components=2
[15:58:10] [tdca-local-opt] repeat=4/5 candidate=380/480 variant=tdca_paper_aligned|win=3.5|delay=4|n_components=3
[15:58:14] [tdca-local-opt] repeat=4/5 candidate=381/480 variant=tdca_paper_aligned|win=3.5|delay=4|n_components=4
[15:58:19] [tdca-local-opt] repeat=4/5 candidate=382/480 variant=tdca_paper_aligned|win=3.5|delay=5|n_components=2
[15:58:23] [tdca-local-opt] repeat=4/5 candidate=383/480 variant=tdca_paper_aligned|win=3.5|delay=5|n_components=3
[15:58:28] [tdca-local-opt] repeat=4/5 candidate=384/480 variant=tdca_paper_aligned|win=3.5|delay=5|n_components=4
