[00:44:49] [tdca-local-opt] report directory prepared: D:\brain\brain_code\02_SSVEP\artifacts\runs\tdca-local-opt\20260416\run_20260416_004449_tdca-local-opt
[00:44:49] [tdca-local-opt] compute backend prepared: requested=cpu effective=cpu
[00:45:24] [tdca-local-opt] repeat=1/5 candidate=1/65 variant=tdca_like_legacy|win=2|delay=2|n_components=2
[00:45:28] [tdca-local-opt] repeat=1/5 candidate=2/65 variant=tdca_like_legacy|win=2|delay=3|n_components=2
[00:45:33] [tdca-local-opt] repeat=1/5 candidate=3/65 variant=tdca_like_legacy|win=2|delay=4|n_components=2
[00:45:37] [tdca-local-opt] repeat=1/5 candidate=4/65 variant=tdca_like_legacy|win=2.5|delay=2|n_components=2
[00:45:41] [tdca-local-opt] repeat=1/5 candidate=5/65 variant=tdca_like_legacy|win=2.5|delay=3|n_components=2
[00:45:45] [tdca-local-opt] repeat=1/5 candidate=6/65 variant=tdca_like_legacy|win=2.5|delay=4|n_components=2
[00:45:49] [tdca-local-opt] repeat=1/5 candidate=7/65 variant=tdca_like_legacy|win=3|delay=2|n_components=2
[00:45:53] [tdca-local-opt] repeat=1/5 candidate=8/65 variant=tdca_like_legacy|win=3|delay=3|n_components=2
[00:45:56] [tdca-local-opt] repeat=1/5 candidate=9/65 variant=tdca_like_legacy|win=3|delay=4|n_components=2
[00:46:00] [tdca-local-opt] repeat=1/5 candidate=10/65 variant=tdca_paper_aligned|win=3|delay=3|n_components=2
[00:46:04] [tdca-local-opt] repeat=1/5 candidate=11/65 variant=tdca_paper_aligned|win=3|delay=4|n_components=2
[00:46:08] [tdca-local-opt] repeat=1/5 candidate=12/65 variant=tdca_paper_aligned|win=3.5|delay=3|n_components=2
[00:46:11] [tdca-local-opt] repeat=1/5 candidate=13/65 variant=tdca_paper_aligned|win=3.5|delay=4|n_components=2
[00:46:15] [tdca-local-opt] repeat=2/5 candidate=14/65 variant=tdca_like_legacy|win=2|delay=2|n_components=2
[00:46:20] [tdca-local-opt] repeat=2/5 candidate=15/65 variant=tdca_like_legacy|win=2|delay=3|n_components=2
[00:46:24] [tdca-local-opt] repeat=2/5 candidate=16/65 variant=tdca_like_legacy|win=2|delay=4|n_components=2
[00:46:28] [tdca-local-opt] repeat=2/5 candidate=17/65 variant=tdca_like_legacy|win=2.5|delay=2|n_components=2
[00:46:32] [tdca-local-opt] repeat=2/5 candidate=18/65 variant=tdca_like_legacy|win=2.5|delay=3|n_components=2
[00:46:36] [tdca-local-opt] repeat=2/5 candidate=19/65 variant=tdca_like_legacy|win=2.5|delay=4|n_components=2
[00:46:40] [tdca-local-opt] repeat=2/5 candidate=20/65 variant=tdca_like_legacy|win=3|delay=2|n_components=2
[00:46:44] [tdca-local-opt] repeat=2/5 candidate=21/65 variant=tdca_like_legacy|win=3|delay=3|n_components=2
[00:46:47] [tdca-local-opt] repeat=2/5 candidate=22/65 variant=tdca_like_legacy|win=3|delay=4|n_components=2
[00:46:51] [tdca-local-opt] repeat=2/5 candidate=23/65 variant=tdca_paper_aligned|win=3|delay=3|n_components=2
[00:46:55] [tdca-local-opt] repeat=2/5 candidate=24/65 variant=tdca_paper_aligned|win=3|delay=4|n_components=2
[00:46:59] [tdca-local-opt] repeat=2/5 candidate=25/65 variant=tdca_paper_aligned|win=3.5|delay=3|n_components=2
[00:47:03] [tdca-local-opt] repeat=2/5 candidate=26/65 variant=tdca_paper_aligned|win=3.5|delay=4|n_components=2
[00:47:07] [tdca-local-opt] repeat=3/5 candidate=27/65 variant=tdca_like_legacy|win=2|delay=2|n_components=2
[00:47:11] [tdca-local-opt] repeat=3/5 candidate=28/65 variant=tdca_like_legacy|win=2|delay=3|n_components=2
[00:47:15] [tdca-local-opt] repeat=3/5 candidate=29/65 variant=tdca_like_legacy|win=2|delay=4|n_components=2
[00:47:20] [tdca-local-opt] repeat=3/5 candidate=30/65 variant=tdca_like_legacy|win=2.5|delay=2|n_components=2
[00:47:24] [tdca-local-opt] repeat=3/5 candidate=31/65 variant=tdca_like_legacy|win=2.5|delay=3|n_components=2
[00:47:28] [tdca-local-opt] repeat=3/5 candidate=32/65 variant=tdca_like_legacy|win=2.5|delay=4|n_components=2
[00:47:32] [tdca-local-opt] repeat=3/5 candidate=33/65 variant=tdca_like_legacy|win=3|delay=2|n_components=2
[00:47:35] [tdca-local-opt] repeat=3/5 candidate=34/65 variant=tdca_like_legacy|win=3|delay=3|n_components=2
[00:47:38] [tdca-local-opt] repeat=3/5 candidate=35/65 variant=tdca_like_legacy|win=3|delay=4|n_components=2
[00:47:42] [tdca-local-opt] repeat=3/5 candidate=36/65 variant=tdca_paper_aligned|win=3|delay=3|n_components=2
[00:47:46] [tdca-local-opt] repeat=3/5 candidate=37/65 variant=tdca_paper_aligned|win=3|delay=4|n_components=2
[00:47:50] [tdca-local-opt] repeat=3/5 candidate=38/65 variant=tdca_paper_aligned|win=3.5|delay=3|n_components=2
[00:47:54] [tdca-local-opt] repeat=3/5 candidate=39/65 variant=tdca_paper_aligned|win=3.5|delay=4|n_components=2
[00:47:58] [tdca-local-opt] repeat=4/5 candidate=40/65 variant=tdca_like_legacy|win=2|delay=2|n_components=2
[00:48:02] [tdca-local-opt] repeat=4/5 candidate=41/65 variant=tdca_like_legacy|win=2|delay=3|n_components=2
[00:48:07] [tdca-local-opt] repeat=4/5 candidate=42/65 variant=tdca_like_legacy|win=2|delay=4|n_components=2
[00:48:11] [tdca-local-opt] repeat=4/5 candidate=43/65 variant=tdca_like_legacy|win=2.5|delay=2|n_components=2
[00:48:15] [tdca-local-opt] repeat=4/5 candidate=44/65 variant=tdca_like_legacy|win=2.5|delay=3|n_components=2
[00:48:19] [tdca-local-opt] repeat=4/5 candidate=45/65 variant=tdca_like_legacy|win=2.5|delay=4|n_components=2
[00:48:23] [tdca-local-opt] repeat=4/5 candidate=46/65 variant=tdca_like_legacy|win=3|delay=2|n_components=2
[00:48:27] [tdca-local-opt] repeat=4/5 candidate=47/65 variant=tdca_like_legacy|win=3|delay=3|n_components=2
[00:48:30] [tdca-local-opt] repeat=4/5 candidate=48/65 variant=tdca_like_legacy|win=3|delay=4|n_components=2
[00:48:34] [tdca-local-opt] repeat=4/5 candidate=49/65 variant=tdca_paper_aligned|win=3|delay=3|n_components=2
[00:48:38] [tdca-local-opt] repeat=4/5 candidate=50/65 variant=tdca_paper_aligned|win=3|delay=4|n_components=2
[00:48:42] [tdca-local-opt] repeat=4/5 candidate=51/65 variant=tdca_paper_aligned|win=3.5|delay=3|n_components=2
[00:48:46] [tdca-local-opt] repeat=4/5 candidate=52/65 variant=tdca_paper_aligned|win=3.5|delay=4|n_components=2
[00:48:50] [tdca-local-opt] repeat=5/5 candidate=53/65 variant=tdca_like_legacy|win=2|delay=2|n_components=2
[00:48:54] [tdca-local-opt] repeat=5/5 candidate=54/65 variant=tdca_like_legacy|win=2|delay=3|n_components=2
[00:48:59] [tdca-local-opt] repeat=5/5 candidate=55/65 variant=tdca_like_legacy|win=2|delay=4|n_components=2
[00:49:03] [tdca-local-opt] repeat=5/5 candidate=56/65 variant=tdca_like_legacy|win=2.5|delay=2|n_components=2
[00:49:07] [tdca-local-opt] repeat=5/5 candidate=57/65 variant=tdca_like_legacy|win=2.5|delay=3|n_components=2
[00:49:12] [tdca-local-opt] repeat=5/5 candidate=58/65 variant=tdca_like_legacy|win=2.5|delay=4|n_components=2
[00:49:16] [tdca-local-opt] repeat=5/5 candidate=59/65 variant=tdca_like_legacy|win=3|delay=2|n_components=2
[00:49:20] [tdca-local-opt] repeat=5/5 candidate=60/65 variant=tdca_like_legacy|win=3|delay=3|n_components=2
[00:49:24] [tdca-local-opt] repeat=5/5 candidate=61/65 variant=tdca_like_legacy|win=3|delay=4|n_components=2
[00:49:27] [tdca-local-opt] repeat=5/5 candidate=62/65 variant=tdca_paper_aligned|win=3|delay=3|n_components=2
[00:49:31] [tdca-local-opt] repeat=5/5 candidate=63/65 variant=tdca_paper_aligned|win=3|delay=4|n_components=2
[00:49:36] [tdca-local-opt] repeat=5/5 candidate=64/65 variant=tdca_paper_aligned|win=3.5|delay=3|n_components=2
[00:49:40] [tdca-local-opt] repeat=5/5 candidate=65/65 variant=tdca_paper_aligned|win=3.5|delay=4|n_components=2
[00:51:17] [tdca-local-opt] report saved: D:\brain\brain_code\02_SSVEP\artifacts\runs\tdca-local-opt\20260416\run_20260416_004449_tdca-local-opt\report.json
[00:51:17] [tdca-local-opt] profile saved: D:\brain\brain_code\02_SSVEP\artifacts\runs\tdca-local-opt\20260416\run_20260416_004449_tdca-local-opt\default_profile.json
