[08:33:42] [tdca-local-opt] report directory prepared: D:\brain\brain_code\02_SSVEP\artifacts\runs\local\tdca-local-opt\20260416\run_20260416_083342_tdca-local-opt
[08:33:43] [tdca-local-opt] compute backend prepared: requested=auto effective=cuda
[08:35:05] [tdca-local-opt] repeat=1/5 candidate=1/130 variant=tdca_like_legacy|win=2|delay=2|n_components=2|confidence=global_correctness_logistic
[08:35:18] [tdca-local-opt] repeat=1/5 candidate=2/130 variant=tdca_like_legacy|win=2|delay=3|n_components=2|confidence=global_correctness_logistic
[08:35:30] [tdca-local-opt] repeat=1/5 candidate=3/130 variant=tdca_like_legacy|win=2|delay=4|n_components=2|confidence=global_correctness_logistic
[08:35:41] [tdca-local-opt] repeat=1/5 candidate=4/130 variant=tdca_like_legacy|win=2.5|delay=2|n_components=2|confidence=global_correctness_logistic
[08:35:51] [tdca-local-opt] repeat=1/5 candidate=5/130 variant=tdca_like_legacy|win=2.5|delay=3|n_components=2|confidence=global_correctness_logistic
[08:36:02] [tdca-local-opt] repeat=1/5 candidate=6/130 variant=tdca_like_legacy|win=2.5|delay=4|n_components=2|confidence=global_correctness_logistic
[08:36:12] [tdca-local-opt] repeat=1/5 candidate=7/130 variant=tdca_like_legacy|win=3|delay=2|n_components=2|confidence=global_correctness_logistic
[08:36:20] [tdca-local-opt] repeat=1/5 candidate=8/130 variant=tdca_like_legacy|win=3|delay=3|n_components=2|confidence=global_correctness_logistic
[08:36:30] [tdca-local-opt] repeat=1/5 candidate=9/130 variant=tdca_like_legacy|win=3|delay=4|n_components=2|confidence=global_correctness_logistic
[08:36:38] [tdca-local-opt] repeat=1/5 candidate=10/130 variant=tdca_like_legacy|win=2|delay=2|n_components=2|confidence=bayesian_gap_gmm
[08:36:50] [tdca-local-opt] repeat=1/5 candidate=11/130 variant=tdca_like_legacy|win=2|delay=3|n_components=2|confidence=bayesian_gap_gmm
[08:37:03] [tdca-local-opt] repeat=1/5 candidate=12/130 variant=tdca_like_legacy|win=2|delay=4|n_components=2|confidence=bayesian_gap_gmm
[08:37:14] [tdca-local-opt] repeat=1/5 candidate=13/130 variant=tdca_like_legacy|win=2.5|delay=2|n_components=2|confidence=bayesian_gap_gmm
[08:37:25] [tdca-local-opt] repeat=1/5 candidate=14/130 variant=tdca_like_legacy|win=2.5|delay=3|n_components=2|confidence=bayesian_gap_gmm
[08:37:36] [tdca-local-opt] repeat=1/5 candidate=15/130 variant=tdca_like_legacy|win=2.5|delay=4|n_components=2|confidence=bayesian_gap_gmm
[08:37:47] [tdca-local-opt] repeat=1/5 candidate=16/130 variant=tdca_like_legacy|win=3|delay=2|n_components=2|confidence=bayesian_gap_gmm
[08:37:56] [tdca-local-opt] repeat=1/5 candidate=17/130 variant=tdca_like_legacy|win=3|delay=3|n_components=2|confidence=bayesian_gap_gmm
[08:38:05] [tdca-local-opt] repeat=1/5 candidate=18/130 variant=tdca_like_legacy|win=3|delay=4|n_components=2|confidence=bayesian_gap_gmm
[08:38:14] [tdca-local-opt] repeat=1/5 candidate=19/130 variant=tdca_paper_aligned|win=3|delay=3|n_components=2|confidence=global_correctness_logistic
[08:38:23] [tdca-local-opt] repeat=1/5 candidate=20/130 variant=tdca_paper_aligned|win=3|delay=4|n_components=2|confidence=global_correctness_logistic
[08:38:32] [tdca-local-opt] repeat=1/5 candidate=21/130 variant=tdca_paper_aligned|win=3.5|delay=3|n_components=2|confidence=global_correctness_logistic
[08:38:40] [tdca-local-opt] repeat=1/5 candidate=22/130 variant=tdca_paper_aligned|win=3.5|delay=4|n_components=2|confidence=global_correctness_logistic
[08:38:48] [tdca-local-opt] repeat=1/5 candidate=23/130 variant=tdca_paper_aligned|win=3|delay=3|n_components=2|confidence=bayesian_gap_gmm
[08:38:57] [tdca-local-opt] repeat=1/5 candidate=24/130 variant=tdca_paper_aligned|win=3|delay=4|n_components=2|confidence=bayesian_gap_gmm
[08:39:06] [tdca-local-opt] repeat=1/5 candidate=25/130 variant=tdca_paper_aligned|win=3.5|delay=3|n_components=2|confidence=bayesian_gap_gmm
[08:39:14] [tdca-local-opt] repeat=1/5 candidate=26/130 variant=tdca_paper_aligned|win=3.5|delay=4|n_components=2|confidence=bayesian_gap_gmm
[08:39:21] [tdca-local-opt] repeat=2/5 candidate=27/130 variant=tdca_like_legacy|win=2|delay=2|n_components=2|confidence=global_correctness_logistic
[08:39:33] [tdca-local-opt] repeat=2/5 candidate=28/130 variant=tdca_like_legacy|win=2|delay=3|n_components=2|confidence=global_correctness_logistic
[08:39:45] [tdca-local-opt] repeat=2/5 candidate=29/130 variant=tdca_like_legacy|win=2|delay=4|n_components=2|confidence=global_correctness_logistic
[08:39:57] [tdca-local-opt] repeat=2/5 candidate=30/130 variant=tdca_like_legacy|win=2.5|delay=2|n_components=2|confidence=global_correctness_logistic
[08:40:08] [tdca-local-opt] repeat=2/5 candidate=31/130 variant=tdca_like_legacy|win=2.5|delay=3|n_components=2|confidence=global_correctness_logistic
[08:40:18] [tdca-local-opt] repeat=2/5 candidate=32/130 variant=tdca_like_legacy|win=2.5|delay=4|n_components=2|confidence=global_correctness_logistic
[08:40:29] [tdca-local-opt] repeat=2/5 candidate=33/130 variant=tdca_like_legacy|win=3|delay=2|n_components=2|confidence=global_correctness_logistic
[08:40:38] [tdca-local-opt] repeat=2/5 candidate=34/130 variant=tdca_like_legacy|win=3|delay=3|n_components=2|confidence=global_correctness_logistic
[08:40:47] [tdca-local-opt] repeat=2/5 candidate=35/130 variant=tdca_like_legacy|win=3|delay=4|n_components=2|confidence=global_correctness_logistic
[08:40:56] [tdca-local-opt] repeat=2/5 candidate=36/130 variant=tdca_like_legacy|win=2|delay=2|n_components=2|confidence=bayesian_gap_gmm
[08:41:08] [tdca-local-opt] repeat=2/5 candidate=37/130 variant=tdca_like_legacy|win=2|delay=3|n_components=2|confidence=bayesian_gap_gmm
[08:41:20] [tdca-local-opt] repeat=2/5 candidate=38/130 variant=tdca_like_legacy|win=2|delay=4|n_components=2|confidence=bayesian_gap_gmm
[08:41:32] [tdca-local-opt] repeat=2/5 candidate=39/130 variant=tdca_like_legacy|win=2.5|delay=2|n_components=2|confidence=bayesian_gap_gmm
[08:41:42] [tdca-local-opt] repeat=2/5 candidate=40/130 variant=tdca_like_legacy|win=2.5|delay=3|n_components=2|confidence=bayesian_gap_gmm
[08:41:53] [tdca-local-opt] repeat=2/5 candidate=41/130 variant=tdca_like_legacy|win=2.5|delay=4|n_components=2|confidence=bayesian_gap_gmm
[08:42:03] [tdca-local-opt] repeat=2/5 candidate=42/130 variant=tdca_like_legacy|win=3|delay=2|n_components=2|confidence=bayesian_gap_gmm
[08:42:12] [tdca-local-opt] repeat=2/5 candidate=43/130 variant=tdca_like_legacy|win=3|delay=3|n_components=2|confidence=bayesian_gap_gmm
[08:42:21] [tdca-local-opt] repeat=2/5 candidate=44/130 variant=tdca_like_legacy|win=3|delay=4|n_components=2|confidence=bayesian_gap_gmm
[08:42:30] [tdca-local-opt] repeat=2/5 candidate=45/130 variant=tdca_paper_aligned|win=3|delay=3|n_components=2|confidence=global_correctness_logistic
[08:42:39] [tdca-local-opt] repeat=2/5 candidate=46/130 variant=tdca_paper_aligned|win=3|delay=4|n_components=2|confidence=global_correctness_logistic
[08:42:49] [tdca-local-opt] repeat=2/5 candidate=47/130 variant=tdca_paper_aligned|win=3.5|delay=3|n_components=2|confidence=global_correctness_logistic
[08:42:56] [tdca-local-opt] repeat=2/5 candidate=48/130 variant=tdca_paper_aligned|win=3.5|delay=4|n_components=2|confidence=global_correctness_logistic
[08:43:04] [tdca-local-opt] repeat=2/5 candidate=49/130 variant=tdca_paper_aligned|win=3|delay=3|n_components=2|confidence=bayesian_gap_gmm
[08:43:13] [tdca-local-opt] repeat=2/5 candidate=50/130 variant=tdca_paper_aligned|win=3|delay=4|n_components=2|confidence=bayesian_gap_gmm
[08:43:23] [tdca-local-opt] repeat=2/5 candidate=51/130 variant=tdca_paper_aligned|win=3.5|delay=3|n_components=2|confidence=bayesian_gap_gmm
[08:43:30] [tdca-local-opt] repeat=2/5 candidate=52/130 variant=tdca_paper_aligned|win=3.5|delay=4|n_components=2|confidence=bayesian_gap_gmm
[08:43:38] [tdca-local-opt] repeat=3/5 candidate=53/130 variant=tdca_like_legacy|win=2|delay=2|n_components=2|confidence=global_correctness_logistic
[08:43:50] [tdca-local-opt] repeat=3/5 candidate=54/130 variant=tdca_like_legacy|win=2|delay=3|n_components=2|confidence=global_correctness_logistic
[08:44:01] [tdca-local-opt] repeat=3/5 candidate=55/130 variant=tdca_like_legacy|win=2|delay=4|n_components=2|confidence=global_correctness_logistic
[08:44:13] [tdca-local-opt] repeat=3/5 candidate=56/130 variant=tdca_like_legacy|win=2.5|delay=2|n_components=2|confidence=global_correctness_logistic
[08:44:24] [tdca-local-opt] repeat=3/5 candidate=57/130 variant=tdca_like_legacy|win=2.5|delay=3|n_components=2|confidence=global_correctness_logistic
[08:44:34] [tdca-local-opt] repeat=3/5 candidate=58/130 variant=tdca_like_legacy|win=2.5|delay=4|n_components=2|confidence=global_correctness_logistic
[08:44:45] [tdca-local-opt] repeat=3/5 candidate=59/130 variant=tdca_like_legacy|win=3|delay=2|n_components=2|confidence=global_correctness_logistic
[08:44:54] [tdca-local-opt] repeat=3/5 candidate=60/130 variant=tdca_like_legacy|win=3|delay=3|n_components=2|confidence=global_correctness_logistic
[08:45:02] [tdca-local-opt] repeat=3/5 candidate=61/130 variant=tdca_like_legacy|win=3|delay=4|n_components=2|confidence=global_correctness_logistic
[08:45:11] [tdca-local-opt] repeat=3/5 candidate=62/130 variant=tdca_like_legacy|win=2|delay=2|n_components=2|confidence=bayesian_gap_gmm
[08:45:23] [tdca-local-opt] repeat=3/5 candidate=63/130 variant=tdca_like_legacy|win=2|delay=3|n_components=2|confidence=bayesian_gap_gmm
[08:45:35] [tdca-local-opt] repeat=3/5 candidate=64/130 variant=tdca_like_legacy|win=2|delay=4|n_components=2|confidence=bayesian_gap_gmm
[08:45:46] [tdca-local-opt] repeat=3/5 candidate=65/130 variant=tdca_like_legacy|win=2.5|delay=2|n_components=2|confidence=bayesian_gap_gmm
[08:45:57] [tdca-local-opt] repeat=3/5 candidate=66/130 variant=tdca_like_legacy|win=2.5|delay=3|n_components=2|confidence=bayesian_gap_gmm
[08:46:07] [tdca-local-opt] repeat=3/5 candidate=67/130 variant=tdca_like_legacy|win=2.5|delay=4|n_components=2|confidence=bayesian_gap_gmm
[08:46:17] [tdca-local-opt] repeat=3/5 candidate=68/130 variant=tdca_like_legacy|win=3|delay=2|n_components=2|confidence=bayesian_gap_gmm
[08:46:26] [tdca-local-opt] repeat=3/5 candidate=69/130 variant=tdca_like_legacy|win=3|delay=3|n_components=2|confidence=bayesian_gap_gmm
[08:46:34] [tdca-local-opt] repeat=3/5 candidate=70/130 variant=tdca_like_legacy|win=3|delay=4|n_components=2|confidence=bayesian_gap_gmm
[08:46:43] [tdca-local-opt] repeat=3/5 candidate=71/130 variant=tdca_paper_aligned|win=3|delay=3|n_components=2|confidence=global_correctness_logistic
[08:46:52] [tdca-local-opt] repeat=3/5 candidate=72/130 variant=tdca_paper_aligned|win=3|delay=4|n_components=2|confidence=global_correctness_logistic
[08:47:01] [tdca-local-opt] repeat=3/5 candidate=73/130 variant=tdca_paper_aligned|win=3.5|delay=3|n_components=2|confidence=global_correctness_logistic
[08:47:08] [tdca-local-opt] repeat=3/5 candidate=74/130 variant=tdca_paper_aligned|win=3.5|delay=4|n_components=2|confidence=global_correctness_logistic
[08:47:17] [tdca-local-opt] repeat=3/5 candidate=75/130 variant=tdca_paper_aligned|win=3|delay=3|n_components=2|confidence=bayesian_gap_gmm
[08:47:26] [tdca-local-opt] repeat=3/5 candidate=76/130 variant=tdca_paper_aligned|win=3|delay=4|n_components=2|confidence=bayesian_gap_gmm
[08:47:35] [tdca-local-opt] repeat=3/5 candidate=77/130 variant=tdca_paper_aligned|win=3.5|delay=3|n_components=2|confidence=bayesian_gap_gmm
[08:47:43] [tdca-local-opt] repeat=3/5 candidate=78/130 variant=tdca_paper_aligned|win=3.5|delay=4|n_components=2|confidence=bayesian_gap_gmm
[08:47:50] [tdca-local-opt] repeat=4/5 candidate=79/130 variant=tdca_like_legacy|win=2|delay=2|n_components=2|confidence=global_correctness_logistic
[08:48:01] [tdca-local-opt] repeat=4/5 candidate=80/130 variant=tdca_like_legacy|win=2|delay=3|n_components=2|confidence=global_correctness_logistic
[08:48:13] [tdca-local-opt] repeat=4/5 candidate=81/130 variant=tdca_like_legacy|win=2|delay=4|n_components=2|confidence=global_correctness_logistic
[08:48:25] [tdca-local-opt] repeat=4/5 candidate=82/130 variant=tdca_like_legacy|win=2.5|delay=2|n_components=2|confidence=global_correctness_logistic
[08:48:35] [tdca-local-opt] repeat=4/5 candidate=83/130 variant=tdca_like_legacy|win=2.5|delay=3|n_components=2|confidence=global_correctness_logistic
[08:48:45] [tdca-local-opt] repeat=4/5 candidate=84/130 variant=tdca_like_legacy|win=2.5|delay=4|n_components=2|confidence=global_correctness_logistic
[08:48:55] [tdca-local-opt] repeat=4/5 candidate=85/130 variant=tdca_like_legacy|win=3|delay=2|n_components=2|confidence=global_correctness_logistic
[08:49:03] [tdca-local-opt] repeat=4/5 candidate=86/130 variant=tdca_like_legacy|win=3|delay=3|n_components=2|confidence=global_correctness_logistic
[08:49:12] [tdca-local-opt] repeat=4/5 candidate=87/130 variant=tdca_like_legacy|win=3|delay=4|n_components=2|confidence=global_correctness_logistic
[08:49:21] [tdca-local-opt] repeat=4/5 candidate=88/130 variant=tdca_like_legacy|win=2|delay=2|n_components=2|confidence=bayesian_gap_gmm
[08:49:32] [tdca-local-opt] repeat=4/5 candidate=89/130 variant=tdca_like_legacy|win=2|delay=3|n_components=2|confidence=bayesian_gap_gmm
[08:49:44] [tdca-local-opt] repeat=4/5 candidate=90/130 variant=tdca_like_legacy|win=2|delay=4|n_components=2|confidence=bayesian_gap_gmm
[08:49:55] [tdca-local-opt] repeat=4/5 candidate=91/130 variant=tdca_like_legacy|win=2.5|delay=2|n_components=2|confidence=bayesian_gap_gmm
[08:50:05] [tdca-local-opt] repeat=4/5 candidate=92/130 variant=tdca_like_legacy|win=2.5|delay=3|n_components=2|confidence=bayesian_gap_gmm
[08:50:15] [tdca-local-opt] repeat=4/5 candidate=93/130 variant=tdca_like_legacy|win=2.5|delay=4|n_components=2|confidence=bayesian_gap_gmm
[08:50:25] [tdca-local-opt] repeat=4/5 candidate=94/130 variant=tdca_like_legacy|win=3|delay=2|n_components=2|confidence=bayesian_gap_gmm
[08:50:34] [tdca-local-opt] repeat=4/5 candidate=95/130 variant=tdca_like_legacy|win=3|delay=3|n_components=2|confidence=bayesian_gap_gmm
[08:50:42] [tdca-local-opt] repeat=4/5 candidate=96/130 variant=tdca_like_legacy|win=3|delay=4|n_components=2|confidence=bayesian_gap_gmm
[08:50:51] [tdca-local-opt] repeat=4/5 candidate=97/130 variant=tdca_paper_aligned|win=3|delay=3|n_components=2|confidence=global_correctness_logistic
[08:51:00] [tdca-local-opt] repeat=4/5 candidate=98/130 variant=tdca_paper_aligned|win=3|delay=4|n_components=2|confidence=global_correctness_logistic
[08:51:10] [tdca-local-opt] repeat=4/5 candidate=99/130 variant=tdca_paper_aligned|win=3.5|delay=3|n_components=2|confidence=global_correctness_logistic
[08:51:17] [tdca-local-opt] repeat=4/5 candidate=100/130 variant=tdca_paper_aligned|win=3.5|delay=4|n_components=2|confidence=global_correctness_logistic
[08:51:25] [tdca-local-opt] repeat=4/5 candidate=101/130 variant=tdca_paper_aligned|win=3|delay=3|n_components=2|confidence=bayesian_gap_gmm
[08:51:33] [tdca-local-opt] repeat=4/5 candidate=102/130 variant=tdca_paper_aligned|win=3|delay=4|n_components=2|confidence=bayesian_gap_gmm
[08:51:43] [tdca-local-opt] repeat=4/5 candidate=103/130 variant=tdca_paper_aligned|win=3.5|delay=3|n_components=2|confidence=bayesian_gap_gmm
[08:51:50] [tdca-local-opt] repeat=4/5 candidate=104/130 variant=tdca_paper_aligned|win=3.5|delay=4|n_components=2|confidence=bayesian_gap_gmm
[08:51:58] [tdca-local-opt] repeat=5/5 candidate=105/130 variant=tdca_like_legacy|win=2|delay=2|n_components=2|confidence=global_correctness_logistic
[08:52:10] [tdca-local-opt] repeat=5/5 candidate=106/130 variant=tdca_like_legacy|win=2|delay=3|n_components=2|confidence=global_correctness_logistic
[08:52:21] [tdca-local-opt] repeat=5/5 candidate=107/130 variant=tdca_like_legacy|win=2|delay=4|n_components=2|confidence=global_correctness_logistic
[08:52:33] [tdca-local-opt] repeat=5/5 candidate=108/130 variant=tdca_like_legacy|win=2.5|delay=2|n_components=2|confidence=global_correctness_logistic
[08:52:43] [tdca-local-opt] repeat=5/5 candidate=109/130 variant=tdca_like_legacy|win=2.5|delay=3|n_components=2|confidence=global_correctness_logistic
[08:52:53] [tdca-local-opt] repeat=5/5 candidate=110/130 variant=tdca_like_legacy|win=2.5|delay=4|n_components=2|confidence=global_correctness_logistic
[08:53:03] [tdca-local-opt] repeat=5/5 candidate=111/130 variant=tdca_like_legacy|win=3|delay=2|n_components=2|confidence=global_correctness_logistic
[08:53:12] [tdca-local-opt] repeat=5/5 candidate=112/130 variant=tdca_like_legacy|win=3|delay=3|n_components=2|confidence=global_correctness_logistic
[08:53:21] [tdca-local-opt] repeat=5/5 candidate=113/130 variant=tdca_like_legacy|win=3|delay=4|n_components=2|confidence=global_correctness_logistic
[08:53:30] [tdca-local-opt] repeat=5/5 candidate=114/130 variant=tdca_like_legacy|win=2|delay=2|n_components=2|confidence=bayesian_gap_gmm
[08:53:41] [tdca-local-opt] repeat=5/5 candidate=115/130 variant=tdca_like_legacy|win=2|delay=3|n_components=2|confidence=bayesian_gap_gmm
[08:53:53] [tdca-local-opt] repeat=5/5 candidate=116/130 variant=tdca_like_legacy|win=2|delay=4|n_components=2|confidence=bayesian_gap_gmm
[08:54:05] [tdca-local-opt] repeat=5/5 candidate=117/130 variant=tdca_like_legacy|win=2.5|delay=2|n_components=2|confidence=bayesian_gap_gmm
[08:54:15] [tdca-local-opt] repeat=5/5 candidate=118/130 variant=tdca_like_legacy|win=2.5|delay=3|n_components=2|confidence=bayesian_gap_gmm
[08:54:25] [tdca-local-opt] repeat=5/5 candidate=119/130 variant=tdca_like_legacy|win=2.5|delay=4|n_components=2|confidence=bayesian_gap_gmm
[08:54:35] [tdca-local-opt] repeat=5/5 candidate=120/130 variant=tdca_like_legacy|win=3|delay=2|n_components=2|confidence=bayesian_gap_gmm
[08:54:44] [tdca-local-opt] repeat=5/5 candidate=121/130 variant=tdca_like_legacy|win=3|delay=3|n_components=2|confidence=bayesian_gap_gmm
[08:54:53] [tdca-local-opt] repeat=5/5 candidate=122/130 variant=tdca_like_legacy|win=3|delay=4|n_components=2|confidence=bayesian_gap_gmm
[08:55:01] [tdca-local-opt] repeat=5/5 candidate=123/130 variant=tdca_paper_aligned|win=3|delay=3|n_components=2|confidence=global_correctness_logistic
[08:55:10] [tdca-local-opt] repeat=5/5 candidate=124/130 variant=tdca_paper_aligned|win=3|delay=4|n_components=2|confidence=global_correctness_logistic
[08:55:19] [tdca-local-opt] repeat=5/5 candidate=125/130 variant=tdca_paper_aligned|win=3.5|delay=3|n_components=2|confidence=global_correctness_logistic
[08:55:27] [tdca-local-opt] repeat=5/5 candidate=126/130 variant=tdca_paper_aligned|win=3.5|delay=4|n_components=2|confidence=global_correctness_logistic
[08:55:34] [tdca-local-opt] repeat=5/5 candidate=127/130 variant=tdca_paper_aligned|win=3|delay=3|n_components=2|confidence=bayesian_gap_gmm
[08:55:43] [tdca-local-opt] repeat=5/5 candidate=128/130 variant=tdca_paper_aligned|win=3|delay=4|n_components=2|confidence=bayesian_gap_gmm
[08:55:52] [tdca-local-opt] repeat=5/5 candidate=129/130 variant=tdca_paper_aligned|win=3.5|delay=3|n_components=2|confidence=bayesian_gap_gmm
[08:56:00] [tdca-local-opt] repeat=5/5 candidate=130/130 variant=tdca_paper_aligned|win=3.5|delay=4|n_components=2|confidence=bayesian_gap_gmm
[09:00:39] [tdca-local-opt] report saved: D:\brain\brain_code\02_SSVEP\artifacts\runs\local\tdca-local-opt\20260416\run_20260416_083342_tdca-local-opt\report.json
[09:00:39] [tdca-local-opt] profile saved: D:\brain\brain_code\02_SSVEP\artifacts\runs\local\tdca-local-opt\20260416\run_20260416_083342_tdca-local-opt\default_profile.json
